09:18:01 **** Incremental Build of configuration Default for project RT-STM32F407-DISCOVERY-uHttp ****
make all 
Compiling uhttpd.c
../../../demos/STM32/RT-STM32F407-DISCOVERY-uHttp/uhttp-1.1/uhttpd.c: In function 'CgiClock':
../../../demos/STM32/RT-STM32F407-DISCOVERY-uHttp/uhttp-1.1/uhttpd.c:203:2: warning: #warning Unknown OS, sleep missing [-Wcpp]
 #warning Unknown OS, sleep missing
  ^
../../../demos/STM32/RT-STM32F407-DISCOVERY-uHttp/uhttp-1.1/uhttpd.c: In function 'HttpAuthValidateAll':
../../../demos/STM32/RT-STM32F407-DISCOVERY-uHttp/uhttp-1.1/uhttpd.c:227:47: warning: unused parameter 'req' [-Wunused-parameter]
 static int HttpAuthValidateAll(HTTPD_SESSION *req)
                                               ^
../../../demos/STM32/RT-STM32F407-DISCOVERY-uHttp/uhttp-1.1/uhttpd.c: In function 'HttpLocationRedirNone':
../../../demos/STM32/RT-STM32F407-DISCOVERY-uHttp/uhttp-1.1/uhttpd.c:232:49: warning: unused parameter 'hs' [-Wunused-parameter]
 static int HttpLocationRedirNone(HTTPD_SESSION *hs)
                                                 ^
../../../demos/STM32/RT-STM32F407-DISCOVERY-uHttp/uhttp-1.1/uhttpd.c: In function 'HttpTask':
../../../demos/STM32/RT-STM32F407-DISCOVERY-uHttp/uhttp-1.1/uhttpd.c:664:4: warning: implicit declaration of function 'HttpRegisterRedir' [-Wimplicit-function-declaration]
    HttpRegisterRedir("", "/index.html", 301);
    ^
../../../demos/STM32/RT-STM32F407-DISCOVERY-uHttp/uhttp-1.1/uhttpd.c: At top level:
../../../demos/STM32/RT-STM32F407-DISCOVERY-uHttp/uhttp-1.1/uhttpd.c:134:12: warning: 'CgiGetForm' defined but not used [-Wunused-function]
 static int CgiGetForm(HTTPD_SESSION *hs)
            ^
../../../demos/STM32/RT-STM32F407-DISCOVERY-uHttp/uhttp-1.1/uhttpd.c:159:12: warning: 'CgiPostForm' defined but not used [-Wunused-function]
 static int CgiPostForm(HTTPD_SESSION *hs)
            ^
../../../demos/STM32/RT-STM32F407-DISCOVERY-uHttp/uhttp-1.1/uhttpd.c:193:12: warning: 'CgiClock' defined but not used [-Wunused-function]
 static int CgiClock(HTTPD_SESSION *hs)
            ^
Linking build/ch.elf
Creating build/ch.hex
Creating build/ch.bin
Creating build/ch.dmp

   text	   data	    bss	    dec	    hex	filename
 614824	   3340	  42760	 660924	  a15bc	build/ch.elf
Creating build/ch.list

Done

09:18:11 Build Finished (took 10s.148ms)

