Archive member included because of file (symbol)

c:/program files/gnu tools arm embedded/4.9 2014q4/bin/../lib/gcc/arm-none-eabi/4.9.3/armv7e-m\libgcc.a(_aeabi_uldivmod.o)
                              build/obj/bignum.o (__aeabi_uldivmod)
c:/program files/gnu tools arm embedded/4.9 2014q4/bin/../lib/gcc/arm-none-eabi/4.9.3/armv7e-m\libgcc.a(bpabi.o)
                              c:/program files/gnu tools arm embedded/4.9 2014q4/bin/../lib/gcc/arm-none-eabi/4.9.3/armv7e-m\libgcc.a(_aeabi_uldivmod.o) (__gnu_uldivmod_helper)
c:/program files/gnu tools arm embedded/4.9 2014q4/bin/../lib/gcc/arm-none-eabi/4.9.3/armv7e-m\libgcc.a(_dvmd_tls.o)
                              c:/program files/gnu tools arm embedded/4.9 2014q4/bin/../lib/gcc/arm-none-eabi/4.9.3/armv7e-m\libgcc.a(_aeabi_uldivmod.o) (__aeabi_ldiv0)
c:/program files/gnu tools arm embedded/4.9 2014q4/bin/../lib/gcc/arm-none-eabi/4.9.3/armv7e-m\libgcc.a(_divdi3.o)
                              c:/program files/gnu tools arm embedded/4.9 2014q4/bin/../lib/gcc/arm-none-eabi/4.9.3/armv7e-m\libgcc.a(bpabi.o) (__divdi3)
c:/program files/gnu tools arm embedded/4.9 2014q4/bin/../lib/gcc/arm-none-eabi/4.9.3/armv7e-m\libgcc.a(_udivdi3.o)
                              c:/program files/gnu tools arm embedded/4.9 2014q4/bin/../lib/gcc/arm-none-eabi/4.9.3/armv7e-m\libgcc.a(bpabi.o) (__udivdi3)
c:/program files/gnu tools arm embedded/4.9 2014q4/bin/../lib/gcc/arm-none-eabi/4.9.3/../../../../arm-none-eabi/lib/armv7e-m\libg.a(lib_a-atoi.o)
                              build/obj/streamio.o (atoi)
c:/program files/gnu tools arm embedded/4.9 2014q4/bin/../lib/gcc/arm-none-eabi/4.9.3/../../../../arm-none-eabi/lib/armv7e-m\libg.a(lib_a-atol.o)
                              build/obj/uhttpd.o (atol)
c:/program files/gnu tools arm embedded/4.9 2014q4/bin/../lib/gcc/arm-none-eabi/4.9.3/../../../../arm-none-eabi/lib/armv7e-m\libg.a(lib_a-calloc.o)
                              build/obj/io.o (calloc)
c:/program files/gnu tools arm embedded/4.9 2014q4/bin/../lib/gcc/arm-none-eabi/4.9.3/../../../../arm-none-eabi/lib/armv7e-m\libg.a(lib_a-callocr.o)
                              c:/program files/gnu tools arm embedded/4.9 2014q4/bin/../lib/gcc/arm-none-eabi/4.9.3/../../../../arm-none-eabi/lib/armv7e-m\libg.a(lib_a-calloc.o) (_calloc_r)
c:/program files/gnu tools arm embedded/4.9 2014q4/bin/../lib/gcc/arm-none-eabi/4.9.3/../../../../arm-none-eabi/lib/armv7e-m\libg.a(lib_a-errno.o)
                              build/obj/net.o (__errno)
c:/program files/gnu tools arm embedded/4.9 2014q4/bin/../lib/gcc/arm-none-eabi/4.9.3/../../../../arm-none-eabi/lib/armv7e-m\libg.a(lib_a-fclose.o)
                              build/obj/md5.o (fclose)
c:/program files/gnu tools arm embedded/4.9 2014q4/bin/../lib/gcc/arm-none-eabi/4.9.3/../../../../arm-none-eabi/lib/armv7e-m\libg.a(lib_a-fflush.o)
                              c:/program files/gnu tools arm embedded/4.9 2014q4/bin/../lib/gcc/arm-none-eabi/4.9.3/../../../../arm-none-eabi/lib/armv7e-m\libg.a(lib_a-fclose.o) (__sflush_r)
c:/program files/gnu tools arm embedded/4.9 2014q4/bin/../lib/gcc/arm-none-eabi/4.9.3/../../../../arm-none-eabi/lib/armv7e-m\libg.a(lib_a-fgets.o)
                              build/obj/bignum.o (fgets)
c:/program files/gnu tools arm embedded/4.9 2014q4/bin/../lib/gcc/arm-none-eabi/4.9.3/../../../../arm-none-eabi/lib/armv7e-m\libg.a(lib_a-findfp.o)
                              c:/program files/gnu tools arm embedded/4.9 2014q4/bin/../lib/gcc/arm-none-eabi/4.9.3/../../../../arm-none-eabi/lib/armv7e-m\libg.a(lib_a-fclose.o) (__sinit)
c:/program files/gnu tools arm embedded/4.9 2014q4/bin/../lib/gcc/arm-none-eabi/4.9.3/../../../../arm-none-eabi/lib/armv7e-m\libg.a(lib_a-fopen.o)
                              build/obj/md5.o (fopen)
c:/program files/gnu tools arm embedded/4.9 2014q4/bin/../lib/gcc/arm-none-eabi/4.9.3/../../../../arm-none-eabi/lib/armv7e-m\libg.a(lib_a-fread.o)
                              build/obj/md5.o (fread)
c:/program files/gnu tools arm embedded/4.9 2014q4/bin/../lib/gcc/arm-none-eabi/4.9.3/../../../../arm-none-eabi/lib/armv7e-m\libg.a(lib_a-freer.o)
                              c:/program files/gnu tools arm embedded/4.9 2014q4/bin/../lib/gcc/arm-none-eabi/4.9.3/../../../../arm-none-eabi/lib/armv7e-m\libg.a(lib_a-fclose.o) (_free_r)
c:/program files/gnu tools arm embedded/4.9 2014q4/bin/../lib/gcc/arm-none-eabi/4.9.3/../../../../arm-none-eabi/lib/armv7e-m\libg.a(lib_a-fseek.o)
                              c:/program files/gnu tools arm embedded/4.9 2014q4/bin/../lib/gcc/arm-none-eabi/4.9.3/../../../../arm-none-eabi/lib/armv7e-m\libg.a(lib_a-fopen.o) (_fseek_r)
c:/program files/gnu tools arm embedded/4.9 2014q4/bin/../lib/gcc/arm-none-eabi/4.9.3/../../../../arm-none-eabi/lib/armv7e-m\libg.a(lib_a-fseeko.o)
                              c:/program files/gnu tools arm embedded/4.9 2014q4/bin/../lib/gcc/arm-none-eabi/4.9.3/../../../../arm-none-eabi/lib/armv7e-m\libg.a(lib_a-fseek.o) (_fseeko_r)
[...]
Memory Configuration

Name             Origin             Length             Attributes
flash            0x08000000         0x00100000
ram0             0x20000000         0x00020000
ram1             0x20000000         0x0001c000
ram2             0x2001c000         0x00004000
ram3             0x00000000         0x00000000
ram4             0x10000000         0x00010000
ram5             0x40024000         0x00001000
ram6             0x00000000         0x00000000
ram7             0x00000000         0x00000000
*default*        0x00000000         0xffffffff

Linker script and memory map

LOAD build/obj/crt0_v7m.o
LOAD build/obj/chcoreasm_v7m.o
LOAD build/obj/crt1.o
LOAD build/obj/vectors.o
LOAD build/obj/chsys.o
LOAD build/obj/chdebug.o
LOAD build/obj/chvt.o
LOAD build/obj/chschd.o
LOAD build/obj/chthreads.o
LOAD build/obj/chtm.o
LOAD build/obj/chdynamic.o
LOAD build/obj/chregistry.o
LOAD build/obj/chsem.o
LOAD build/obj/chmtx.o
LOAD build/obj/chcond.o
LOAD build/obj/chevents.o
LOAD build/obj/chmsg.o
LOAD build/obj/chmboxes.o
LOAD build/obj/chqueues.o
LOAD build/obj/chmemcore.o
LOAD build/obj/chheap.o
LOAD build/obj/chmempools.o
LOAD build/obj/chcore.o
LOAD build/obj/chcore_v7m.o
LOAD build/obj/osal.o
LOAD build/obj/hal.o
LOAD build/obj/st.o
LOAD build/obj/hal_queues.o
LOAD build/obj/hal_mmcsd.o
LOAD build/obj/mac.o
LOAD build/obj/pal.o
LOAD build/obj/rtc.o
LOAD build/obj/serial.o
LOAD build/obj/uart.o
LOAD build/obj/nvic.o
LOAD build/obj/stm32_dma.o
LOAD build/obj/hal_lld.o
LOAD build/obj/st_lld.o
LOAD build/obj/mac_lld.o
LOAD build/obj/pal_lld.o
LOAD build/obj/rtc_lld.o
LOAD build/obj/serial_lld.o
LOAD build/obj/uart_lld.o
LOAD build/obj/board.o
LOAD build/obj/test.o
LOAD build/obj/testthd.o
LOAD build/obj/testsem.o
LOAD build/obj/testmtx.o
LOAD build/obj/testmsg.o
LOAD build/obj/testmbox.o
LOAD build/obj/testevt.o
LOAD build/obj/testheap.o
LOAD build/obj/testpools.o
LOAD build/obj/testdyn.o
LOAD build/obj/testqueues.o
LOAD build/obj/testsys.o
LOAD build/obj/testbmk.o
LOAD build/obj/lwipthread.o
LOAD build/obj/sys_arch.o
LOAD build/obj/etharp.o
LOAD build/obj/dhcp.o
LOAD build/obj/dns.o
LOAD build/obj/init.o
LOAD build/obj/mem.o
LOAD build/obj/memp.o
LOAD build/obj/netif.o
LOAD build/obj/pbuf.o
LOAD build/obj/raw.o
LOAD build/obj/stats.o
LOAD build/obj/sys.o
LOAD build/obj/tcp.o
LOAD build/obj/tcp_in.o
LOAD build/obj/tcp_out.o
LOAD build/obj/udp.o
LOAD build/obj/autoip.o
LOAD build/obj/icmp.o
LOAD build/obj/igmp.o
LOAD build/obj/inet.o
LOAD build/obj/inet_chksum.o
LOAD build/obj/ip.o
LOAD build/obj/ip_addr.o
LOAD build/obj/ip_frag.o
LOAD build/obj/def.o
LOAD build/obj/timers.o
LOAD build/obj/api_lib.o
LOAD build/obj/api_msg.o
LOAD build/obj/err.o
LOAD build/obj/netbuf.o
LOAD build/obj/netdb.o
LOAD build/obj/netifapi.o
LOAD build/obj/sockets.o
LOAD build/obj/tcpip.o
LOAD build/obj/memory_buffer_alloc.o
LOAD build/obj/net.o
LOAD build/obj/timing.o
LOAD build/obj/asn1parse.o
LOAD build/obj/asn1write.o
LOAD build/obj/certs.o
LOAD build/obj/rsa.o
LOAD build/obj/bignum.o
LOAD build/obj/pem.o
LOAD build/obj/md.o
LOAD build/obj/md_wrap.o
LOAD build/obj/md5.o
LOAD build/obj/des.o
LOAD build/obj/aes.o
LOAD build/obj/base64.o
LOAD build/obj/pkcs5.o
LOAD build/obj/pkcs12.o
LOAD build/obj/pk.o
LOAD build/obj/pk_wrap.o
LOAD build/obj/pkparse.o
LOAD build/obj/cipher.o
LOAD build/obj/arc4.o
LOAD build/obj/sha1.o
LOAD build/obj/sha256.o
LOAD build/obj/sha512.o
LOAD build/obj/camellia.o
LOAD build/obj/blowfish.o
LOAD build/obj/cipher_wrap.o
LOAD build/obj/entropy.o
LOAD build/obj/x509_crt.o
LOAD build/obj/x509.o
LOAD build/obj/ctr_drbg.o
LOAD build/obj/entropy_poll.o
LOAD build/obj/ssl_cli.o
LOAD build/obj/ssl_srv.o
LOAD build/obj/ssl_cache.o
LOAD build/obj/ssl_tls.o
LOAD build/obj/ssl_ciphersuites.o
LOAD build/obj/debug.o
LOAD build/obj/dhm.o
LOAD build/obj/error.o
LOAD build/obj/oid.o
LOAD build/obj/gcm.o
LOAD build/obj/ccm.o
LOAD build/obj/ecdh.o
LOAD build/obj/ecdsa.o
LOAD build/obj/ecp.o
LOAD build/obj/ecp_curves.o
LOAD build/obj/ripemd160.o
LOAD build/obj/hmac_drbg.o
LOAD build/obj/threading.o
LOAD build/obj/mediatypes.o
LOAD build/obj/uhttpd.o
LOAD build/obj/utils.o
LOAD build/obj/mtinit.o
LOAD build/obj/responses.o
LOAD build/obj/io.o
LOAD build/obj/htdocs.o
LOAD build/obj/mtreg.o
LOAD build/obj/mod_cgi_func.o
LOAD build/obj/mod_redir.o
LOAD build/obj/streamio.o
LOAD build/obj/evtimer.o
LOAD build/obj/syscalls.o
LOAD build/obj/chprintf.o
LOAD build/obj/ITM_trace.o
LOAD build/obj/main.o
                0x20000000                __ram0_start__ = ORIGIN (ram0)
                0x00020000                __ram0_size__ = 0x20000
                0x20020000                __ram0_end__ = (__ram0_start__ + __ram0_size__)
                0x20000000                __ram1_start__ = ORIGIN (ram1)
                0x0001c000                __ram1_size__ = 0x1c000
                0x2001c000                __ram1_end__ = (__ram1_start__ + __ram1_size__)
                0x2001c000                __ram2_start__ = ORIGIN (ram2)
                0x00004000                __ram2_size__ = 0x4000
                0x20020000                __ram2_end__ = (__ram2_start__ + __ram2_size__)
                0x00000000                __ram3_start__ = ORIGIN (ram3)
                0x00000000                __ram3_size__ = 0x0
                0x00000000                __ram3_end__ = (__ram3_start__ + __ram3_size__)
                0x10000000                __ram4_start__ = ORIGIN (ram4)
                0x00010000                __ram4_size__ = 0x10000
                0x10010000                __ram4_end__ = (__ram4_start__ + __ram4_size__)
                0x40024000                __ram5_start__ = ORIGIN (ram5)
                0x00001000                __ram5_size__ = 0x1000
                0x40025000                __ram5_end__ = (__ram5_start__ + __ram5_size__)
                0x00000000                __ram6_start__ = ORIGIN (ram6)
                0x00000000                __ram6_size__ = 0x0
                0x00000000                __ram6_end__ = (__ram6_start__ + __ram6_size__)
                0x00000000                __ram7_start__ = ORIGIN (ram7)
                0x00000000                __ram7_size__ = 0x0
                0x00000000                __ram7_end__ = (__ram7_start__ + __ram7_size__)
                0x00000000                . = 0x0
                0x00000000                _text = .

startup         0x08000000      0x1c0
 *(.vectors)
 .vectors       0x08000000      0x1c0 build/obj/vectors.o
                0x08000000                _vectors

constructors    0x080001c0        0x0
                0x080001c0                PROVIDE (__init_array_start, .)
 *(SORT(.init_array.*))
 *(.init_array)
                0x080001c0                PROVIDE (__init_array_end, .)

destructors     0x080001c0        0x0
                0x080001c0                PROVIDE (__fini_array_start, .)
 *(.fini_array)
 *(SORT(.fini_array.*))
                0x080001c0                PROVIDE (__fini_array_end, .)

.text           0x080001c0    0x961a0
 *(.text)
 .text          0x080001c0       0xbc build/obj/crt0_v7m.o
                0x080001c0                Reset_Handler
 *fill*         0x0800027c        0x4 
 .text          0x08000280       0x34 build/obj/chcoreasm_v7m.o
                0x08000280                _port_switch
                0x08000290                _port_thread_start
                0x080002a4                _port_switch_from_isr
                0x080002b0                _port_exit_from_isr
 *fill*         0x080002b4        0xc 
 .text          0x080002c0       0x2c c:/program files/gnu tools arm embedded/4.9 2014q4/bin/../lib/gcc/arm-none-eabi/4.9.3/armv7e-m\libgcc.a(_aeabi_uldivmod.o)
                0x080002c0                __aeabi_uldivmod
 *fill*         0x080002ec        0x4 
 .text          0x080002f0       0x60 c:/program files/gnu tools arm embedded/4.9 2014q4/bin/../lib/gcc/arm-none-eabi/4.9.3/armv7e-m\libgcc.a(bpabi.o)
                0x080002f0                __gnu_ldivmod_helper
                0x08000320                __gnu_uldivmod_helper
 .text          0x08000350        0x4 c:/program files/gnu tools arm embedded/4.9 2014q4/bin/../lib/gcc/arm-none-eabi/4.9.3/armv7e-m\libgcc.a(_dvmd_tls.o)
                0x08000350                __aeabi_idiv0
                0x08000350                __aeabi_ldiv0
 *fill*         0x08000354        0xc 
 .text          0x08000360      0x29c c:/program files/gnu tools arm embedded/4.9 2014q4/bin/../lib/gcc/arm-none-eabi/4.9.3/armv7e-m\libgcc.a(_divdi3.o)
                0x08000360                __divdi3
 *fill*         0x080005fc        0x4 
 .text          0x08000600      0x26c c:/program files/gnu tools arm embedded/4.9 2014q4/bin/../lib/gcc/arm-none-eabi/4.9.3/armv7e-m\libgcc.a(_udivdi3.o)
                0x08000600                __udivdi3
 *fill*         0x0800086c        0x4 
 .text          0x08000870      0x134 c:/program files/gnu tools arm embedded/4.9 2014q4/bin/../lib/gcc/arm-none-eabi/4.9.3/../../../../arm-none-eabi/lib/armv7e-m\libg.a(lib_a-memcpy.o)
                0x08000870                memcpy
 *fill*         0x080009a4        0xc 
 .text          0x080009b0      0x2e0 c:/program files/gnu tools arm embedded/4.9 2014q4/bin/../lib/gcc/arm-none-eabi/4.9.3/../../../../arm-none-eabi/lib/armv7e-m\libg.a(lib_a-strcmp.o)
                0x080009b8                strcmp
 .text          0x08000c90      0x370 c:/program files/gnu tools arm embedded/4.9 2014q4/bin/../lib/gcc/arm-none-eabi/4.9.3/armv7e-m\libgcc.a(_arm_addsubdf3.o)
                0x08000c90                __aeabi_drsub
                0x08000c98                __aeabi_dsub
                0x08000c98                __subdf3
                0x08000c9c                __aeabi_dadd
                0x08000c9c                __adddf3
                0x08000f14                __floatunsidf
                0x08000f14                __aeabi_ui2d
                0x08000f34                __floatsidf
                0x08000f34                __aeabi_i2d
                0x08000f58                __aeabi_f2d
                0x08000f58                __extendsfdf2
                0x08000f94                __floatundidf
                0x08000f94                __aeabi_ul2d
                0x08000fa4                __floatdidf
                0x08000fa4                __aeabi_l2d
 .text          0x08001000      0x424 c:/program files/gnu tools arm embedded/4.9 2014q4/bin/../lib/gcc/arm-none-eabi/4.9.3/armv7e-m\libgcc.a(_arm_muldivdf3.o)
                0x08001000                __aeabi_dmul
                0x08001000                __muldf3
                0x08001254                __divdf3
                0x08001254                __aeabi_ddiv
 *fill*         0x08001424        0xc 
 .text          0x08001430      0x110 c:/program files/gnu tools arm embedded/4.9 2014q4/bin/../lib/gcc/arm-none-eabi/4.9.3/armv7e-m\libgcc.a(_arm_cmpdf2.o)
                0x08001430                __gtdf2
                0x08001430                __gedf2
                0x08001438                __ltdf2
                0x08001438                __ledf2
                0x08001440                __nedf2
                0x08001440                __eqdf2
                0x08001440                __cmpdf2
                0x080014bc                __aeabi_cdrcmple
                0x080014cc                __aeabi_cdcmpeq
                0x080014cc                __aeabi_cdcmple
                0x080014dc                __aeabi_dcmpeq
                0x080014f0                __aeabi_dcmplt
                0x08001504                __aeabi_dcmple
                0x08001518                __aeabi_dcmpge
                0x0800152c                __aeabi_dcmpgt
 .text          0x08001540       0x50 c:/program files/gnu tools arm embedded/4.9 2014q4/bin/../lib/gcc/arm-none-eabi/4.9.3/armv7e-m\libgcc.a(_arm_fixdfsi.o)
                0x08001540                __aeabi_d2iz
                0x08001540                __fixdfsi
 .text          0x08001590       0x40 c:/program files/gnu tools arm embedded/4.9 2014q4/bin/../lib/gcc/arm-none-eabi/4.9.3/armv7e-m\libgcc.a(_arm_fixunsdfsi.o)
                0x08001590                __aeabi_d2uiz
                0x08001590                __fixunsdfsi
 .text          0x080015d0       0xa0 c:/program files/gnu tools arm embedded/4.9 2014q4/bin/../lib/gcc/arm-none-eabi/4.9.3/armv7e-m\libgcc.a(_arm_truncdfsf2.o)
                0x080015d0                __truncdfsf2
                0x080015d0                __aeabi_d2f
 *(.text.*)
 .text.__late_init
                0x08001670       0x10 build/obj/crt1.o
                0x08001670                __late_init
 .text.__default_exit
                0x08001680       0x10 build/obj/crt1.o
                0x08001680                __default_exit
 .text._unhandled_exception
                0x08001690       0x10 build/obj/vectors.o
                0x08001690                Vector58
                0x08001690                VectorE8
                0x08001690                Vector9C
                0x08001690                VectorAC
                0x08001690                DebugMon_Handler
                0x08001690                Vector1A0
                0x08001690                Vector5C
                0x08001690                Vector11C
                0x08001690                HardFault_Handler
                0x08001690                Vector1B8
                0x08001690                Vector19C
                0x08001690                Vector8C
                0x08001690                SysTick_Handler
                0x08001690                PendSV_Handler
                0x08001690                Vector168
                0x08001690                NMI_Handler
                0x08001690                Vector110
                0x08001690                VectorC8
                0x08001690                Vector94
                0x08001690                VectorA8
                0x08001690                VectorB4
                0x08001690                Vector160
                0x08001690                Vector1B0
                0x08001690                UsageFault_Handler
                0x08001690                VectorEC
                0x08001690                Vector40
                0x08001690                VectorF8
                0x08001690                Vector108
                0x08001690                VectorBC
                0x08001690                Vector190
                0x08001690                Vector148
                0x08001690                Vector188
                0x08001690                Vector198
                0x08001690                Vector118
                0x08001690                Vector64
                0x08001690                VectorCC
                0x08001690                Vector54
                0x08001690                Vector98
                0x08001690                Vector138
                0x08001690                Vector24
                0x08001690                Vector1AC
                0x08001690                Vector178
                0x08001690                Vector1A4
                0x08001690                VectorD0
                0x08001690                Vector1B4
                0x08001690                Vector140
                0x08001690                VectorE4
                0x08001690                VectorC0
                0x08001690                VectorF0
                0x08001690                Vector13C
                0x08001690                Vector100
                0x08001690                VectorE0
                0x08001690                VectorF4
                0x08001690                MemManage_Handler
                0x08001690                VectorA0
                0x08001690                VectorC4
                0x08001690                Vector180
                0x08001690                Vector90
                0x08001690                Vector114
                0x08001690                Vector164
                0x08001690                Vector60
                0x08001690                Vector1C
                0x08001690                Vector1BC
                0x08001690                Vector17C
                0x08001690                Vector48
                0x08001690                Vector1A8
                0x08001690                Vector16C
                0x08001690                VectorD4
                0x08001690                Vector4C
                0x08001690                Vector144
                0x08001690                Vector68
                0x08001690                _unhandled_exception
                0x08001690                Vector170
                0x08001690                Vector88
                0x08001690                Vector104
                0x08001690                Vector184
                0x08001690                Vector10C
                0x08001690                Vector14C
                0x08001690                BusFault_Handler
                0x08001690                Vector50
                0x08001690                Vector194
                0x08001690                Vector44
                0x08001690                Vector28
                0x08001690                VectorB8
                0x08001690                Vector34
                0x08001690                VectorA4
                0x08001690                Vector20
                0x08001690                Vector18C
                0x08001690                Vector174
 .text._idle_thread
                0x080016a0       0x10 build/obj/chsys.o
 .text.chSysInit
                0x080016b0       0xc0 build/obj/chsys.o
                0x080016b0                chSysInit
 .text.chSysHalt
                0x08001770       0x20 build/obj/chsys.o
                0x08001770                chSysHalt
 .text.chSysIntegrityCheckI
                0x08001790       0xc0 build/obj/chsys.o
                0x08001790                chSysIntegrityCheckI
 .text.chSysTimerHandlerI
                0x08001850       0xb0 build/obj/chsys.o
                0x08001850                chSysTimerHandlerI
 .text.chSysGetStatusAndLockX
                0x08001900       0x30 build/obj/chsys.o
                0x08001900                chSysGetStatusAndLockX
 .text.chSysRestoreStatusX
                0x08001930       0x50 build/obj/chsys.o
                0x08001930                chSysRestoreStatusX
 .text.chSysPolledDelayX
                0x08001980       0x20 build/obj/chsys.o
                0x08001980                chSysPolledDelayX
 .text._dbg_check_disable
                0x080019a0       0x20 build/obj/chdebug.o
                0x080019a0                _dbg_check_disable
 .text._dbg_check_suspend
                0x080019c0       0x20 build/obj/chdebug.o
                0x080019c0                _dbg_check_suspend
 .text._dbg_check_enable
                0x080019e0       0x20 build/obj/chdebug.o
                0x080019e0                _dbg_check_enable
 .text._dbg_check_lock
                0x08001a00       0x20 build/obj/chdebug.o
                0x08001a00                _dbg_check_lock
 .text._dbg_check_unlock
                0x08001a20       0x30 build/obj/chdebug.o
                0x08001a20                _dbg_check_unlock
 .text._dbg_check_lock_from_isr
                0x08001a50       0x30 build/obj/chdebug.o
                0x08001a50                _dbg_check_lock_from_isr
 .text._dbg_check_unlock_from_isr
                0x08001a80       0x30 build/obj/chdebug.o
                0x08001a80                _dbg_check_unlock_from_isr
 .text._dbg_check_enter_isr
                0x08001ab0       0x30 build/obj/chdebug.o
                0x08001ab0                _dbg_check_enter_isr
 .text._dbg_check_leave_isr
                0x08001ae0       0x30 build/obj/chdebug.o
                0x08001ae0                _dbg_check_leave_isr
 .text.chDbgCheckClassI
                0x08001b10       0x20 build/obj/chdebug.o
                0x08001b10                chDbgCheckClassI
 .text.chDbgCheckClassS
                0x08001b30       0x20 build/obj/chdebug.o
                0x08001b30                chDbgCheckClassS
 .text._dbg_trace_init
                0x08001b50       0x10 build/obj/chdebug.o
                0x08001b50                _dbg_trace_init
 .text._dbg_trace
                0x08001b60       0x40 build/obj/chdebug.o
                0x08001b60                _dbg_trace
 .text._vt_init
                0x08001ba0       0x20 build/obj/chvt.o
                0x08001ba0                _vt_init
 .text.chVTDoSetI
                0x08001bc0       0xa0 build/obj/chvt.o
                0x08001bc0                chVTDoSetI
 .text.chVTDoResetI
                0x08001c60       0xa0 build/obj/chvt.o
                0x08001c60                chVTDoResetI
 .text._scheduler_init
                0x08001d00       0x20 build/obj/chschd.o
                0x08001d00                _scheduler_init
 .text.chSchReadyI
                0x08001d20       0x50 build/obj/chschd.o
                0x08001d20                chSchReadyI
 .text.wakeup   0x08001d70       0x70 build/obj/chschd.o
 .text.chSchGoSleepS
                0x08001de0       0x50 build/obj/chschd.o
                0x08001de0                chSchGoSleepS
 .text.chSchGoSleepTimeoutS
                0x08001e30       0x60 build/obj/chschd.o
                0x08001e30                chSchGoSleepTimeoutS
 .text.chSchWakeupS
                0x08001e90       0x70 build/obj/chschd.o
                0x08001e90                chSchWakeupS
 .text.chSchIsPreemptionRequired
                0x08001f00       0x20 build/obj/chschd.o
                0x08001f00                chSchIsPreemptionRequired
 .text.chSchDoRescheduleBehind
                0x08001f20       0x50 build/obj/chschd.o
                0x08001f20                chSchDoRescheduleBehind
 .text.chSchDoRescheduleAhead
                0x08001f70       0x60 build/obj/chschd.o
                0x08001f70                chSchDoRescheduleAhead
 .text.chSchRescheduleS
                0x08001fd0       0x30 build/obj/chschd.o
                0x08001fd0                chSchRescheduleS
 .text.chSchDoReschedule
                0x08002000       0x10 build/obj/chschd.o
                0x08002000                chSchDoReschedule
 .text._thread_init
                0x08002010       0x50 build/obj/chthreads.o
                0x08002010                _thread_init
 .text._thread_memfill
                0x08002060       0x10 build/obj/chthreads.o
                0x08002060                _thread_memfill
 .text.chThdCreateI
                0x08002070       0xa0 build/obj/chthreads.o
                0x08002070                chThdCreateI
 .text.chThdCreateStatic
                0x08002110       0x90 build/obj/chthreads.o
                0x08002110                chThdCreateStatic
 .text.chThdStart
                0x080021a0       0x60 build/obj/chthreads.o
                0x080021a0                chThdStart
 .text.chThdSetPriority
                0x08002200       0x70 build/obj/chthreads.o
                0x08002200                chThdSetPriority
 .text.chThdTerminate
                0x08002270       0x50 build/obj/chthreads.o
                0x08002270                chThdTerminate
 .text.chThdSleep
                0x080022c0       0x50 build/obj/chthreads.o
                0x080022c0                chThdSleep
 .text.chThdSleepUntil
                0x08002310       0x50 build/obj/chthreads.o
                0x08002310                chThdSleepUntil
 .text.chThdYield
                0x08002360       0x60 build/obj/chthreads.o
                0x08002360                chThdYield
 .text.chThdExitS
                0x080023c0       0x50 build/obj/chthreads.o
                0x080023c0                chThdExitS
 .text.chThdExit
                0x08002410       0x20 build/obj/chthreads.o
                0x08002410                chThdExit
 .text.chThdWait
                0x08002430       0x90 build/obj/chthreads.o
                0x08002430                chThdWait
 .text.chThdEnqueueTimeoutS
                0x080024c0       0x30 build/obj/chthreads.o
                0x080024c0                chThdEnqueueTimeoutS
 .text.chThdDequeueNextI
                0x080024f0       0x30 build/obj/chthreads.o
                0x080024f0                chThdDequeueNextI
 .text.chThdDequeueAllI
                0x08002520       0x40 build/obj/chthreads.o
                0x08002520                chThdDequeueAllI
 .text.chTMStartMeasurementX
                0x08002560       0x10 build/obj/chtm.o
                0x08002560                chTMStartMeasurementX
 .text.chTMStopMeasurementX
                0x08002570       0x50 build/obj/chtm.o
                0x08002570                chTMStopMeasurementX
 .text._tm_init
                0x080025c0       0x40 build/obj/chtm.o
                0x080025c0                _tm_init
 .text.chThdAddRef
                0x08002600       0x60 build/obj/chdynamic.o
                0x08002600                chThdAddRef
 .text.chThdRelease
                0x08002660       0xa0 build/obj/chdynamic.o
                0x08002660                chThdRelease
 .text.chThdCreateFromHeap
                0x08002700       0x90 build/obj/chdynamic.o
                0x08002700                chThdCreateFromHeap
 .text.chThdCreateFromMemoryPool
                0x08002790       0xa0 build/obj/chdynamic.o
                0x08002790                chThdCreateFromMemoryPool
 .text.chRegFirstThread
                0x08002830       0x50 build/obj/chregistry.o
                0x08002830                chRegFirstThread
 .text.chRegNextThread
                0x08002880       0x70 build/obj/chregistry.o
                0x08002880                chRegNextThread
 .text.chSemObjectInit
                0x080028f0       0x30 build/obj/chsem.o
                0x080028f0                chSemObjectInit
 .text.chSemResetI
                0x08002920       0x60 build/obj/chsem.o
                0x08002920                chSemResetI
 .text.chSemReset
                0x08002980       0x50 build/obj/chsem.o
                0x08002980                chSemReset
 .text.chSemWaitS
                0x080029d0       0x70 build/obj/chsem.o
                0x080029d0                chSemWaitS
 .text.chSemWait
                0x08002a40       0x50 build/obj/chsem.o
                0x08002a40                chSemWait
 .text.chSemWaitTimeoutS
                0x08002a90       0x70 build/obj/chsem.o
                0x08002a90                chSemWaitTimeoutS
 .text.chSemWaitTimeout
                0x08002b00       0x50 build/obj/chsem.o
                0x08002b00                chSemWaitTimeout
 .text.chSemSignal
                0x08002b50       0x80 build/obj/chsem.o
                0x08002b50                chSemSignal
 .text.chSemSignalI
                0x08002bd0       0x60 build/obj/chsem.o
                0x08002bd0                chSemSignalI
 .text.chSemAddCounterI
                0x08002c30       0x60 build/obj/chsem.o
                0x08002c30                chSemAddCounterI
 .text.chSemSignalWait
                0x08002c90       0xd0 build/obj/chsem.o
                0x08002c90                chSemSignalWait
 .text.chMtxObjectInit
                0x08002d60       0x20 build/obj/chmtx.o
                0x08002d60                chMtxObjectInit
 .text.chMtxLockS
                0x08002d80      0x100 build/obj/chmtx.o
                0x08002d80                chMtxLockS
 .text.chMtxLock
                0x08002e80       0x40 build/obj/chmtx.o
                0x08002e80                chMtxLock
 .text.chMtxTryLockS
                0x08002ec0       0x40 build/obj/chmtx.o
                0x08002ec0                chMtxTryLockS
 .text.chMtxTryLock
                0x08002f00       0x50 build/obj/chmtx.o
                0x08002f00                chMtxTryLock
 .text.chMtxUnlock
                0x08002f50       0xd0 build/obj/chmtx.o
                0x08002f50                chMtxUnlock
 .text.chMtxUnlockS
                0x08003020       0xa0 build/obj/chmtx.o
                0x08003020                chMtxUnlockS
 .text.chMtxUnlockAll
                0x080030c0       0x80 build/obj/chmtx.o
                0x080030c0                chMtxUnlockAll
 .text.chCondObjectInit
                0x08003140       0x20 build/obj/chcond.o
                0x08003140                chCondObjectInit
 .text.chCondSignal
                0x08003160       0x60 build/obj/chcond.o
                0x08003160                chCondSignal
 .text.chCondSignalI
                0x080031c0       0x40 build/obj/chcond.o
                0x080031c0                chCondSignalI
 .text.chCondBroadcastI
                0x08003200       0x40 build/obj/chcond.o
                0x08003200                chCondBroadcastI
 .text.chCondBroadcast
                0x08003240       0x50 build/obj/chcond.o
                0x08003240                chCondBroadcast
 .text.chCondWaitS
                0x08003290       0x70 build/obj/chcond.o
                0x08003290                chCondWaitS
 .text.chCondWait
                0x08003300       0x50 build/obj/chcond.o
                0x08003300                chCondWait
 .text.chCondWaitTimeoutS
                0x08003350       0x70 build/obj/chcond.o
                0x08003350                chCondWaitTimeoutS
 .text.chCondWaitTimeout
                0x080033c0       0x50 build/obj/chcond.o
                0x080033c0                chCondWaitTimeout
 .text.chEvtRegisterMaskWithFlags
                0x08003410       0x70 build/obj/chevents.o
                0x08003410                chEvtRegisterMaskWithFlags
 .text.chEvtUnregister
                0x08003480       0x70 build/obj/chevents.o
                0x08003480                chEvtUnregister
 .text.chEvtGetAndClearEvents
                0x080034f0       0x50 build/obj/chevents.o
                0x080034f0                chEvtGetAndClearEvents
 .text.chEvtAddEvents
                0x08003540       0x50 build/obj/chevents.o
                0x08003540                chEvtAddEvents
 .text.chEvtSignalI
                0x08003590       0x50 build/obj/chevents.o
                0x08003590                chEvtSignalI
 .text.chEvtBroadcastFlagsI
                0x080035e0       0x40 build/obj/chevents.o
                0x080035e0                chEvtBroadcastFlagsI
 .text.chEvtSignal
                0x08003620       0x60 build/obj/chevents.o
                0x08003620                chEvtSignal
 .text.chEvtBroadcastFlags
                0x08003680       0x50 build/obj/chevents.o
                0x08003680                chEvtBroadcastFlags
 .text.chEvtDispatch
                0x080036d0       0x50 build/obj/chevents.o
                0x080036d0                chEvtDispatch
 .text.chEvtWaitOne
                0x08003720       0x60 build/obj/chevents.o
                0x08003720                chEvtWaitOne
 .text.chEvtWaitAny
                0x08003780       0x60 build/obj/chevents.o
                0x08003780                chEvtWaitAny
 .text.chEvtWaitAll
                0x080037e0       0x60 build/obj/chevents.o
                0x080037e0                chEvtWaitAll
 .text.chEvtWaitOneTimeout
                0x08003840       0xa0 build/obj/chevents.o
                0x08003840                chEvtWaitOneTimeout
 .text.chEvtWaitAnyTimeout
                0x080038e0       0xb0 build/obj/chevents.o
                0x080038e0                chEvtWaitAnyTimeout
 .text.chEvtWaitAllTimeout
                0x08003990       0x90 build/obj/chevents.o
                0x08003990                chEvtWaitAllTimeout
 .text.chMsgSend
                0x08003a20       0x80 build/obj/chmsg.o
                0x08003a20                chMsgSend
 .text.chMsgWait
                0x08003aa0       0x70 build/obj/chmsg.o
                0x08003aa0                chMsgWait
 .text.chMsgRelease
                0x08003b10       0x60 build/obj/chmsg.o
                0x08003b10                chMsgRelease
 .text.chMBObjectInit
                0x08003b70       0x40 build/obj/chmboxes.o
                0x08003b70                chMBObjectInit
 .text.chMBResetI
                0x08003bb0       0x40 build/obj/chmboxes.o
                0x08003bb0                chMBResetI
 .text.chMBReset
                0x08003bf0       0x50 build/obj/chmboxes.o
                0x08003bf0                chMBReset
 .text.chMBPostS
                0x08003c40       0x50 build/obj/chmboxes.o
                0x08003c40                chMBPostS
 .text.chMBPost
                0x08003c90       0x50 build/obj/chmboxes.o
                0x08003c90                chMBPost
 .text.chMBPostI
                0x08003ce0       0x60 build/obj/chmboxes.o
                0x08003ce0                chMBPostI
 .text.chMBPostAheadS
                0x08003d40       0x50 build/obj/chmboxes.o
                0x08003d40                chMBPostAheadS
 .text.chMBPostAhead
                0x08003d90       0x50 build/obj/chmboxes.o
                0x08003d90                chMBPostAhead
 .text.chMBPostAheadI
                0x08003de0       0x60 build/obj/chmboxes.o
                0x08003de0                chMBPostAheadI
 .text.chMBFetchS
                0x08003e40       0x50 build/obj/chmboxes.o
                0x08003e40                chMBFetchS
 .text.chMBFetch
                0x08003e90       0x50 build/obj/chmboxes.o
                0x08003e90                chMBFetch
 .text.chMBFetchI
                0x08003ee0       0x60 build/obj/chmboxes.o
                0x08003ee0                chMBFetchI
 .text.chIQObjectInit
                0x08003f40       0x20 build/obj/chqueues.o
                0x08003f40                chIQObjectInit
 .text.chIQResetI
                0x08003f60       0x20 build/obj/chqueues.o
                0x08003f60                chIQResetI
 .text.chIQPutI
                0x08003f80       0x50 build/obj/chqueues.o
                0x08003f80                chIQPutI
 .text.chIQGetTimeout
                0x08003fd0       0x80 build/obj/chqueues.o
                0x08003fd0                chIQGetTimeout
 .text.chIQReadTimeout
                0x08004050       0xd0 build/obj/chqueues.o
                0x08004050                chIQReadTimeout
 .text.chOQObjectInit
                0x08004120       0x20 build/obj/chqueues.o
                0x08004120                chOQObjectInit
 .text.chOQResetI
                0x08004140       0x30 build/obj/chqueues.o
                0x08004140                chOQResetI
 .text.chOQPutTimeout
                0x08004170       0xb0 build/obj/chqueues.o
                0x08004170                chOQPutTimeout
 .text.chOQGetI
                0x08004220       0x40 build/obj/chqueues.o
                0x08004220                chOQGetI
 .text.chOQWriteTimeout
                0x08004260      0x100 build/obj/chqueues.o
                0x08004260                chOQWriteTimeout
 .text._core_init
                0x08004360       0x30 build/obj/chmemcore.o
                0x08004360                _core_init
 .text.chCoreAllocI
                0x08004390       0x30 build/obj/chmemcore.o
                0x08004390                chCoreAllocI
 .text.chCoreAlloc
                0x080043c0       0x50 build/obj/chmemcore.o
                0x080043c0                chCoreAlloc
 .text.chCoreGetStatusX
                0x08004410       0x20 build/obj/chmemcore.o
                0x08004410                chCoreGetStatusX
 .text._heap_init
                0x08004430       0x20 build/obj/chheap.o
                0x08004430                _heap_init
 .text.chHeapObjectInit
                0x08004450       0x40 build/obj/chheap.o
                0x08004450                chHeapObjectInit
 .text.chHeapAlloc
                0x08004490       0x90 build/obj/chheap.o
                0x08004490                chHeapAlloc
 .text.chHeapFree
                0x08004520       0xd0 build/obj/chheap.o
                0x08004520                chHeapFree
 .text.chHeapStatus
                0x080045f0       0x50 build/obj/chheap.o
                0x080045f0                chHeapStatus
 .text.chPoolObjectInit
                0x08004640       0x20 build/obj/chmempools.o
                0x08004640                chPoolObjectInit
 .text.chPoolAllocI
                0x08004660       0x30 build/obj/chmempools.o
                0x08004660                chPoolAllocI
 .text.chPoolAlloc
                0x08004690       0x50 build/obj/chmempools.o
                0x08004690                chPoolAlloc
 .text.chPoolFreeI
                0x080046e0       0x30 build/obj/chmempools.o
                0x080046e0                chPoolFreeI
 .text.chPoolFree
                0x08004710       0x50 build/obj/chmempools.o
                0x08004710                chPoolFree
 .text.chPoolLoadArray
                0x08004760       0x40 build/obj/chmempools.o
                0x08004760                chPoolLoadArray
 .text.SVC_Handler
                0x080047a0       0x20 build/obj/chcore_v7m.o
                0x080047a0                SVC_Handler
 .text._port_irq_epilogue
                0x080047c0       0x50 build/obj/chcore_v7m.o
                0x080047c0                _port_irq_epilogue
 .text.halInit  0x08004810       0x30 build/obj/hal.o
                0x08004810                halInit
 .text.stInit   0x08004840       0x10 build/obj/st.o
                0x08004840                stInit
 .text.stStartAlarm
                0x08004850       0x30 build/obj/st.o
                0x08004850                stStartAlarm
 .text.stStopAlarm
                0x08004880       0x10 build/obj/st.o
                0x08004880                stStopAlarm
 .text.stSetAlarm
                0x08004890       0x20 build/obj/st.o
                0x08004890                stSetAlarm
 .text.macInit  0x080048b0       0x10 build/obj/mac.o
                0x080048b0                macInit
 .text.macObjectInit
                0x080048c0       0x30 build/obj/mac.o
                0x080048c0                macObjectInit
 .text.macStart
                0x080048f0       0x70 build/obj/mac.o
                0x080048f0                macStart
 .text.macWaitTransmitDescriptor
                0x08004960       0xd0 build/obj/mac.o
                0x08004960                macWaitTransmitDescriptor
 .text.macReleaseTransmitDescriptor
                0x08004a30       0x30 build/obj/mac.o
                0x08004a30                macReleaseTransmitDescriptor
 .text.macWaitReceiveDescriptor
                0x08004a60       0xd0 build/obj/mac.o
                0x08004a60                macWaitReceiveDescriptor
 .text.macReleaseReceiveDescriptor
                0x08004b30       0x30 build/obj/mac.o
                0x08004b30                macReleaseReceiveDescriptor
 .text.macPollLinkStatus
                0x08004b60       0x30 build/obj/mac.o
                0x08004b60                macPollLinkStatus
 .text.rtcInit  0x08004b90       0x10 build/obj/rtc.o
                0x08004b90                rtcInit
 .text.rtcObjectInit
                0x08004ba0       0x10 build/obj/rtc.o
                0x08004ba0                rtcObjectInit
 .text.rtcGetTime
                0x08004bb0       0x30 build/obj/rtc.o
                0x08004bb0                rtcGetTime
 .text.readt    0x08004be0       0x10 build/obj/serial.o
 .text.read     0x08004bf0       0x10 build/obj/serial.o
 .text.writet   0x08004c00       0x10 build/obj/serial.o
 .text.write    0x08004c10       0x10 build/obj/serial.o
 .text.gett     0x08004c20       0x10 build/obj/serial.o
 .text.get      0x08004c30       0x10 build/obj/serial.o
 .text.putt     0x08004c40       0x10 build/obj/serial.o
 .text.put      0x08004c50       0x10 build/obj/serial.o
 .text.sdInit   0x08004c60       0x10 build/obj/serial.o
                0x08004c60                sdInit
 .text.sdObjectInit
                0x08004c70       0x40 build/obj/serial.o
                0x08004c70                sdObjectInit
 .text.sdStart  0x08004cb0       0x70 build/obj/serial.o
                0x08004cb0                sdStart
 .text.sdIncomingDataI
                0x08004d20       0x60 build/obj/serial.o
                0x08004d20                sdIncomingDataI
 .text.uartInit
                0x08004d80       0x10 build/obj/uart.o
                0x08004d80                uartInit
 .text.uartObjectInit
                0x08004d90       0x10 build/obj/uart.o
                0x08004d90                uartObjectInit
 .text.nvicEnableVector
                0x08004da0       0x40 build/obj/nvic.o
                0x08004da0                nvicEnableVector
 .text.Vector6C
                0x08004de0       0x30 build/obj/stm32_dma.o
                0x08004de0                Vector6C
 .text.Vector70
                0x08004e10       0x40 build/obj/stm32_dma.o
                0x08004e10                Vector70
 .text.Vector74
                0x08004e50       0x40 build/obj/stm32_dma.o
                0x08004e50                Vector74
 .text.Vector78
                0x08004e90       0x40 build/obj/stm32_dma.o
                0x08004e90                Vector78
 .text.Vector7C
                0x08004ed0       0x30 build/obj/stm32_dma.o
                0x08004ed0                Vector7C
 .text.Vector80
                0x08004f00       0x40 build/obj/stm32_dma.o
                0x08004f00                Vector80
 .text.Vector84
                0x08004f40       0x40 build/obj/stm32_dma.o
                0x08004f40                Vector84
 .text.VectorFC
                0x08004f80       0x40 build/obj/stm32_dma.o
                0x08004f80                VectorFC
 .text.Vector120
                0x08004fc0       0x30 build/obj/stm32_dma.o
                0x08004fc0                Vector120
 .text.Vector124
                0x08004ff0       0x40 build/obj/stm32_dma.o
                0x08004ff0                Vector124
 .text.Vector128
                0x08005030       0x40 build/obj/stm32_dma.o
                0x08005030                Vector128
 .text.Vector12C
                0x08005070       0x40 build/obj/stm32_dma.o
                0x08005070                Vector12C
 .text.Vector130
                0x080050b0       0x30 build/obj/stm32_dma.o
                0x080050b0                Vector130
 .text.Vector150
                0x080050e0       0x40 build/obj/stm32_dma.o
                0x080050e0                Vector150
 .text.Vector154
                0x08005120       0x40 build/obj/stm32_dma.o
                0x08005120                Vector154
 .text.Vector158
                0x08005160       0x40 build/obj/stm32_dma.o
                0x08005160                Vector158
 .text.dmaInit  0x080051a0       0x50 build/obj/stm32_dma.o
                0x080051a0                dmaInit
 .text.hal_lld_init
                0x080051f0       0x80 build/obj/hal_lld.o
                0x080051f0                hal_lld_init
 .text.stm32_clock_init
                0x08005270       0xd0 build/obj/hal_lld.o
                0x08005270                stm32_clock_init
 .text.VectorB0
                0x08005340       0x40 build/obj/st_lld.o
                0x08005340                VectorB0
 .text.st_lld_init
                0x08005380       0x50 build/obj/st_lld.o
                0x08005380                st_lld_init
 .text.mac_lld_set_address
                0x080053d0       0x50 build/obj/mac_lld.o
 .text.Vector134
                0x08005420       0x80 build/obj/mac_lld.o
                0x08005420                Vector134
 .text.mac_lld_init
                0x080054a0      0x1a0 build/obj/mac_lld.o
                0x080054a0                mac_lld_init
 .text.mac_lld_start
                0x08005640       0xf0 build/obj/mac_lld.o
                0x08005640                mac_lld_start
 .text.mac_lld_get_transmit_descriptor
                0x08005730       0x90 build/obj/mac_lld.o
                0x08005730                mac_lld_get_transmit_descriptor
 .text.mac_lld_release_transmit_descriptor
                0x080057c0       0x80 build/obj/mac_lld.o
                0x080057c0                mac_lld_release_transmit_descriptor
 .text.mac_lld_get_receive_descriptor
                0x08005840       0xc0 build/obj/mac_lld.o
                0x08005840                mac_lld_get_receive_descriptor
 .text.mac_lld_release_receive_descriptor
                0x08005900       0x80 build/obj/mac_lld.o
                0x08005900                mac_lld_release_receive_descriptor
 .text.mac_lld_poll_link_status
                0x08005980       0xb0 build/obj/mac_lld.o
                0x08005980                mac_lld_poll_link_status
 .text.mac_lld_write_transmit_descriptor
                0x08005a30       0x50 build/obj/mac_lld.o
                0x08005a30                mac_lld_write_transmit_descriptor
 .text.mac_lld_read_receive_descriptor
                0x08005a80       0x50 build/obj/mac_lld.o
                0x08005a80                mac_lld_read_receive_descriptor
 .text._pal_lld_init
                0x08005ad0      0x1d0 build/obj/pal_lld.o
                0x08005ad0                _pal_lld_init
 .text.rtc_lld_init
                0x08005ca0       0x60 build/obj/rtc_lld.o
                0x08005ca0                rtc_lld_init
 .text.rtc_lld_get_time
                0x08005d00       0xf0 build/obj/rtc_lld.o
                0x08005d00                rtc_lld_get_time
 .text.notify2  0x08005df0       0x10 build/obj/serial_lld.o
 .text.notify6  0x08005e00       0x10 build/obj/serial_lld.o
 .text.serve_interrupt
                0x08005e10      0x140 build/obj/serial_lld.o
 .text.VectorD8
                0x08005f50       0x20 build/obj/serial_lld.o
                0x08005f50                VectorD8
 .text.Vector15C
                0x08005f70       0x20 build/obj/serial_lld.o
                0x08005f70                Vector15C
 .text.sd_lld_init
                0x08005f90       0x40 build/obj/serial_lld.o
                0x08005f90                sd_lld_init
 .text.sd_lld_start
                0x08005fd0       0xc0 build/obj/serial_lld.o
                0x08005fd0                sd_lld_start
 .text.VectorDC
                0x08006090       0x90 build/obj/uart_lld.o
                0x08006090                VectorDC
 .text.uart_lld_init
                0x08006120       0x30 build/obj/uart_lld.o
                0x08006120                uart_lld_init
 .text.__early_init
                0x08006150       0x10 build/obj/board.o
                0x08006150                __early_init
 .text.boardInit
                0x08006160       0x10 build/obj/board.o
                0x08006160                boardInit
 .text.tmr      0x08006170       0x10 build/obj/test.o
 .text.print_line
                0x08006180       0x30 build/obj/test.o
 .text.test_printn
                0x080061b0       0x60 build/obj/test.o
                0x080061b0                test_printn
 .text.test_print
                0x08006210       0x20 build/obj/test.o
                0x08006210                test_print
 .text.test_println
                0x08006230       0x40 build/obj/test.o
                0x08006230                test_println
 .text.test_emit_token
                0x08006270       0x50 build/obj/test.o
                0x08006270                test_emit_token
 .text._test_assert
                0x080062c0       0x30 build/obj/test.o
                0x080062c0                _test_assert
 .text._test_assert_sequence
                0x080062f0       0x50 build/obj/test.o
                0x080062f0                _test_assert_sequence
 .text._test_assert_time_window
                0x08006340       0x70 build/obj/test.o
                0x08006340                _test_assert_time_window
 .text.test_terminate_threads
                0x080063b0       0x20 build/obj/test.o
                0x080063b0                test_terminate_threads
 .text.test_wait_threads
                0x080063d0       0x30 build/obj/test.o
                0x080063d0                test_wait_threads
 .text.test_wait_tick
                0x08006400       0x50 build/obj/test.o
                0x08006400                test_wait_tick
 .text.test_start_timer
                0x08006450       0x80 build/obj/test.o
                0x08006450                test_start_timer
 .text.TestThread
                0x080064d0      0x320 build/obj/test.o
                0x080064d0                TestThread
 .text.thd1_execute
                0x080067f0       0xd0 build/obj/testthd.o
 .text.thread   0x080068c0       0x10 build/obj/testthd.o
 .text.thd2_execute
                0x080068d0      0x100 build/obj/testthd.o
 .text.thd3_execute
                0x080069d0      0x180 build/obj/testthd.o
 .text.thd4_execute
                0x08006b50      0x150 build/obj/testthd.o
 .text.thread3  0x08006ca0       0x20 build/obj/testsem.o
 .text.thread1  0x08006cc0       0x20 build/obj/testsem.o
 .text.sem1_setup
                0x08006ce0       0x10 build/obj/testsem.o
 .text.sem2_setup
                0x08006cf0       0x10 build/obj/testsem.o
 .text.sem3_setup
                0x08006d00       0x10 build/obj/testsem.o
 .text.sem2_execute
                0x08006d10      0x180 build/obj/testsem.o
 .text.sem3_execute
                0x08006e90       0xa0 build/obj/testsem.o
 .text.thread4  0x08006f30       0x50 build/obj/testsem.o
 .text.thread2  0x08006f80       0x50 build/obj/testsem.o
 .text.sem1_execute
                0x08006fd0      0x1a0 build/obj/testsem.o
 .text.sem4_execute
                0x08007170      0x2c0 build/obj/testsem.o
 .text.mtx1_execute
                0x08007430       0xe0 build/obj/testmtx.o
 .text.thread1  0x08007510       0x20 build/obj/testmtx.o
 .text.thread12
                0x08007530       0x20 build/obj/testmtx.o
 .text.mtx1_setup
                0x08007550       0x10 build/obj/testmtx.o
 .text.mtx4_setup
                0x08007560       0x20 build/obj/testmtx.o
 .text.mtx5_setup
                0x08007580       0x10 build/obj/testmtx.o
 .text.thread4b
                0x08007590       0x20 build/obj/testmtx.o
 .text.thread4a
                0x080075b0       0x20 build/obj/testmtx.o
 .text.mtx4_execute
                0x080075d0      0x290 build/obj/testmtx.o
 .text.thread10
                0x08007860       0x30 build/obj/testmtx.o
 .text.mtx6_setup
                0x08007890       0x20 build/obj/testmtx.o
 .text.mtx7_setup
                0x080078b0       0x20 build/obj/testmtx.o
 .text.mtx8_setup
                0x080078d0       0x30 build/obj/testmtx.o
 .text.mtx7_execute
                0x08007900       0xc0 build/obj/testmtx.o
 .text.mtx8_execute
                0x080079c0       0xa0 build/obj/testmtx.o
 .text.thread11
                0x08007a60       0x40 build/obj/testmtx.o
 .text.mtx6_execute
                0x08007aa0      0x110 build/obj/testmtx.o
 .text.mtx5_execute
                0x08007bb0       0xe0 build/obj/testmtx.o
 .text.msg1_execute
                0x08007c90       0x80 build/obj/testmsg.o
 .text.thread   0x08007d10       0x20 build/obj/testmsg.o
 .text.chSysUnlock
                0x08007d30       0x30 build/obj/testmbox.o
 .text.mbox1_setup
                0x08007d60       0x20 build/obj/testmbox.o
 .text.mbox1_execute
                0x08007d80      0x6f0 build/obj/testmbox.o
 .text.h3       0x08008470       0x10 build/obj/testevt.o
 .text.h2       0x08008480       0x10 build/obj/testevt.o
 .text.h1       0x08008490       0x10 build/obj/testevt.o
 .text.evt1_execute
                0x080084a0       0x90 build/obj/testevt.o
 .text.evt1_setup
                0x08008530       0x10 build/obj/testevt.o
 .text.evt2_setup
                0x08008540       0x10 build/obj/testevt.o
 .text.evt3_setup
                0x08008550       0x10 build/obj/testevt.o
 .text.thread2  0x08008560       0x30 build/obj/testevt.o
 .text.thread1  0x08008590       0x20 build/obj/testevt.o
 .text.chSysUnlock
                0x080085b0       0x30 build/obj/testevt.o
 .text.evt3_execute
                0x080085e0       0xa0 build/obj/testevt.o
 .text.evt2_execute
                0x08008680      0x2c0 build/obj/testevt.o
 .text.heap1_execute
                0x08008940      0x250 build/obj/testheap.o
 .text.heap1_setup
                0x08008b90       0x20 build/obj/testheap.o
 .text.null_provider
                0x08008bb0       0x10 build/obj/testpools.o
 .text.pools1_setup
                0x08008bc0       0x10 build/obj/testpools.o
 .text.pools1_execute
                0x08008bd0       0xc0 build/obj/testpools.o
 .text.dyn1_execute
                0x08008c90      0x100 build/obj/testdyn.o
 .text.thread   0x08008d90       0x10 build/obj/testdyn.o
 .text.dyn1_setup
                0x08008da0       0x20 build/obj/testdyn.o
 .text.dyn3_setup
                0x08008dc0       0x20 build/obj/testdyn.o
 .text.dyn2_execute
                0x08008de0      0x100 build/obj/testdyn.o
 .text.dyn2_setup
                0x08008ee0       0x10 build/obj/testdyn.o
 .text.regfind  0x08008ef0       0x30 build/obj/testdyn.o
 .text.dyn3_execute
                0x08008f20      0x140 build/obj/testdyn.o
 .text.notify   0x08009060       0x10 build/obj/testqueues.o
 .text.thread1  0x08009070       0x10 build/obj/testqueues.o
 .text.chSysUnlock
                0x08009080       0x30 build/obj/testqueues.o
 .text.queues1_setup
                0x080090b0       0x30 build/obj/testqueues.o
 .text.thread2  0x080090e0       0x10 build/obj/testqueues.o
 .text.queues2_setup
                0x080090f0       0x30 build/obj/testqueues.o
 .text.queues1_execute
                0x08009120      0x400 build/obj/testqueues.o
 .text.queues2_execute
                0x08009520      0x410 build/obj/testqueues.o
 .text.vtcb     0x08009930       0x30 build/obj/testsys.o
 .text.sys2_execute
                0x08009960       0x30 build/obj/testsys.o
 .text.sys3_execute
                0x08009990      0x120 build/obj/testsys.o
 .text.sys1_execute
                0x08009ab0      0x1a0 build/obj/testsys.o
 .text.tmo      0x08009c50       0x10 build/obj/testbmk.o
 .text.bmk13_execute
                0x08009c60       0xf0 build/obj/testbmk.o
 .text.thread2  0x08009d50       0x20 build/obj/testbmk.o
 .text.bmk6_execute
                0x08009d70       0x70 build/obj/testbmk.o
 .text.msg_loop_test
                0x08009de0       0x40 build/obj/testbmk.o
 .text.bmk1_execute
                0x08009e20       0x70 build/obj/testbmk.o
 .text.bmk2_execute
                0x08009e90       0x70 build/obj/testbmk.o
 .text.bmk3_execute
                0x08009f00       0xe0 build/obj/testbmk.o
 .text.thread1  0x08009fe0       0x10 build/obj/testbmk.o
 .text.bmk5_execute
                0x08009ff0       0x80 build/obj/testbmk.o
 .text.bmk7_execute
                0x0800a070      0x110 build/obj/testbmk.o
 .text.thread3  0x0800a180       0x30 build/obj/testbmk.o
 .text.bmk7_setup
                0x0800a1b0       0x10 build/obj/testbmk.o
 .text.bmk11_setup
                0x0800a1c0       0x10 build/obj/testbmk.o
 .text.bmk8_execute
                0x0800a1d0       0xe0 build/obj/testbmk.o
 .text.thread8  0x0800a2b0       0x30 build/obj/testbmk.o
 .text.bmk11_execute
                0x0800a2e0       0x70 build/obj/testbmk.o
 .text.bmk12_execute
                0x0800a350       0x70 build/obj/testbmk.o
 .text.bmk12_setup
                0x0800a3c0       0x10 build/obj/testbmk.o
 .text.bmk10_execute
                0x0800a3d0       0xb0 build/obj/testbmk.o
 .text.bmk4_execute
                0x0800a480      0x100 build/obj/testbmk.o
 .text.bmk9_execute
                0x0800a580       0xe0 build/obj/testbmk.o
 .text.thread4  0x0800a660       0x50 build/obj/testbmk.o
 .text.ethernetif_init
                0x0800a6b0       0x40 build/obj/lwipthread.o
 .text.low_level_output
                0x0800a6f0       0x60 build/obj/lwipthread.o
 .text.lwip_thread
                0x0800a750      0x1f0 build/obj/lwipthread.o
                0x0800a750                lwip_thread
 .text.sys_init
                0x0800a940       0x10 build/obj/sys_arch.o
                0x0800a940                sys_init
 .text.sys_sem_new
                0x0800a950       0x50 build/obj/sys_arch.o
                0x0800a950                sys_sem_new
 .text.sys_sem_free
                0x0800a9a0       0x20 build/obj/sys_arch.o
                0x0800a9a0                sys_sem_free
 .text.sys_sem_signal
                0x0800a9c0       0x10 build/obj/sys_arch.o
                0x0800a9c0                sys_sem_signal
 .text.sys_sem_signal_S
                0x0800a9d0       0x10 build/obj/sys_arch.o
                0x0800a9d0                sys_sem_signal_S
 .text.sys_arch_sem_wait
                0x0800a9e0       0x60 build/obj/sys_arch.o
                0x0800a9e0                sys_arch_sem_wait
 .text.sys_sem_valid
                0x0800aa40       0x10 build/obj/sys_arch.o
                0x0800aa40                sys_sem_valid
 .text.sys_sem_set_invalid
                0x0800aa50       0x10 build/obj/sys_arch.o
                0x0800aa50                sys_sem_set_invalid
 .text.sys_mbox_new
                0x0800aa60       0x50 build/obj/sys_arch.o
                0x0800aa60                sys_mbox_new
 .text.sys_mbox_free
                0x0800aab0       0x80 build/obj/sys_arch.o
                0x0800aab0                sys_mbox_free
 .text.sys_mbox_post
                0x0800ab30       0x10 build/obj/sys_arch.o
                0x0800ab30                sys_mbox_post
 .text.sys_mbox_trypost
                0x0800ab40       0x30 build/obj/sys_arch.o
                0x0800ab40                sys_mbox_trypost
 .text.sys_arch_mbox_fetch
                0x0800ab70       0x70 build/obj/sys_arch.o
                0x0800ab70                sys_arch_mbox_fetch
 .text.sys_arch_mbox_tryfetch
                0x0800abe0       0x20 build/obj/sys_arch.o
                0x0800abe0                sys_arch_mbox_tryfetch
 .text.sys_mbox_valid
                0x0800ac00       0x10 build/obj/sys_arch.o
                0x0800ac00                sys_mbox_valid
 .text.sys_mbox_set_invalid
                0x0800ac10       0x10 build/obj/sys_arch.o
                0x0800ac10                sys_mbox_set_invalid
 .text.sys_thread_new
                0x0800ac20       0x80 build/obj/sys_arch.o
                0x0800ac20                sys_thread_new
 .text.etharp_free_entry
                0x0800aca0       0x40 build/obj/etharp.o
 .text.chprintf.constprop.1
                0x0800ace0       0x30 build/obj/etharp.o
 .text.etharp_send_ip
                0x0800ad10       0x70 build/obj/etharp.o
 .text.etharp_find_entry
                0x0800ad80      0x1a0 build/obj/etharp.o
 .text.etharp_tmr
                0x0800af20       0x50 build/obj/etharp.o
                0x0800af20                etharp_tmr
 .text.etharp_request
                0x0800af70      0x140 build/obj/etharp.o
                0x0800af70                etharp_request
 .text.etharp_output_to_arp_index
                0x0800b0b0       0x90 build/obj/etharp.o
 .text.etharp_query
                0x0800b140      0x170 build/obj/etharp.o
                0x0800b140                etharp_query
 .text.etharp_output
                0x0800b2b0      0x1a0 build/obj/etharp.o
                0x0800b2b0                etharp_output
 .text.ethernet_input
                0x0800b450      0x290 build/obj/etharp.o
                0x0800b450                ethernet_input
 .text.lwip_init
                0x0800b6e0       0x30 build/obj/init.o
                0x0800b6e0                lwip_init
 .text.chprintf.constprop.0
                0x0800b710       0x30 build/obj/netif.o
 .text.netif_init
                0x0800b740       0x10 build/obj/netif.o
                0x0800b740                netif_init
 .text.netif_set_ipaddr
                0x0800b750       0x70 build/obj/netif.o
                0x0800b750                netif_set_ipaddr
 .text.netif_add
                0x0800b7c0       0xa0 build/obj/netif.o
                0x0800b7c0                netif_add
 .text.netif_set_default
                0x0800b860       0x10 build/obj/netif.o
                0x0800b860                netif_set_default
 .text.netif_set_up
                0x0800b870       0x30 build/obj/netif.o
                0x0800b870                netif_set_up
 .text.netif_set_link_up
                0x0800b8a0       0x30 build/obj/netif.o
                0x0800b8a0                netif_set_link_up
 .text.netif_set_link_down
                0x0800b8d0       0x20 build/obj/netif.o
                0x0800b8d0                netif_set_link_down
 .text.pbuf_free_ooseq_callback
                0x0800b8f0       0x30 build/obj/pbuf.o
 .text.pbuf_pool_is_empty.part.0
                0x0800b920       0x20 build/obj/pbuf.o
 .text.chprintf.constprop.1
                0x0800b940       0x30 build/obj/pbuf.o
 .text.pbuf_alloced_custom
                0x0800b970       0x90 build/obj/pbuf.o
                0x0800b970                pbuf_alloced_custom
 .text.pbuf_header
                0x0800ba00       0xe0 build/obj/pbuf.o
                0x0800ba00                pbuf_header
 .text.pbuf_free
                0x0800bae0       0xe0 build/obj/pbuf.o
                0x0800bae0                pbuf_free
 .text.pbuf_alloc
                0x0800bbc0      0x220 build/obj/pbuf.o
                0x0800bbc0                pbuf_alloc
 .text.pbuf_realloc
                0x0800bde0       0xf0 build/obj/pbuf.o
                0x0800bde0                pbuf_realloc
 .text.pbuf_clen
                0x0800bed0       0x20 build/obj/pbuf.o
                0x0800bed0                pbuf_clen
 .text.pbuf_ref
                0x0800bef0       0x10 build/obj/pbuf.o
                0x0800bef0                pbuf_ref
 .text.pbuf_cat
                0x0800bf00       0xb0 build/obj/pbuf.o
                0x0800bf00                pbuf_cat
 .text.pbuf_chain
                0x0800bfb0       0x20 build/obj/pbuf.o
                0x0800bfb0                pbuf_chain
 .text.pbuf_copy
                0x0800bfd0      0x1a0 build/obj/pbuf.o
                0x0800bfd0                pbuf_copy
 .text.pbuf_copy_partial
                0x0800c170       0xc0 build/obj/pbuf.o
                0x0800c170                pbuf_copy_partial
 .text.chprintf.constprop.0
                0x0800c230       0x30 build/obj/stats.o
 .text.stats_init
                0x0800c260       0x50 build/obj/stats.o
                0x0800c260                stats_init
 .text.stats_display_proto
                0x0800c2b0       0xd0 build/obj/stats.o
                0x0800c2b0                stats_display_proto
 .text.stats_display_mem
                0x0800c380       0x60 build/obj/stats.o
                0x0800c380                stats_display_mem
 .text.stats_display_memp
                0x0800c3e0       0x40 build/obj/stats.o
                0x0800c3e0                stats_display_memp
 .text.stats_display_sys
                0x0800c420       0xa0 build/obj/stats.o
                0x0800c420                stats_display_sys
 .text.stats_display
                0x0800c4c0       0xa0 build/obj/stats.o
                0x0800c4c0                stats_display
 .text.tcp_accept_null
                0x0800c560       0x10 build/obj/tcp.o
 .text.tcp_new_port
                0x0800c570       0x60 build/obj/tcp.o
 .text.chprintf.constprop.4
                0x0800c5d0       0x30 build/obj/tcp.o
 .text.tcp_init
                0x0800c600       0x10 build/obj/tcp.o
                0x0800c600                tcp_init
 .text.tcp_bind
                0x0800c610       0xb0 build/obj/tcp.o
                0x0800c610                tcp_bind
 .text.tcp_listen_with_backlog
                0x0800c6c0       0xe0 build/obj/tcp.o
                0x0800c6c0                tcp_listen_with_backlog
 .text.tcp_update_rcv_ann_wnd
                0x0800c7a0       0x80 build/obj/tcp.o
                0x0800c7a0                tcp_update_rcv_ann_wnd
 .text.tcp_recved
                0x0800c820       0xa0 build/obj/tcp.o
                0x0800c820                tcp_recved
 .text.tcp_seg_free
                0x0800c8c0       0x20 build/obj/tcp.o
                0x0800c8c0                tcp_seg_free
 .text.tcp_segs_free
                0x0800c8e0       0x20 build/obj/tcp.o
                0x0800c8e0                tcp_segs_free
 .text.tcp_seg_copy
                0x0800c900       0x30 build/obj/tcp.o
                0x0800c900                tcp_seg_copy
 .text.tcp_arg  0x0800c930       0x10 build/obj/tcp.o
                0x0800c930                tcp_arg
 .text.tcp_recv
                0x0800c940       0x50 build/obj/tcp.o
                0x0800c940                tcp_recv
 .text.tcp_sent
                0x0800c990       0x50 build/obj/tcp.o
                0x0800c990                tcp_sent
 .text.tcp_err  0x0800c9e0       0x50 build/obj/tcp.o
                0x0800c9e0                tcp_err
 .text.tcp_accept
                0x0800ca30       0x10 build/obj/tcp.o
                0x0800ca30                tcp_accept
 .text.tcp_poll
                0x0800ca40       0x50 build/obj/tcp.o
                0x0800ca40                tcp_poll
 .text.tcp_pcb_purge
                0x0800ca90       0x70 build/obj/tcp.o
                0x0800ca90                tcp_pcb_purge
 .text.tcp_slowtmr
                0x0800cb00      0x4b0 build/obj/tcp.o
                0x0800cb00                tcp_slowtmr
 .text.tcp_pcb_remove
                0x0800cfb0       0xe0 build/obj/tcp.o
                0x0800cfb0                tcp_pcb_remove
 .text.tcp_close_shutdown
                0x0800d090      0x190 build/obj/tcp.o
 .text.tcp_close
                0x0800d220       0x20 build/obj/tcp.o
                0x0800d220                tcp_close
 .text.tcp_recv_null
                0x0800d240       0x30 build/obj/tcp.o
                0x0800d240                tcp_recv_null
 .text.tcp_process_refused_data
                0x0800d270       0x70 build/obj/tcp.o
                0x0800d270                tcp_process_refused_data
 .text.tcp_fasttmr
                0x0800d2e0       0x70 build/obj/tcp.o
                0x0800d2e0                tcp_fasttmr
 .text.tcp_tmr  0x0800d350       0x30 build/obj/tcp.o
                0x0800d350                tcp_tmr
 .text.tcp_shutdown
                0x0800d380       0x60 build/obj/tcp.o
                0x0800d380                tcp_shutdown
 .text.tcp_abandon
                0x0800d3e0       0xf0 build/obj/tcp.o
                0x0800d3e0                tcp_abandon
 .text.tcp_abort
                0x0800d4d0       0x10 build/obj/tcp.o
                0x0800d4d0                tcp_abort
 .text.tcp_alloc
                0x0800d4e0      0x160 build/obj/tcp.o
                0x0800d4e0                tcp_alloc
 .text.tcp_new  0x0800d640       0x10 build/obj/tcp.o
                0x0800d640                tcp_new
 .text.tcp_eff_send_mss
                0x0800d650       0x20 build/obj/tcp.o
                0x0800d650                tcp_eff_send_mss
 .text.tcp_oos_insert_segment
                0x0800d670       0xc0 build/obj/tcp_in.o
 .text.tcp_parseopt.isra.0
                0x0800d730       0x90 build/obj/tcp_in.o
 .text.chprintf.constprop.1
                0x0800d7c0       0x30 build/obj/tcp_in.o
 .text.tcp_receive
                0x0800d7f0      0xb50 build/obj/tcp_in.o
 .text.tcp_input
                0x0800e340      0xb30 build/obj/tcp_in.o
                0x0800e340                tcp_input
 .text.tcp_create_segment.isra.0
                0x0800ee70       0xe0 build/obj/tcp_out.o
 .text.chprintf.constprop.2
                0x0800ef50       0x30 build/obj/tcp_out.o
 .text.tcp_output_alloc_header.constprop.1
                0x0800ef80       0x90 build/obj/tcp_out.o
 .text.tcp_pbuf_prealloc
                0x0800f010       0x90 build/obj/tcp_out.o
 .text.tcp_write
                0x0800f0a0      0x670 build/obj/tcp_out.o
                0x0800f0a0                tcp_write
 .text.tcp_enqueue_flags
                0x0800f710      0x1d0 build/obj/tcp_out.o
                0x0800f710                tcp_enqueue_flags
 .text.tcp_send_fin
                0x0800f8e0       0x50 build/obj/tcp_out.o
                0x0800f8e0                tcp_send_fin
 .text.tcp_send_empty_ack
                0x0800f930       0x60 build/obj/tcp_out.o
                0x0800f930                tcp_send_empty_ack
 .text.tcp_output
                0x0800f990      0x340 build/obj/tcp_out.o
                0x0800f990                tcp_output
 .text.tcp_rst  0x0800fcd0       0xe0 build/obj/tcp_out.o
                0x0800fcd0                tcp_rst
 .text.tcp_rexmit_rto
                0x0800fdb0       0x30 build/obj/tcp_out.o
                0x0800fdb0                tcp_rexmit_rto
 .text.tcp_rexmit
                0x0800fde0       0x60 build/obj/tcp_out.o
                0x0800fde0                tcp_rexmit
 .text.tcp_rexmit_fast
                0x0800fe40       0x50 build/obj/tcp_out.o
                0x0800fe40                tcp_rexmit_fast
 .text.tcp_keepalive
                0x0800fe90       0x70 build/obj/tcp_out.o
                0x0800fe90                tcp_keepalive
 .text.tcp_zero_window_probe
                0x0800ff00       0xc0 build/obj/tcp_out.o
                0x0800ff00                tcp_zero_window_probe
 .text.chprintf.constprop.1
                0x0800ffc0       0x30 build/obj/udp.o
 .text.udp_init
                0x0800fff0       0x10 build/obj/udp.o
                0x0800fff0                udp_init
 .text.udp_input
                0x08010000      0x220 build/obj/udp.o
                0x08010000                udp_input
 .text.udp_bind
                0x08010220      0x100 build/obj/udp.o
                0x08010220                udp_bind
 .text.udp_sendto_if
                0x08010320      0x130 build/obj/udp.o
                0x08010320                udp_sendto_if
 .text.udp_sendto
                0x08010450       0x40 build/obj/udp.o
                0x08010450                udp_sendto
 .text.udp_send
                0x08010490       0x10 build/obj/udp.o
                0x08010490                udp_send
 .text.udp_recv
                0x080104a0       0x10 build/obj/udp.o
                0x080104a0                udp_recv
 .text.udp_remove
                0x080104b0       0x40 build/obj/udp.o
                0x080104b0                udp_remove
 .text.udp_new  0x080104f0       0x40 build/obj/udp.o
                0x080104f0                udp_new
 .text.chprintf.constprop.1
                0x08010530       0x30 build/obj/icmp.o
 .text.icmp_send_response.isra.0
                0x08010560       0xe0 build/obj/icmp.o
 .text.icmp_input
                0x08010640      0x280 build/obj/icmp.o
                0x08010640                icmp_input
 .text.icmp_dest_unreach
                0x080108c0       0x10 build/obj/icmp.o
                0x080108c0                icmp_dest_unreach
 .text.icmp_time_exceeded
                0x080108d0       0x10 build/obj/icmp.o
                0x080108d0                icmp_time_exceeded
 .text.lwip_standard_chksum
                0x080108e0       0x80 build/obj/inet_chksum.o
 .text.inet_chksum_pseudo
                0x08010960       0x90 build/obj/inet_chksum.o
                0x08010960                inet_chksum_pseudo
 .text.inet_chksum
                0x080109f0       0x10 build/obj/inet_chksum.o
                0x080109f0                inet_chksum
 .text.inet_chksum_pbuf
                0x08010a00       0x50 build/obj/inet_chksum.o
                0x08010a00                inet_chksum_pbuf
 .text.chprintf.constprop.1
                0x08010a50       0x30 build/obj/ip.o
 .text.ip_route
                0x08010a80       0x60 build/obj/ip.o
                0x08010a80                ip_route
 .text.ip_input
                0x08010ae0      0x210 build/obj/ip.o
                0x08010ae0                ip_input
 .text.ip_output_if
                0x08010cf0      0x170 build/obj/ip.o
                0x08010cf0                ip_output_if
 .text.ip_output
                0x08010e60       0x80 build/obj/ip.o
                0x08010e60                ip_output
 .text.ip4_addr_isbroadcast
                0x08010ee0       0x40 build/obj/ip_addr.o
                0x08010ee0                ip4_addr_isbroadcast
 .text.chprintf.constprop.0
                0x08010f20       0x30 build/obj/ip_frag.o
 .text.ip_frag_free_pbuf_custom_ref
                0x08010f50       0x50 build/obj/ip_frag.o
 .text.ipfrag_free_pbuf_custom
                0x08010fa0       0x50 build/obj/ip_frag.o
 .text.ip_reass_dequeue_datagram
                0x08010ff0       0x60 build/obj/ip_frag.o
 .text.ip_reass_free_complete_datagram
                0x08011050      0x130 build/obj/ip_frag.o
 .text.ip_reass_remove_oldest_datagram
                0x08011180       0x80 build/obj/ip_frag.o
 .text.ip_reass_tmr
                0x08011200       0x30 build/obj/ip_frag.o
                0x08011200                ip_reass_tmr
 .text.ip_reass
                0x08011230      0x440 build/obj/ip_frag.o
                0x08011230                ip_reass
 .text.ip_frag  0x08011670      0x200 build/obj/ip_frag.o
                0x08011670                ip_frag
 .text.lwip_htons
                0x08011870       0x10 build/obj/def.o
                0x08011870                lwip_htons
 .text.lwip_ntohs
                0x08011880       0x10 build/obj/def.o
                0x08011880                lwip_ntohs
 .text.lwip_htonl
                0x08011890       0x10 build/obj/def.o
                0x08011890                lwip_htonl
 .text.lwip_ntohl
                0x080118a0       0x10 build/obj/def.o
                0x080118a0                lwip_ntohl
 .text.chprintf.constprop.0
                0x080118b0       0x30 build/obj/timers.o
 .text.sys_timeout
                0x080118e0       0xa0 build/obj/timers.o
                0x080118e0                sys_timeout
 .text.tcp_timer_needed
                0x08011980       0x40 build/obj/timers.o
                0x08011980                tcp_timer_needed
 .text.tcpip_tcp_timer
                0x080119c0       0x40 build/obj/timers.o
 .text.sys_timeouts_init
                0x08011a00       0x30 build/obj/timers.o
                0x08011a00                sys_timeouts_init
 .text.arp_timer
                0x08011a30       0x20 build/obj/timers.o
 .text.ip_reass_timer
                0x08011a50       0x20 build/obj/timers.o
 .text.sys_untimeout
                0x08011a70       0x50 build/obj/timers.o
                0x08011a70                sys_untimeout
 .text.sys_timeouts_mbox_fetch
                0x08011ac0       0x60 build/obj/timers.o
                0x08011ac0                sys_timeouts_mbox_fetch
 .text.chprintf.constprop.2
                0x08011b20       0x30 build/obj/api_lib.o
 .text.netconn_recv_data
                0x08011b50      0x150 build/obj/api_lib.o
 .text.netconn_close_shutdown
                0x08011ca0       0x60 build/obj/api_lib.o
 .text.netconn_new_with_proto_and_callback
                0x08011d00       0xe0 build/obj/api_lib.o
                0x08011d00                netconn_new_with_proto_and_callback
 .text.netconn_delete
                0x08011de0       0x30 build/obj/api_lib.o
                0x08011de0                netconn_delete
 .text.netconn_getaddr
                0x08011e10       0xa0 build/obj/api_lib.o
                0x08011e10                netconn_getaddr
 .text.netconn_bind
                0x08011eb0       0x60 build/obj/api_lib.o
                0x08011eb0                netconn_bind
 .text.netconn_listen_with_backlog
                0x08011f10       0x60 build/obj/api_lib.o
                0x08011f10                netconn_listen_with_backlog
 .text.netconn_accept
                0x08011f70       0xd0 build/obj/api_lib.o
                0x08011f70                netconn_accept
 .text.netconn_recv_tcp_pbuf
                0x08012040       0x50 build/obj/api_lib.o
                0x08012040                netconn_recv_tcp_pbuf
 .text.netconn_recv
                0x08012090      0x110 build/obj/api_lib.o
                0x08012090                netconn_recv
 .text.netconn_recved
                0x080121a0       0x30 build/obj/api_lib.o
                0x080121a0                netconn_recved
 .text.netconn_send
                0x080121d0       0x60 build/obj/api_lib.o
                0x080121d0                netconn_send
 .text.netconn_write_partly
                0x08012230       0xe0 build/obj/api_lib.o
                0x08012230                netconn_write_partly
 .text.netconn_shutdown
                0x08012310       0x20 build/obj/api_lib.o
                0x08012310                netconn_shutdown
 .text.setup_tcp
                0x08012330       0x50 build/obj/api_msg.o
 .text.chprintf.constprop.2
                0x08012380       0x30 build/obj/api_msg.o
 .text.recv_tcp
                0x080123b0       0xf0 build/obj/api_msg.o
 .text.do_close_internal
                0x080124a0      0x210 build/obj/api_msg.o
 .text.do_writemore
                0x080126b0      0x200 build/obj/api_msg.o
 .text.poll_tcp
                0x080128b0       0x90 build/obj/api_msg.o
 .text.sent_tcp
                0x08012940       0x80 build/obj/api_msg.o
 .text.err_tcp  0x080129c0      0x110 build/obj/api_msg.o
 .text.recv_udp
                0x08012ad0       0xf0 build/obj/api_msg.o
 .text.do_newconn
                0x08012bc0       0x80 build/obj/api_msg.o
                0x08012bc0                do_newconn
 .text.netconn_alloc
                0x08012c40       0xb0 build/obj/api_msg.o
                0x08012c40                netconn_alloc
 .text.netconn_free
                0x08012cf0       0xa0 build/obj/api_msg.o
                0x08012cf0                netconn_free
 .text.netconn_drain
                0x08012d90       0xe0 build/obj/api_msg.o
 .text.accept_function
                0x08012e70       0xa0 build/obj/api_msg.o
 .text.do_delconn
                0x08012f10      0x130 build/obj/api_msg.o
                0x08012f10                do_delconn
 .text.do_bind  0x08013040       0x70 build/obj/api_msg.o
                0x08013040                do_bind
 .text.do_listen
                0x080130b0       0xc0 build/obj/api_msg.o
                0x080130b0                do_listen
 .text.do_send  0x08013170       0x70 build/obj/api_msg.o
                0x08013170                do_send
 .text.do_recv  0x080131e0       0x50 build/obj/api_msg.o
                0x080131e0                do_recv
 .text.do_write
                0x08013230       0xb0 build/obj/api_msg.o
                0x08013230                do_write
 .text.do_getaddr
                0x080132e0       0xd0 build/obj/api_msg.o
                0x080132e0                do_getaddr
 .text.do_close
                0x080133b0       0xc0 build/obj/api_msg.o
                0x080133b0                do_close
 .text.chprintf.constprop.0
                0x08013470       0x30 build/obj/netbuf.o
 .text.netbuf_delete
                0x080134a0       0x20 build/obj/netbuf.o
                0x080134a0                netbuf_delete
 .text.netbuf_free
                0x080134c0       0x50 build/obj/netbuf.o
                0x080134c0                netbuf_free
 .text.netbuf_ref
                0x08013510       0x70 build/obj/netbuf.o
                0x08013510                netbuf_ref
 .text.alloc_socket
                0x08013580       0x60 build/obj/sockets.o
 .text.chprintf.constprop.0
                0x080135e0       0x30 build/obj/sockets.o
 .text.lwip_setsockopt_internal
                0x08013610      0x180 build/obj/sockets.o
 .text.event_callback
                0x08013790      0x150 build/obj/sockets.o
 .text.lwip_socket_init
                0x080138e0       0x10 build/obj/sockets.o
                0x080138e0                lwip_socket_init
 .text.lwip_accept
                0x080138f0      0x200 build/obj/sockets.o
                0x080138f0                lwip_accept
 .text.lwip_bind
                0x08013af0       0xd0 build/obj/sockets.o
                0x08013af0                lwip_bind
 .text.lwip_close
                0x08013bc0       0x60 build/obj/sockets.o
                0x08013bc0                lwip_close
 .text.lwip_listen
                0x08013c20       0x80 build/obj/sockets.o
                0x08013c20                lwip_listen
 .text.lwip_recvfrom
                0x08013ca0      0x2e0 build/obj/sockets.o
                0x08013ca0                lwip_recvfrom
 .text.lwip_read
                0x08013f80       0x20 build/obj/sockets.o
                0x08013f80                lwip_read
 .text.lwip_recv
                0x08013fa0       0x20 build/obj/sockets.o
                0x08013fa0                lwip_recv
 .text.lwip_sendto
                0x08013fc0      0x150 build/obj/sockets.o
                0x08013fc0                lwip_sendto
 .text.lwip_send
                0x08014110       0xa0 build/obj/sockets.o
                0x08014110                lwip_send
 .text.lwip_socket
                0x080141b0       0x80 build/obj/sockets.o
                0x080141b0                lwip_socket
 .text.lwip_write
                0x08014230       0x10 build/obj/sockets.o
                0x08014230                lwip_write
 .text.lwip_shutdown
                0x08014240       0x90 build/obj/sockets.o
                0x08014240                lwip_shutdown
 .text.lwip_setsockopt
                0x080142d0      0x120 build/obj/sockets.o
                0x080142d0                lwip_setsockopt
 .text.lwip_fcntl
                0x080143f0       0x50 build/obj/sockets.o
                0x080143f0                lwip_fcntl
 .text.chprintf.constprop.0
                0x08014440       0x30 build/obj/tcpip.o
 .text.tcpip_thread
                0x08014470       0xc0 build/obj/tcpip.o
 .text.tcpip_input
                0x08014530       0x50 build/obj/tcpip.o
                0x08014530                tcpip_input
 .text.tcpip_callback_with_block
                0x08014580       0x60 build/obj/tcpip.o
                0x08014580                tcpip_callback_with_block
 .text.tcpip_apimsg
                0x080145e0       0x40 build/obj/tcpip.o
                0x080145e0                tcpip_apimsg
 .text.tcpip_init
                0x08014620       0x70 build/obj/tcpip.o
                0x08014620                tcpip_init
 .text.net_would_block
                0x08014690       0x30 build/obj/net.o
 .text.net_bind
                0x080146c0       0xe0 build/obj/net.o
                0x080146c0                net_bind
 .text.net_accept
                0x080147a0       0x50 build/obj/net.o
                0x080147a0                net_accept
 .text.net_recv
                0x080147f0       0x50 build/obj/net.o
                0x080147f0                net_recv
 .text.net_send
                0x08014840       0x50 build/obj/net.o
                0x08014840                net_send
 .text.net_close
                0x08014890       0x20 build/obj/net.o
                0x08014890                net_close
 .text.hardclock
                0x080148b0       0x40 build/obj/timing.o
                0x080148b0                hardclock
 .text.asn1_get_len
                0x080148f0       0xa0 build/obj/asn1parse.o
                0x080148f0                asn1_get_len
 .text.asn1_get_tag
                0x08014990       0x30 build/obj/asn1parse.o
                0x08014990                asn1_get_tag
 .text.asn1_get_bool
                0x080149c0       0x40 build/obj/asn1parse.o
                0x080149c0                asn1_get_bool
 .text.asn1_get_int
                0x08014a00       0x50 build/obj/asn1parse.o
                0x08014a00                asn1_get_int
 .text.asn1_get_mpi
                0x08014a50       0x30 build/obj/asn1parse.o
                0x08014a50                asn1_get_mpi
 .text.asn1_get_bitstring
                0x08014a80       0x50 build/obj/asn1parse.o
                0x08014a80                asn1_get_bitstring
 .text.asn1_get_bitstring_null
                0x08014ad0       0x40 build/obj/asn1parse.o
                0x08014ad0                asn1_get_bitstring_null
 .text.asn1_get_sequence_of
                0x08014b10       0x90 build/obj/asn1parse.o
                0x08014b10                asn1_get_sequence_of
 .text.asn1_get_alg
                0x08014ba0       0xa0 build/obj/asn1parse.o
                0x08014ba0                asn1_get_alg
 .text.asn1_get_alg_null
                0x08014c40       0x40 build/obj/asn1parse.o
                0x08014c40                asn1_get_alg_null
 .text.asn1_write_len
                0x08014c80       0x70 build/obj/asn1write.o
                0x08014c80                asn1_write_len
 .text.asn1_write_tag
                0x08014cf0       0x20 build/obj/asn1write.o
                0x08014cf0                asn1_write_tag
 .text.asn1_write_mpi
                0x08014d10       0x80 build/obj/asn1write.o
                0x08014d10                asn1_write_mpi
 .text.mgf_mask
                0x08014d90       0x90 build/obj/rsa.o
 .text.rsa_init
                0x08014e20       0x20 build/obj/rsa.o
                0x08014e20                rsa_init
 .text.rsa_check_pubkey
                0x08014e40       0x60 build/obj/rsa.o
                0x08014e40                rsa_check_pubkey
 .text.rsa_check_privkey
                0x08014ea0      0x2c0 build/obj/rsa.o
                0x08014ea0                rsa_check_privkey
 .text.rsa_check_pub_priv
                0x08015160       0x50 build/obj/rsa.o
                0x08015160                rsa_check_pub_priv
 .text.rsa_public
                0x080151b0       0x80 build/obj/rsa.o
                0x080151b0                rsa_public
 .text.rsa_private
                0x08015230      0x210 build/obj/rsa.o
                0x08015230                rsa_private
 .text.rsa_rsaes_oaep_encrypt
                0x08015440      0x110 build/obj/rsa.o
                0x08015440                rsa_rsaes_oaep_encrypt
 .text.rsa_rsaes_pkcs1_v15_encrypt
                0x08015550       0xf0 build/obj/rsa.o
                0x08015550                rsa_rsaes_pkcs1_v15_encrypt
 .text.rsa_pkcs1_encrypt
                0x08015640       0x50 build/obj/rsa.o
                0x08015640                rsa_pkcs1_encrypt
 .text.rsa_rsaes_oaep_decrypt
                0x08015690      0x180 build/obj/rsa.o
                0x08015690                rsa_rsaes_oaep_decrypt
 .text.rsa_rsaes_pkcs1_v15_decrypt
                0x08015810      0x140 build/obj/rsa.o
                0x08015810                rsa_rsaes_pkcs1_v15_decrypt
 .text.rsa_pkcs1_decrypt
                0x08015950       0x50 build/obj/rsa.o
                0x08015950                rsa_pkcs1_decrypt
 .text.rsa_rsassa_pss_sign
                0x080159a0      0x170 build/obj/rsa.o
                0x080159a0                rsa_rsassa_pss_sign
 .text.rsa_rsassa_pkcs1_v15_sign
                0x08015b10      0x140 build/obj/rsa.o
                0x08015b10                rsa_rsassa_pkcs1_v15_sign
 .text.rsa_pkcs1_sign
                0x08015c50       0x50 build/obj/rsa.o
                0x08015c50                rsa_pkcs1_sign
 .text.rsa_rsassa_pss_verify_ext
                0x08015ca0      0x1c0 build/obj/rsa.o
                0x08015ca0                rsa_rsassa_pss_verify_ext
 .text.rsa_rsassa_pkcs1_v15_verify
                0x08015e60      0x170 build/obj/rsa.o
                0x08015e60                rsa_rsassa_pkcs1_v15_verify
 .text.rsa_pkcs1_verify
                0x08015fd0       0x90 build/obj/rsa.o
                0x08015fd0                rsa_pkcs1_verify
 .text.rsa_free
                0x08016060       0x70 build/obj/rsa.o
                0x08016060                rsa_free
 .text.mpi_get_digit
                0x080160d0       0x40 build/obj/bignum.o
 .text.mpi_sub_hlp
                0x08016110       0x60 build/obj/bignum.o
 .text.mpi_mul_hlp
                0x08016170      0x2f0 build/obj/bignum.o
 .text.mpi_init
                0x08016460       0x10 build/obj/bignum.o
                0x08016460                mpi_init
 .text.mpi_free
                0x08016470       0x40 build/obj/bignum.o
                0x08016470                mpi_free
 .text.mpi_grow
                0x080164b0       0x80 build/obj/bignum.o
                0x080164b0                mpi_grow
 .text.mpi_shrink
                0x08016530       0xa0 build/obj/bignum.o
                0x08016530                mpi_shrink
 .text.mpi_copy
                0x080165d0       0x70 build/obj/bignum.o
                0x080165d0                mpi_copy
 .text.mpi_safe_cond_assign
                0x08016640       0x80 build/obj/bignum.o
                0x08016640                mpi_safe_cond_assign
 .text.mpi_safe_cond_swap
                0x080166c0       0x80 build/obj/bignum.o
                0x080166c0                mpi_safe_cond_swap
 .text.mpi_lset
                0x08016740       0x40 build/obj/bignum.o
                0x08016740                mpi_lset
 .text.mpi_get_bit
                0x08016780       0x20 build/obj/bignum.o
                0x08016780                mpi_get_bit
 .text.mpi_set_bit
                0x080167a0       0x50 build/obj/bignum.o
                0x080167a0                mpi_set_bit
 .text.mpi_lsb  0x080167f0       0x40 build/obj/bignum.o
                0x080167f0                mpi_lsb
 .text.mpi_msb  0x08016830       0x50 build/obj/bignum.o
                0x08016830                mpi_msb
 .text.mpi_size
                0x08016880       0x10 build/obj/bignum.o
                0x08016880                mpi_size
 .text.mpi_read_binary
                0x08016890       0x70 build/obj/bignum.o
                0x08016890                mpi_read_binary
 .text.mpi_write_binary
                0x08016900       0x50 build/obj/bignum.o
                0x08016900                mpi_write_binary
 .text.mpi_shift_l
                0x08016950       0xa0 build/obj/bignum.o
                0x08016950                mpi_shift_l
 .text.mpi_shift_r
                0x080169f0       0x90 build/obj/bignum.o
                0x080169f0                mpi_shift_r
 .text.mpi_cmp_abs
                0x08016a80       0xc0 build/obj/bignum.o
                0x08016a80                mpi_cmp_abs
 .text.mpi_montmul.isra.2
                0x08016b40       0xe0 build/obj/bignum.o
 .text.mpi_cmp_mpi
                0x08016c20       0xe0 build/obj/bignum.o
                0x08016c20                mpi_cmp_mpi
 .text.mpi_cmp_int
                0x08016d00       0x30 build/obj/bignum.o
                0x08016d00                mpi_cmp_int
 .text.mpi_add_abs
                0x08016d30       0xe0 build/obj/bignum.o
                0x08016d30                mpi_add_abs
 .text.mpi_sub_abs
                0x08016e10       0x90 build/obj/bignum.o
                0x08016e10                mpi_sub_abs
 .text.mpi_add_mpi
                0x08016ea0       0x50 build/obj/bignum.o
                0x08016ea0                mpi_add_mpi
 .text.mpi_sub_mpi
                0x08016ef0       0x50 build/obj/bignum.o
                0x08016ef0                mpi_sub_mpi
 .text.mpi_add_int
                0x08016f40       0x30 build/obj/bignum.o
                0x08016f40                mpi_add_int
 .text.mpi_sub_int
                0x08016f70       0x30 build/obj/bignum.o
                0x08016f70                mpi_sub_int
 .text.mpi_mul_mpi
                0x08016fa0      0x100 build/obj/bignum.o
                0x08016fa0                mpi_mul_mpi
 .text.mpi_read_string
                0x080170a0      0x160 build/obj/bignum.o
                0x080170a0                mpi_read_string
 .text.mpi_mul_int
                0x08017200       0x20 build/obj/bignum.o
                0x08017200                mpi_mul_int
 .text.mpi_div_mpi
                0x08017220      0x4a0 build/obj/bignum.o
                0x08017220                mpi_div_mpi
 .text.mpi_mod_mpi
                0x080176c0       0x70 build/obj/bignum.o
                0x080176c0                mpi_mod_mpi
 .text.mpi_exp_mod
                0x08017730      0x530 build/obj/bignum.o
                0x08017730                mpi_exp_mod
 .text.mpi_gcd  0x08017c60      0x130 build/obj/bignum.o
                0x08017c60                mpi_gcd
 .text.mpi_fill_random
                0x08017d90       0x40 build/obj/bignum.o
                0x08017d90                mpi_fill_random
 .text.mpi_inv_mod
                0x08017dd0      0x310 build/obj/bignum.o
                0x08017dd0                mpi_inv_mod
 .text.pem_get_iv
                0x080180e0       0x70 build/obj/pem.o
 .text.pem_pbkdf1
                0x08018150       0xd0 build/obj/pem.o
 .text.pem_des3_decrypt
                0x08018220       0x60 build/obj/pem.o
 .text.pem_aes_decrypt
                0x08018280       0x60 build/obj/pem.o
 .text.pem_init
                0x080182e0       0x40 build/obj/pem.o
                0x080182e0                pem_init
 .text.pem_read_buffer
                0x08018320      0x330 build/obj/pem.o
                0x08018320                pem_read_buffer
 .text.pem_free
                0x08018650       0x20 build/obj/pem.o
                0x08018650                pem_free
 .text.md_list  0x08018670       0x10 build/obj/md.o
                0x08018670                md_list
 .text.md_info_from_type
                0x08018680       0x20 build/obj/md.o
                0x08018680                md_info_from_type
 .text.md_init  0x080186a0       0x30 build/obj/md.o
                0x080186a0                md_init
 .text.md_free  0x080186d0       0x20 build/obj/md.o
                0x080186d0                md_free
 .text.md_init_ctx
                0x080186f0       0x50 build/obj/md.o
                0x080186f0                md_init_ctx
 .text.md_starts
                0x08018740       0x20 build/obj/md.o
                0x08018740                md_starts
 .text.md_update
                0x08018760       0x20 build/obj/md.o
                0x08018760                md_update
 .text.md_finish
                0x08018780       0x20 build/obj/md.o
                0x08018780                md_finish
 .text.md       0x080187a0       0x20 build/obj/md.o
                0x080187a0                md
 .text.md_hmac_starts
                0x080187c0       0x20 build/obj/md.o
                0x080187c0                md_hmac_starts
 .text.md_hmac_update
                0x080187e0       0x20 build/obj/md.o
                0x080187e0                md_hmac_update
 .text.md_hmac_finish
                0x08018800       0x20 build/obj/md.o
                0x08018800                md_hmac_finish
 .text.md_hmac_reset
                0x08018820       0x20 build/obj/md.o
                0x08018820                md_hmac_reset
 .text.md_process
                0x08018840       0x20 build/obj/md.o