Archive member included because of file (symbol)

c:/program files/gnu tools arm embedded/4.9 2014q4/bin/../lib/gcc/arm-none-eabi/4.9.3/armv7e-m\libgcc.a(_aeabi_uldivmod.o)
                              build/obj/bignum.o (__aeabi_uldivmod)
c:/program files/gnu tools arm embedded/4.9 2014q4/bin/../lib/gcc/arm-none-eabi/4.9.3/armv7e-m\libgcc.a(bpabi.o)
                              c:/program files/gnu tools arm embedded/4.9 2014q4/bin/../lib/gcc/arm-none-eabi/4.9.3/armv7e-m\libgcc.a(_aeabi_uldivmod.o) (__gnu_uldivmod_helper)
c:/program files/gnu tools arm embedded/4.9 2014q4/bin/../lib/gcc/arm-none-eabi/4.9.3/armv7e-m\libgcc.a(_dvmd_tls.o)
                              c:/program files/gnu tools arm embedded/4.9 2014q4/bin/../lib/gcc/arm-none-eabi/4.9.3/armv7e-m\libgcc.a(_aeabi_uldivmod.o) (__aeabi_ldiv0)
c:/program files/gnu tools arm embedded/4.9 2014q4/bin/../lib/gcc/arm-none-eabi/4.9.3/armv7e-m\libgcc.a(_divdi3.o)
                              c:/program files/gnu tools arm embedded/4.9 2014q4/bin/../lib/gcc/arm-none-eabi/4.9.3/armv7e-m\libgcc.a(bpabi.o) (__divdi3)
c:/program files/gnu tools arm embedded/4.9 2014q4/bin/../lib/gcc/arm-none-eabi/4.9.3/armv7e-m\libgcc.a(_udivdi3.o)
                              c:/program files/gnu tools arm embedded/4.9 2014q4/bin/../lib/gcc/arm-none-eabi/4.9.3/armv7e-m\libgcc.a(bpabi.o) (__udivdi3)
c:/program files/gnu tools arm embedded/4.9 2014q4/bin/../lib/gcc/arm-none-eabi/4.9.3/../../../../arm-none-eabi/lib/armv7e-m\libg.a(lib_a-atoi.o)
                              build/obj/streamio.o (atoi)
c:/program files/gnu tools arm embedded/4.9 2014q4/bin/../lib/gcc/arm-none-eabi/4.9.3/../../../../arm-none-eabi/lib/armv7e-m\libg.a(lib_a-atol.o)
                              build/obj/uhttpd.o (atol)
c:/program files/gnu tools arm embedded/4.9 2014q4/bin/../lib/gcc/arm-none-eabi/4.9.3/../../../../arm-none-eabi/lib/armv7e-m\libg.a(lib_a-calloc.o)
                              build/obj/io.o (calloc)
c:/program files/gnu tools arm embedded/4.9 2014q4/bin/../lib/gcc/arm-none-eabi/4.9.3/../../../../arm-none-eabi/lib/armv7e-m\libg.a(lib_a-callocr.o)
                              c:/program files/gnu tools arm embedded/4.9 2014q4/bin/../lib/gcc/arm-none-eabi/4.9.3/../../../../arm-none-eabi/lib/armv7e-m\libg.a(lib_a-calloc.o) (_calloc_r)
c:/program files/gnu tools arm embedded/4.9 2014q4/bin/../lib/gcc/arm-none-eabi/4.9.3/../../../../arm-none-eabi/lib/armv7e-m\libg.a(lib_a-errno.o)
                              build/obj/net.o (__errno)
c:/program files/gnu tools arm embedded/4.9 2014q4/bin/../lib/gcc/arm-none-eabi/4.9.3/../../../../arm-none-eabi/lib/armv7e-m\libg.a(lib_a-fclose.o)
                              build/obj/x509parse.o (fclose)
c:/program files/gnu tools arm embedded/4.9 2014q4/bin/../lib/gcc/arm-none-eabi/4.9.3/../../../../arm-none-eabi/lib/armv7e-m\libg.a(lib_a-fflush.o)
                              c:/program files/gnu tools arm embedded/4.9 2014q4/bin/../lib/gcc/arm-none-eabi/4.9.3/../../../../arm-none-eabi/lib/armv7e-m\libg.a(lib_a-fclose.o) (__sflush_r)
c:/program files/gnu tools arm embedded/4.9 2014q4/bin/../lib/gcc/arm-none-eabi/4.9.3/../../../../arm-none-eabi/lib/armv7e-m\libg.a(lib_a-fgets.o)
                              build/obj/bignum.o (fgets)
c:/program files/gnu tools arm embedded/4.9 2014q4/bin/../lib/gcc/arm-none-eabi/4.9.3/../../../../arm-none-eabi/lib/armv7e-m\libg.a(lib_a-findfp.o)
                              c:/program files/gnu tools arm embedded/4.9 2014q4/bin/../lib/gcc/arm-none-eabi/4.9.3/../../../../arm-none-eabi/lib/armv7e-m\libg.a(lib_a-fclose.o) (__sinit)
c:/program files/gnu tools arm embedded/4.9 2014q4/bin/../lib/gcc/arm-none-eabi/4.9.3/../../../../arm-none-eabi/lib/armv7e-m\libg.a(lib_a-fopen.o)
                              build/obj/x509parse.o (fopen)
c:/program files/gnu tools arm embedded/4.9 2014q4/bin/../lib/gcc/arm-none-eabi/4.9.3/../../../../arm-none-eabi/lib/armv7e-m\libg.a(lib_a-fread.o)
                              build/obj/x509parse.o (fread)
c:/program files/gnu tools arm embedded/4.9 2014q4/bin/../lib/gcc/arm-none-eabi/4.9.3/../../../../arm-none-eabi/lib/armv7e-m\libg.a(lib_a-freer.o)
                              c:/program files/gnu tools arm embedded/4.9 2014q4/bin/../lib/gcc/arm-none-eabi/4.9.3/../../../../arm-none-eabi/lib/armv7e-m\libg.a(lib_a-fclose.o) (_free_r)
c:/program files/gnu tools arm embedded/4.9 2014q4/bin/../lib/gcc/arm-none-eabi/4.9.3/../../../../arm-none-eabi/lib/armv7e-m\libg.a(lib_a-fseek.o)
                              c:/program files/gnu tools arm embedded/4.9 2014q4/bin/../lib/gcc/arm-none-eabi/4.9.3/../../../../arm-none-eabi/lib/armv7e-m\libg.a(lib_a-fopen.o) (_fseek_r)
c:/program files/gnu tools arm embedded/4.9 2014q4/bin/../lib/gcc/arm-none-eabi/4.9.3/../../../../arm-none-eabi/lib/armv7e-m\libg.a(lib_a-fseeko.o)
[...]
Memory Configuration

Name             Origin             Length             Attributes
flash            0x08000000         0x00100000
ram              0x20000000         0x0001c000
ethram           0x2001c000         0x00004000
ccmram           0x10000000         0x00010000
*default*        0x00000000         0xffffffff

Linker script and memory map

LOAD build/obj/chcoreasm_v7m.o
LOAD build/obj/crt0.o
LOAD build/obj/vectors.o
LOAD build/obj/chcore.o
LOAD build/obj/chcore_v7m.o
LOAD build/obj/chsys.o
LOAD build/obj/chdebug.o
LOAD build/obj/chtm.o
LOAD build/obj/chstats.o
LOAD build/obj/chschd.o
LOAD build/obj/chvt.o
LOAD build/obj/chthreads.o
LOAD build/obj/chdynamic.o
LOAD build/obj/chregistry.o
LOAD build/obj/chsem.o
LOAD build/obj/chmtx.o
LOAD build/obj/chcond.o
LOAD build/obj/chevents.o
LOAD build/obj/chmsg.o
LOAD build/obj/chmboxes.o
LOAD build/obj/chqueues.o
LOAD build/obj/chmemcore.o
LOAD build/obj/chheap.o
LOAD build/obj/chmempools.o
LOAD build/obj/test.o
LOAD build/obj/testthd.o
LOAD build/obj/testsem.o
LOAD build/obj/testmtx.o
LOAD build/obj/testmsg.o
LOAD build/obj/testmbox.o
LOAD build/obj/testevt.o
LOAD build/obj/testheap.o
LOAD build/obj/testpools.o
LOAD build/obj/testdyn.o
LOAD build/obj/testqueues.o
LOAD build/obj/testbmk.o
LOAD build/obj/hal.o
LOAD build/obj/hal_queues.o
LOAD build/obj/hal_mmcsd.o
LOAD build/obj/adc.o
LOAD build/obj/can.o
LOAD build/obj/dac.o
LOAD build/obj/ext.o
LOAD build/obj/gpt.o
LOAD build/obj/i2c.o
LOAD build/obj/i2s.o
LOAD build/obj/icu.o
LOAD build/obj/mac.o
LOAD build/obj/mmc_spi.o
LOAD build/obj/pal.o
LOAD build/obj/pwm.o
LOAD build/obj/rtc.o
LOAD build/obj/sdc.o
LOAD build/obj/serial.o
LOAD build/obj/serial_usb.o
LOAD build/obj/spi.o
LOAD build/obj/st.o
LOAD build/obj/uart.o
LOAD build/obj/usb.o
LOAD build/obj/osal.o
LOAD build/obj/nvic.o
LOAD build/obj/stm32_dma.o
LOAD build/obj/hal_lld.o
LOAD build/obj/adc_lld.o
LOAD build/obj/ext_lld_isr.o
LOAD build/obj/can_lld.o
LOAD build/obj/ext_lld.o
LOAD build/obj/mac_lld.o
LOAD build/obj/sdc_lld.o
LOAD build/obj/dac_lld.o
LOAD build/obj/pal_lld.o
LOAD build/obj/i2c_lld.o
LOAD build/obj/usb_lld.o
LOAD build/obj/rtc_lld.o
LOAD build/obj/i2s_lld.o
LOAD build/obj/spi_lld.o
LOAD build/obj/gpt_lld.o
LOAD build/obj/icu_lld.o
LOAD build/obj/pwm_lld.o
LOAD build/obj/st_lld.o
LOAD build/obj/serial_lld.o
LOAD build/obj/uart_lld.o
LOAD build/obj/board.o
LOAD build/obj/lwipthread.o
LOAD build/obj/sys_arch.o
LOAD build/obj/etharp.o
LOAD build/obj/dhcp.o
LOAD build/obj/dns.o
LOAD build/obj/init.o
LOAD build/obj/mem.o
LOAD build/obj/memp.o
LOAD build/obj/netif.o
LOAD build/obj/pbuf.o
LOAD build/obj/raw.o
LOAD build/obj/stats.o
LOAD build/obj/sys.o
LOAD build/obj/tcp.o
LOAD build/obj/tcp_in.o
LOAD build/obj/tcp_out.o
LOAD build/obj/udp.o
LOAD build/obj/autoip.o
LOAD build/obj/icmp.o
LOAD build/obj/igmp.o
LOAD build/obj/inet.o
LOAD build/obj/inet_chksum.o
LOAD build/obj/ip.o
LOAD build/obj/ip_addr.o
LOAD build/obj/ip_frag.o
LOAD build/obj/def.o
LOAD build/obj/timers.o
LOAD build/obj/api_lib.o
LOAD build/obj/api_msg.o
LOAD build/obj/err.o
LOAD build/obj/netbuf.o
LOAD build/obj/netdb.o
LOAD build/obj/netifapi.o
LOAD build/obj/sockets.o
LOAD build/obj/tcpip.o
LOAD build/obj/mediatypes.o
LOAD build/obj/uhttpd.o
LOAD build/obj/utils.o
LOAD build/obj/mtinit.o
LOAD build/obj/responses.o
LOAD build/obj/io.o
LOAD build/obj/htdocs.o
LOAD build/obj/mtreg.o
LOAD build/obj/mod_cgi_func.o
LOAD build/obj/mod_redir.o
LOAD build/obj/streamio.o
LOAD build/obj/memory_buffer_alloc.o
LOAD build/obj/net.o
LOAD build/obj/timing.o
LOAD build/obj/x509parse.o
LOAD build/obj/asn1parse.o
LOAD build/obj/certs.o
LOAD build/obj/rsa.o
LOAD build/obj/bignum.o
LOAD build/obj/pem.o
LOAD build/obj/md5.o
LOAD build/obj/des.o
LOAD build/obj/aes.o
LOAD build/obj/base64.o
LOAD build/obj/pkcs5.o
LOAD build/obj/pkcs12.o
LOAD build/obj/md.o
LOAD build/obj/cipher.o
LOAD build/obj/arc4.o
LOAD build/obj/sha1.o
LOAD build/obj/camellia.o
LOAD build/obj/blowfish.o
LOAD build/obj/md_wrap.o
LOAD build/obj/cipher_wrap.o
LOAD build/obj/sha2.o
LOAD build/obj/sha4.o
LOAD build/obj/entropy.o
LOAD build/obj/ctr_drbg.o
LOAD build/obj/entropy_poll.o
LOAD build/obj/ssl_cache.o
LOAD build/obj/ssl_tls.o
LOAD build/obj/debug.o
LOAD build/obj/dhm.o
LOAD build/obj/error.o
LOAD build/obj/ssl_cli.o
LOAD build/obj/gcm.o
LOAD build/obj/evtimer.o
LOAD build/obj/syscalls.o
LOAD build/obj/chprintf.o
LOAD build/obj/ITM_trace.o
LOAD build/obj/ArrayCopy.o
LOAD build/obj/ArrayList.o
LOAD build/obj/queue.o
LOAD build/obj/main.o
                0x20000000                __ram_start__ = ORIGIN (ram)
                0x0001c000                __ram_size__ = 0x1c000
                0x2001c000                __ram_end__ = (__ram_start__ + __ram_size__)
                0x00000000                . = 0x0
                0x00000000                _text = .

startup         0x08000000      0x1c0
 *(vectors)
 vectors        0x08000000      0x1c0 build/obj/vectors.o
                0x08000000                _vectors

constructors    0x080001c0        0x0
                0x080001c0                PROVIDE (__init_array_start, .)
 *(SORT(.init_array.*))
 *(.init_array)
                0x080001c0                PROVIDE (__init_array_end, .)

destructors     0x080001c0        0x0
                0x080001c0                PROVIDE (__fini_array_start, .)
 *(.fini_array)
 *(SORT(.fini_array.*))
                0x080001c0                PROVIDE (__fini_array_end, .)

.text           0x080001c0    0x6033c
 *(.text.startup.*)
 .text.startup.main
                0x080001c0       0xd0 build/obj/main.o
                0x080001c0                main
 *(.text)
 .text          0x08000290       0x3e build/obj/chcoreasm_v7m.o
                0x08000290                _port_switch
                0x080002a0                _port_thread_start
                0x080002b6                _port_switch_from_isr
                0x080002ca                _port_exit_from_isr
 *fill*         0x080002ce        0x2 
 .text          0x080002d0       0x2c c:/program files/gnu tools arm embedded/4.9 2014q4/bin/../lib/gcc/arm-none-eabi/4.9.3/armv7e-m\libgcc.a(_aeabi_uldivmod.o)
                0x080002d0                __aeabi_uldivmod
 *fill*         0x080002fc        0x4 
 .text          0x08000300       0x60 c:/program files/gnu tools arm embedded/4.9 2014q4/bin/../lib/gcc/arm-none-eabi/4.9.3/armv7e-m\libgcc.a(bpabi.o)
                0x08000300                __gnu_ldivmod_helper
                0x08000330                __gnu_uldivmod_helper
 .text          0x08000360        0x4 c:/program files/gnu tools arm embedded/4.9 2014q4/bin/../lib/gcc/arm-none-eabi/4.9.3/armv7e-m\libgcc.a(_dvmd_tls.o)
                0x08000360                __aeabi_idiv0
                0x08000360                __aeabi_ldiv0
 *fill*         0x08000364        0xc 
 .text          0x08000370      0x29c c:/program files/gnu tools arm embedded/4.9 2014q4/bin/../lib/gcc/arm-none-eabi/4.9.3/armv7e-m\libgcc.a(_divdi3.o)
                0x08000370                __divdi3
 *fill*         0x0800060c        0x4 
 .text          0x08000610      0x26c c:/program files/gnu tools arm embedded/4.9 2014q4/bin/../lib/gcc/arm-none-eabi/4.9.3/armv7e-m\libgcc.a(_udivdi3.o)
                0x08000610                __udivdi3
 *fill*         0x0800087c        0x4 
 .text          0x08000880      0x134 c:/program files/gnu tools arm embedded/4.9 2014q4/bin/../lib/gcc/arm-none-eabi/4.9.3/../../../../arm-none-eabi/lib/armv7e-m\libg.a(lib_a-memcpy.o)
                0x08000880                memcpy
 *fill*         0x080009b4        0xc 
 .text          0x080009c0      0x2e0 c:/program files/gnu tools arm embedded/4.9 2014q4/bin/../lib/gcc/arm-none-eabi/4.9.3/../../../../arm-none-eabi/lib/armv7e-m\libg.a(lib_a-strcmp.o)
                0x080009c8                strcmp
 .text          0x08000ca0      0x370 c:/program files/gnu tools arm embedded/4.9 2014q4/bin/../lib/gcc/arm-none-eabi/4.9.3/armv7e-m\libgcc.a(_arm_addsubdf3.o)
                0x08000ca0                __aeabi_drsub
                0x08000ca8                __aeabi_dsub
                0x08000ca8                __subdf3
                0x08000cac                __aeabi_dadd
                0x08000cac                __adddf3
                0x08000f24                __floatunsidf
                0x08000f24                __aeabi_ui2d
                0x08000f44                __floatsidf
                0x08000f44                __aeabi_i2d
                0x08000f68                __aeabi_f2d
                0x08000f68                __extendsfdf2
                0x08000fa4                __floatundidf
                0x08000fa4                __aeabi_ul2d
                0x08000fb4                __floatdidf
                0x08000fb4                __aeabi_l2d
 .text          0x08001010      0x424 c:/program files/gnu tools arm embedded/4.9 2014q4/bin/../lib/gcc/arm-none-eabi/4.9.3/armv7e-m\libgcc.a(_arm_muldivdf3.o)
                0x08001010                __aeabi_dmul
                0x08001010                __muldf3
                0x08001264                __divdf3
                0x08001264                __aeabi_ddiv
 *fill*         0x08001434        0xc 
 .text          0x08001440      0x110 c:/program files/gnu tools arm embedded/4.9 2014q4/bin/../lib/gcc/arm-none-eabi/4.9.3/armv7e-m\libgcc.a(_arm_cmpdf2.o)
                0x08001440                __gtdf2
                0x08001440                __gedf2
                0x08001448                __ltdf2
                0x08001448                __ledf2
                0x08001450                __nedf2
                0x08001450                __eqdf2
                0x08001450                __cmpdf2
                0x080014cc                __aeabi_cdrcmple
                0x080014dc                __aeabi_cdcmpeq
                0x080014dc                __aeabi_cdcmple
                0x080014ec                __aeabi_dcmpeq
                0x08001500                __aeabi_dcmplt
                0x08001514                __aeabi_dcmple
                0x08001528                __aeabi_dcmpge
                0x0800153c                __aeabi_dcmpgt
 .text          0x08001550       0x50 c:/program files/gnu tools arm embedded/4.9 2014q4/bin/../lib/gcc/arm-none-eabi/4.9.3/armv7e-m\libgcc.a(_arm_fixdfsi.o)
                0x08001550                __aeabi_d2iz
                0x08001550                __fixdfsi
 *(.text.*)
 .text.__late_init
                0x080015a0       0x10 build/obj/crt0.o
                0x080015a0                __late_init
 .text._default_exit
                0x080015b0       0x10 build/obj/crt0.o
                0x080015b0                _default_exit
 .text.Reset_Handler
                0x080015c0      0x100 build/obj/crt0.o
                0x080015c0                Reset_Handler
 .text._unhandled_exception
                0x080016c0       0x10 build/obj/vectors.o
                0x080016c0                Vector58
                0x080016c0                VectorE8
                0x080016c0                Vector9C
                0x080016c0                VectorAC
                0x080016c0                DebugMon_Handler
                0x080016c0                Vector1A0
                0x080016c0                Vector5C
                0x080016c0                Vector11C
                0x080016c0                HardFault_Handler
                0x080016c0                Vector1B8
                0x080016c0                Vector19C
                0x080016c0                Vector8C
                0x080016c0                SysTick_Handler
                0x080016c0                PendSV_Handler
                0x080016c0                Vector168
                0x080016c0                NMI_Handler
                0x080016c0                Vector110
                0x080016c0                VectorC8
                0x080016c0                Vector94
                0x080016c0                VectorA8
                0x080016c0                VectorB4
                0x080016c0                Vector160
                0x080016c0                Vector1B0
                0x080016c0                UsageFault_Handler
                0x080016c0                VectorEC
                0x080016c0                Vector40
                0x080016c0                VectorF8
                0x080016c0                Vector108
                0x080016c0                VectorBC
                0x080016c0                Vector190
                0x080016c0                Vector148
                0x080016c0                Vector188
                0x080016c0                Vector198
                0x080016c0                Vector118
                0x080016c0                Vector64
                0x080016c0                VectorCC
                0x080016c0                Vector54
                0x080016c0                Vector98
                0x080016c0                Vector138
                0x080016c0                Vector24
                0x080016c0                Vector1AC
                0x080016c0                Vector178
                0x080016c0                Vector1A4
                0x080016c0                VectorD0
                0x080016c0                Vector1B4
                0x080016c0                Vector140
                0x080016c0                VectorE4
                0x080016c0                VectorC0
                0x080016c0                VectorF0
                0x080016c0                Vector13C
                0x080016c0                Vector100
                0x080016c0                VectorE0
                0x080016c0                VectorF4
                0x080016c0                MemManage_Handler
                0x080016c0                VectorA0
                0x080016c0                VectorC4
                0x080016c0                Vector180
                0x080016c0                Vector90
                0x080016c0                Vector114
                0x080016c0                Vector164
                0x080016c0                Vector60
                0x080016c0                Vector1C
                0x080016c0                Vector1BC
                0x080016c0                Vector17C
                0x080016c0                Vector48
                0x080016c0                Vector1A8
                0x080016c0                Vector16C
                0x080016c0                VectorD4
                0x080016c0                Vector4C
                0x080016c0                Vector144
                0x080016c0                Vector68
                0x080016c0                _unhandled_exception
                0x080016c0                Vector170
                0x080016c0                Vector88
                0x080016c0                Vector104
                0x080016c0                Vector184
                0x080016c0                Vector10C
                0x080016c0                Vector14C
                0x080016c0                BusFault_Handler
                0x080016c0                Vector50
                0x080016c0                Vector194
                0x080016c0                Vector44
                0x080016c0                Vector28
                0x080016c0                VectorB8
                0x080016c0                Vector34
                0x080016c0                VectorA4
                0x080016c0                Vector20
                0x080016c0                Vector18C
                0x080016c0                Vector174
 .text.SVC_Handler
                0x080016d0       0x20 build/obj/chcore_v7m.o
                0x080016d0                SVC_Handler
 .text._port_irq_epilogue
                0x080016f0       0x50 build/obj/chcore_v7m.o
                0x080016f0                _port_irq_epilogue
 .text._idle_thread
                0x08001740       0x20 build/obj/chsys.o
 .text.chSysInit
                0x08001760       0xb0 build/obj/chsys.o
                0x08001760                chSysInit
 .text.chSysHalt
                0x08001810       0x20 build/obj/chsys.o
                0x08001810                chSysHalt
 .text.chSysTimerHandlerI
                0x08001830       0x90 build/obj/chsys.o
                0x08001830                chSysTimerHandlerI
 .text.chSysIsCounterWithinX
                0x080018c0       0x20 build/obj/chsys.o
                0x080018c0                chSysIsCounterWithinX
 .text.chSysPolledDelayX
                0x080018e0       0x30 build/obj/chsys.o
                0x080018e0                chSysPolledDelayX
 .text._dbg_check_enable
                0x08001910       0x20 build/obj/chdebug.o
                0x08001910                _dbg_check_enable
 .text._dbg_check_lock
                0x08001930       0x20 build/obj/chdebug.o
                0x08001930                _dbg_check_lock
 .text._dbg_check_unlock
                0x08001950       0x30 build/obj/chdebug.o
                0x08001950                _dbg_check_unlock
 .text._dbg_check_lock_from_isr
                0x08001980       0x30 build/obj/chdebug.o
                0x08001980                _dbg_check_lock_from_isr
 .text._dbg_check_unlock_from_isr
                0x080019b0       0x30 build/obj/chdebug.o
                0x080019b0                _dbg_check_unlock_from_isr
 .text._dbg_check_enter_isr
                0x080019e0       0x30 build/obj/chdebug.o
                0x080019e0                _dbg_check_enter_isr
 .text._dbg_check_leave_isr
                0x08001a10       0x30 build/obj/chdebug.o
                0x08001a10                _dbg_check_leave_isr
 .text.chDbgCheckClassI
                0x08001a40       0x20 build/obj/chdebug.o
                0x08001a40                chDbgCheckClassI
 .text.chDbgCheckClassS
                0x08001a60       0x20 build/obj/chdebug.o
                0x08001a60                chDbgCheckClassS
 .text._dbg_trace_init
                0x08001a80       0x10 build/obj/chdebug.o
                0x08001a80                _dbg_trace_init
 .text._dbg_trace
                0x08001a90       0x40 build/obj/chdebug.o
                0x08001a90                _dbg_trace
 .text.chTMObjectInit
                0x08001ad0       0x20 build/obj/chtm.o
                0x08001ad0                chTMObjectInit
 .text.chTMStartMeasurementX
                0x08001af0       0x10 build/obj/chtm.o
                0x08001af0                chTMStartMeasurementX
 .text.chTMStopMeasurementX
                0x08001b00       0x50 build/obj/chtm.o
                0x08001b00                chTMStopMeasurementX
 .text._tm_init
                0x08001b50       0x40 build/obj/chtm.o
                0x08001b50                _tm_init
 .text.chTMChainMeasurementToX
                0x08001b90       0x40 build/obj/chtm.o
                0x08001b90                chTMChainMeasurementToX
 .text._stats_init
                0x08001bd0       0x30 build/obj/chstats.o
                0x08001bd0                _stats_init
 .text._stats_increase_irq
                0x08001c00       0x20 build/obj/chstats.o
                0x08001c00                _stats_increase_irq
 .text._stats_ctxswc
                0x08001c20       0x30 build/obj/chstats.o
                0x08001c20                _stats_ctxswc
 .text._stats_start_measure_crit_thd
                0x08001c50       0x10 build/obj/chstats.o
                0x08001c50                _stats_start_measure_crit_thd
 .text._stats_stop_measure_crit_thd
                0x08001c60       0x10 build/obj/chstats.o
                0x08001c60                _stats_stop_measure_crit_thd
 .text._stats_start_measure_crit_isr
                0x08001c70       0x10 build/obj/chstats.o
                0x08001c70                _stats_start_measure_crit_isr
 .text._stats_stop_measure_crit_isr
                0x08001c80       0x10 build/obj/chstats.o
                0x08001c80                _stats_stop_measure_crit_isr
 .text._scheduler_init
                0x08001c90       0x20 build/obj/chschd.o
                0x08001c90                _scheduler_init
 .text.chSchReadyI
                0x08001cb0       0x60 build/obj/chschd.o
                0x08001cb0                chSchReadyI
 .text.wakeup   0x08001d10       0x70 build/obj/chschd.o
 .text.chSchGoSleepS
                0x08001d80       0x60 build/obj/chschd.o
                0x08001d80                chSchGoSleepS
 .text.chSchGoSleepTimeoutS
                0x08001de0       0x60 build/obj/chschd.o
                0x08001de0                chSchGoSleepTimeoutS
 .text.chSchWakeupS
                0x08001e40       0x70 build/obj/chschd.o
                0x08001e40                chSchWakeupS
 .text.chSchIsPreemptionRequired
                0x08001eb0       0x20 build/obj/chschd.o
                0x08001eb0                chSchIsPreemptionRequired
 .text.chSchDoRescheduleBehind
                0x08001ed0       0x50 build/obj/chschd.o
                0x08001ed0                chSchDoRescheduleBehind
 .text.chSchDoRescheduleAhead
                0x08001f20       0x70 build/obj/chschd.o
                0x08001f20                chSchDoRescheduleAhead
 .text.chSchRescheduleS
                0x08001f90       0x30 build/obj/chschd.o
                0x08001f90                chSchRescheduleS
 .text.chSchDoReschedule
                0x08001fc0       0x10 build/obj/chschd.o
                0x08001fc0                chSchDoReschedule
 .text._vt_init
                0x08001fd0       0x20 build/obj/chvt.o
                0x08001fd0                _vt_init
 .text.chVTDoSetI
                0x08001ff0       0xa0 build/obj/chvt.o
                0x08001ff0                chVTDoSetI
 .text.chVTDoResetI
                0x08002090       0x80 build/obj/chvt.o
                0x08002090                chVTDoResetI
 .text._thread_init
                0x08002110       0x70 build/obj/chthreads.o
                0x08002110                _thread_init
 .text._thread_memfill
                0x08002180       0x10 build/obj/chthreads.o
                0x08002180                _thread_memfill
 .text.chThdCreateI
                0x08002190       0x50 build/obj/chthreads.o
                0x08002190                chThdCreateI
 .text.chThdCreateStatic
                0x080021e0       0xa0 build/obj/chthreads.o
                0x080021e0                chThdCreateStatic
 .text.chThdStart
                0x08002280       0x80 build/obj/chthreads.o
                0x08002280                chThdStart
 .text.chThdSetPriority
                0x08002300       0x80 build/obj/chthreads.o
                0x08002300                chThdSetPriority
 .text.chThdTerminate
                0x08002380       0x60 build/obj/chthreads.o
                0x08002380                chThdTerminate
 .text.chThdSleep
                0x080023e0       0x60 build/obj/chthreads.o
                0x080023e0                chThdSleep
 .text.chThdSleepUntil
                0x08002440       0x60 build/obj/chthreads.o
                0x08002440                chThdSleepUntil
 .text.chThdYield
                0x080024a0       0x60 build/obj/chthreads.o
                0x080024a0                chThdYield
 .text.chThdExitS
                0x08002500       0x60 build/obj/chthreads.o
                0x08002500                chThdExitS
 .text.chThdExit
                0x08002560       0x20 build/obj/chthreads.o
                0x08002560                chThdExit
 .text.chThdWait
                0x08002580       0xb0 build/obj/chthreads.o
                0x08002580                chThdWait
 .text.chThdEnqueueTimeoutS
                0x08002630       0x30 build/obj/chthreads.o
                0x08002630                chThdEnqueueTimeoutS
 .text.chThdDequeueNextI
                0x08002660       0x40 build/obj/chthreads.o
                0x08002660                chThdDequeueNextI
 .text.chThdDequeueAllI
                0x080026a0       0x40 build/obj/chthreads.o
                0x080026a0                chThdDequeueAllI
 .text.chThdAddRef
                0x080026e0       0x80 build/obj/chdynamic.o
                0x080026e0                chThdAddRef
 .text.chThdRelease
                0x08002760       0xc0 build/obj/chdynamic.o
                0x08002760                chThdRelease
 .text.chThdCreateFromHeap
                0x08002820       0xa0 build/obj/chdynamic.o
                0x08002820                chThdCreateFromHeap
 .text.chThdCreateFromMemoryPool
                0x080028c0       0xb0 build/obj/chdynamic.o
                0x080028c0                chThdCreateFromMemoryPool
 .text.chRegFirstThread
                0x08002970       0x60 build/obj/chregistry.o
                0x08002970                chRegFirstThread
 .text.chRegNextThread
                0x080029d0       0x90 build/obj/chregistry.o
                0x080029d0                chRegNextThread
 .text.chSemObjectInit
                0x08002a60       0x30 build/obj/chsem.o
                0x08002a60                chSemObjectInit
 .text.chSemResetI
                0x08002a90       0x70 build/obj/chsem.o
                0x08002a90                chSemResetI
 .text.chSemReset
                0x08002b00       0x60 build/obj/chsem.o
                0x08002b00                chSemReset
 .text.chSemWaitS
                0x08002b60       0x70 build/obj/chsem.o
                0x08002b60                chSemWaitS
 .text.chSemWait
                0x08002bd0       0x60 build/obj/chsem.o
                0x08002bd0                chSemWait
 .text.chSemWaitTimeoutS
                0x08002c30       0x80 build/obj/chsem.o
                0x08002c30                chSemWaitTimeoutS
 .text.chSemWaitTimeout
                0x08002cb0       0x60 build/obj/chsem.o
                0x08002cb0                chSemWaitTimeout
 .text.chSemSignal
                0x08002d10       0xa0 build/obj/chsem.o
                0x08002d10                chSemSignal
 .text.chSemSignalI
                0x08002db0       0x70 build/obj/chsem.o
                0x08002db0                chSemSignalI
 .text.chSemAddCounterI
                0x08002e20       0x70 build/obj/chsem.o
                0x08002e20                chSemAddCounterI
 .text.chSemSignalWait
                0x08002e90       0xf0 build/obj/chsem.o
                0x08002e90                chSemSignalWait
 .text.chMtxObjectInit
                0x08002f80       0x20 build/obj/chmtx.o
                0x08002f80                chMtxObjectInit
 .text.chMtxLockS
                0x08002fa0      0x110 build/obj/chmtx.o
                0x08002fa0                chMtxLockS
 .text.chMtxLock
                0x080030b0       0x50 build/obj/chmtx.o
                0x080030b0                chMtxLock
 .text.chMtxTryLockS
                0x08003100       0x40 build/obj/chmtx.o
                0x08003100                chMtxTryLockS
 .text.chMtxTryLock
                0x08003140       0x60 build/obj/chmtx.o
                0x08003140                chMtxTryLock
 .text.chMtxUnlock
                0x080031a0      0x100 build/obj/chmtx.o
                0x080031a0                chMtxUnlock
 .text.chMtxUnlockS
                0x080032a0       0xc0 build/obj/chmtx.o
                0x080032a0                chMtxUnlockS
 .text.chMtxUnlockAll
                0x08003360       0x90 build/obj/chmtx.o
                0x08003360                chMtxUnlockAll
 .text.chCondObjectInit
                0x080033f0       0x20 build/obj/chcond.o
                0x080033f0                chCondObjectInit
 .text.chCondSignal
                0x08003410       0x70 build/obj/chcond.o
                0x08003410                chCondSignal
 .text.chCondSignalI
                0x08003480       0x40 build/obj/chcond.o
                0x08003480                chCondSignalI
 .text.chCondBroadcastI
                0x080034c0       0x40 build/obj/chcond.o
                0x080034c0                chCondBroadcastI
 .text.chCondBroadcast
                0x08003500       0x60 build/obj/chcond.o
                0x08003500                chCondBroadcast
 .text.chCondWaitS
                0x08003560       0x70 build/obj/chcond.o
                0x08003560                chCondWaitS
 .text.chCondWait
                0x080035d0       0x60 build/obj/chcond.o
                0x080035d0                chCondWait
 .text.chCondWaitTimeoutS
                0x08003630       0x80 build/obj/chcond.o
                0x08003630                chCondWaitTimeoutS
 .text.chCondWaitTimeout
                0x080036b0       0x60 build/obj/chcond.o
                0x080036b0                chCondWaitTimeout
 .text.chEvtRegisterMaskWithFlags
                0x08003710       0x80 build/obj/chevents.o
                0x08003710                chEvtRegisterMaskWithFlags
 .text.chEvtUnregister
                0x08003790       0x80 build/obj/chevents.o
                0x08003790                chEvtUnregister
 .text.chEvtGetAndClearEvents
                0x08003810       0x60 build/obj/chevents.o
                0x08003810                chEvtGetAndClearEvents
 .text.chEvtAddEvents
                0x08003870       0x60 build/obj/chevents.o
                0x08003870                chEvtAddEvents
 .text.chEvtSignalI
                0x080038d0       0x50 build/obj/chevents.o
                0x080038d0                chEvtSignalI
 .text.chEvtBroadcastFlagsI
                0x08003920       0x40 build/obj/chevents.o
                0x08003920                chEvtBroadcastFlagsI
 .text.chEvtSignal
                0x08003960       0x70 build/obj/chevents.o
                0x08003960                chEvtSignal
 .text.chEvtBroadcastFlags
                0x080039d0       0x60 build/obj/chevents.o
                0x080039d0                chEvtBroadcastFlags
 .text.chEvtDispatch
                0x08003a30       0x60 build/obj/chevents.o
                0x08003a30                chEvtDispatch
 .text.chEvtWaitOne
                0x08003a90       0x70 build/obj/chevents.o
                0x08003a90                chEvtWaitOne
 .text.chEvtWaitAny
                0x08003b00       0x70 build/obj/chevents.o
                0x08003b00                chEvtWaitAny
 .text.chEvtWaitAll
                0x08003b70       0x70 build/obj/chevents.o
                0x08003b70                chEvtWaitAll
 .text.chEvtWaitOneTimeout
                0x08003be0       0xc0 build/obj/chevents.o
                0x08003be0                chEvtWaitOneTimeout
 .text.chEvtWaitAnyTimeout
                0x08003ca0       0xc0 build/obj/chevents.o
                0x08003ca0                chEvtWaitAnyTimeout
 .text.chEvtWaitAllTimeout
                0x08003d60       0xb0 build/obj/chevents.o
                0x08003d60                chEvtWaitAllTimeout
 .text.chMsgSend
                0x08003e10       0x90 build/obj/chmsg.o
                0x08003e10                chMsgSend
 .text.chMsgWait
                0x08003ea0       0x80 build/obj/chmsg.o
                0x08003ea0                chMsgWait
 .text.chMsgRelease
                0x08003f20       0x80 build/obj/chmsg.o
                0x08003f20                chMsgRelease
 .text.chMBObjectInit
                0x08003fa0       0x40 build/obj/chmboxes.o
                0x08003fa0                chMBObjectInit
 .text.chMBResetI
                0x08003fe0       0x40 build/obj/chmboxes.o
                0x08003fe0                chMBResetI
 .text.chMBReset
                0x08004020       0x60 build/obj/chmboxes.o
                0x08004020                chMBReset
 .text.chMBPostS
                0x08004080       0x50 build/obj/chmboxes.o
                0x08004080                chMBPostS
 .text.chMBPost
                0x080040d0       0x60 build/obj/chmboxes.o
                0x080040d0                chMBPost
 .text.chMBPostI
                0x08004130       0x60 build/obj/chmboxes.o
                0x08004130                chMBPostI
 .text.chMBPostAheadS
                0x08004190       0x50 build/obj/chmboxes.o
                0x08004190                chMBPostAheadS
 .text.chMBPostAhead
                0x080041e0       0x60 build/obj/chmboxes.o
                0x080041e0                chMBPostAhead
 .text.chMBPostAheadI
                0x08004240       0x60 build/obj/chmboxes.o
                0x08004240                chMBPostAheadI
 .text.chMBFetchS
                0x080042a0       0x50 build/obj/chmboxes.o
                0x080042a0                chMBFetchS
 .text.chMBFetch
                0x080042f0       0x60 build/obj/chmboxes.o
                0x080042f0                chMBFetch
 .text.chMBFetchI
                0x08004350       0x60 build/obj/chmboxes.o
                0x08004350                chMBFetchI
 .text.chIQObjectInit
                0x080043b0       0x20 build/obj/chqueues.o
                0x080043b0                chIQObjectInit
 .text.chIQResetI
                0x080043d0       0x20 build/obj/chqueues.o
                0x080043d0                chIQResetI
 .text.chIQPutI
                0x080043f0       0x50 build/obj/chqueues.o
                0x080043f0                chIQPutI
 .text.chIQGetTimeout
                0x08004440       0x90 build/obj/chqueues.o
                0x08004440                chIQGetTimeout
 .text.chIQReadTimeout
                0x080044d0       0xf0 build/obj/chqueues.o
                0x080044d0                chIQReadTimeout
 .text.chOQObjectInit
                0x080045c0       0x20 build/obj/chqueues.o
                0x080045c0                chOQObjectInit
 .text.chOQResetI
                0x080045e0       0x30 build/obj/chqueues.o
                0x080045e0                chOQResetI
 .text.chOQPutTimeout
                0x08004610       0xc0 build/obj/chqueues.o
                0x08004610                chOQPutTimeout
 .text.chOQGetI
                0x080046d0       0x40 build/obj/chqueues.o
                0x080046d0                chOQGetI
 .text.chOQWriteTimeout
                0x08004710      0x120 build/obj/chqueues.o
                0x08004710                chOQWriteTimeout
 .text._core_init
                0x08004830       0x30 build/obj/chmemcore.o
                0x08004830                _core_init
 .text.chCoreAllocI
                0x08004860       0x30 build/obj/chmemcore.o
                0x08004860                chCoreAllocI
 .text.chCoreAlloc
                0x08004890       0x60 build/obj/chmemcore.o
                0x08004890                chCoreAlloc
 .text.chCoreGetStatusX
                0x080048f0       0x20 build/obj/chmemcore.o
                0x080048f0                chCoreGetStatusX
 .text._heap_init
                0x08004910       0x20 build/obj/chheap.o
                0x08004910                _heap_init
 .text.chHeapObjectInit
                0x08004930       0x40 build/obj/chheap.o
                0x08004930                chHeapObjectInit
 .text.chHeapAlloc
                0x08004970       0x90 build/obj/chheap.o
                0x08004970                chHeapAlloc
 .text.chHeapFree
                0x08004a00       0xe0 build/obj/chheap.o
                0x08004a00                chHeapFree
 .text.chHeapStatus
                0x08004ae0       0x50 build/obj/chheap.o
                0x08004ae0                chHeapStatus
 .text.chPoolObjectInit
                0x08004b30       0x20 build/obj/chmempools.o
                0x08004b30                chPoolObjectInit
 .text.chPoolAllocI
                0x08004b50       0x30 build/obj/chmempools.o
                0x08004b50                chPoolAllocI
 .text.chPoolAlloc
                0x08004b80       0x60 build/obj/chmempools.o
                0x08004b80                chPoolAlloc
 .text.chPoolFreeI
                0x08004be0       0x30 build/obj/chmempools.o
                0x08004be0                chPoolFreeI
 .text.chPoolFree
                0x08004c10       0x60 build/obj/chmempools.o
                0x08004c10                chPoolFree
 .text.chPoolLoadArray
                0x08004c70       0x40 build/obj/chmempools.o
                0x08004c70                chPoolLoadArray
 .text.tmr      0x08004cb0       0x10 build/obj/test.o
 .text.print_line
                0x08004cc0       0x30 build/obj/test.o
 .text.test_printn
                0x08004cf0       0x60 build/obj/test.o
                0x08004cf0                test_printn
 .text.test_print
                0x08004d50       0x20 build/obj/test.o
                0x08004d50                test_print
 .text.test_println
                0x08004d70       0x40 build/obj/test.o
                0x08004d70                test_println
 .text.test_emit_token
                0x08004db0       0x60 build/obj/test.o
                0x08004db0                test_emit_token
 .text._test_assert
                0x08004e10       0x30 build/obj/test.o
                0x08004e10                _test_assert
 .text._test_assert_sequence
                0x08004e40       0x50 build/obj/test.o
                0x08004e40                _test_assert_sequence
 .text._test_assert_time_window
                0x08004e90       0x80 build/obj/test.o
                0x08004e90                _test_assert_time_window
 .text.test_terminate_threads
                0x08004f10       0x20 build/obj/test.o
                0x08004f10                test_terminate_threads
 .text.test_wait_threads
                0x08004f30       0x30 build/obj/test.o
                0x08004f30                test_wait_threads
 .text.test_wait_tick
                0x08004f60       0x60 build/obj/test.o
                0x08004f60                test_wait_tick
 .text.test_start_timer
                0x08004fc0       0x90 build/obj/test.o
                0x08004fc0                test_start_timer
 .text.TestThread
                0x08005050      0x320 build/obj/test.o
                0x08005050                TestThread
 .text.thd1_execute
                0x08005370       0xd0 build/obj/testthd.o
 .text.thread   0x08005440       0x10 build/obj/testthd.o
 .text.thd2_execute
                0x08005450      0x110 build/obj/testthd.o
 .text.thd4_execute
                0x08005560      0x170 build/obj/testthd.o
 .text.thd3_execute
                0x080056d0      0x1a0 build/obj/testthd.o
 .text.thread3  0x08005870       0x20 build/obj/testsem.o
 .text.thread1  0x08005890       0x20 build/obj/testsem.o
 .text.sem1_setup
                0x080058b0       0x10 build/obj/testsem.o
 .text.sem2_setup
                0x080058c0       0x10 build/obj/testsem.o
 .text.sem3_setup
                0x080058d0       0x10 build/obj/testsem.o
 .text.sem3_execute
                0x080058e0       0xa0 build/obj/testsem.o
 .text.thread4  0x08005980       0x60 build/obj/testsem.o
 .text.thread2  0x080059e0       0x60 build/obj/testsem.o
 .text.sem1_execute
                0x08005a40      0x1b0 build/obj/testsem.o
 .text.sem2_execute
                0x08005bf0      0x190 build/obj/testsem.o
 .text.sem4_execute
                0x08005d80      0x320 build/obj/testsem.o
 .text.mtx1_execute
                0x080060a0       0xe0 build/obj/testmtx.o
 .text.thread1  0x08006180       0x20 build/obj/testmtx.o
 .text.thread12
                0x080061a0       0x20 build/obj/testmtx.o
 .text.mtx1_setup
                0x080061c0       0x10 build/obj/testmtx.o
 .text.mtx4_setup
                0x080061d0       0x20 build/obj/testmtx.o
 .text.mtx5_setup
                0x080061f0       0x10 build/obj/testmtx.o
 .text.thread4b
                0x08006200       0x20 build/obj/testmtx.o
 .text.thread4a
                0x08006220       0x20 build/obj/testmtx.o
 .text.mtx4_execute
                0x08006240      0x2a0 build/obj/testmtx.o
 .text.thread10
                0x080064e0       0x30 build/obj/testmtx.o
 .text.mtx6_setup
                0x08006510       0x20 build/obj/testmtx.o
 .text.mtx7_setup
                0x08006530       0x20 build/obj/testmtx.o
 .text.mtx8_setup
                0x08006550       0x30 build/obj/testmtx.o
 .text.mtx7_execute
                0x08006580       0xc0 build/obj/testmtx.o
 .text.mtx8_execute
                0x08006640       0xa0 build/obj/testmtx.o
 .text.thread11
                0x080066e0       0x40 build/obj/testmtx.o
 .text.mtx6_execute
                0x08006720      0x120 build/obj/testmtx.o
 .text.mtx5_execute
                0x08006840       0xf0 build/obj/testmtx.o
 .text.msg1_execute
                0x08006930       0x80 build/obj/testmsg.o
 .text.thread   0x080069b0       0x20 build/obj/testmsg.o
 .text.chSysUnlock
                0x080069d0       0x40 build/obj/testmbox.o
 .text.mbox1_setup
                0x08006a10       0x20 build/obj/testmbox.o
 .text.mbox1_execute
                0x08006a30      0x760 build/obj/testmbox.o
 .text.h3       0x08007190       0x10 build/obj/testevt.o
 .text.h2       0x080071a0       0x10 build/obj/testevt.o
 .text.h1       0x080071b0       0x10 build/obj/testevt.o
 .text.evt1_execute
                0x080071c0       0x90 build/obj/testevt.o
 .text.evt1_setup
                0x08007250       0x10 build/obj/testevt.o
 .text.evt2_setup
                0x08007260       0x10 build/obj/testevt.o
 .text.evt3_setup
                0x08007270       0x10 build/obj/testevt.o
 .text.thread2  0x08007280       0x30 build/obj/testevt.o
 .text.thread1  0x080072b0       0x20 build/obj/testevt.o
 .text.chVTGetSystemTime
                0x080072d0       0x50 build/obj/testevt.o
 .text.evt3_execute
                0x08007320       0xa0 build/obj/testevt.o
 .text.evt2_execute
                0x080073c0      0x2c0 build/obj/testevt.o
 .text.heap1_execute
                0x08007680      0x250 build/obj/testheap.o
 .text.heap1_setup
                0x080078d0       0x20 build/obj/testheap.o
 .text.null_provider
                0x080078f0       0x10 build/obj/testpools.o
 .text.pools1_setup
                0x08007900       0x10 build/obj/testpools.o
 .text.pools1_execute
                0x08007910       0xc0 build/obj/testpools.o
 .text.dyn1_execute
                0x080079d0      0x100 build/obj/testdyn.o
 .text.thread   0x08007ad0       0x10 build/obj/testdyn.o
 .text.dyn1_setup
                0x08007ae0       0x20 build/obj/testdyn.o
 .text.dyn3_setup
                0x08007b00       0x20 build/obj/testdyn.o
 .text.dyn2_execute
                0x08007b20      0x100 build/obj/testdyn.o
 .text.dyn2_setup
                0x08007c20       0x10 build/obj/testdyn.o
 .text.regfind  0x08007c30       0x30 build/obj/testdyn.o
 .text.dyn3_execute
                0x08007c60      0x140 build/obj/testdyn.o
 .text.notify   0x08007da0       0x10 build/obj/testqueues.o
 .text.thread1  0x08007db0       0x20 build/obj/testqueues.o
 .text.chSysUnlock
                0x08007dd0       0x40 build/obj/testqueues.o
 .text.queues1_setup
                0x08007e10       0x30 build/obj/testqueues.o
 .text.thread2  0x08007e40       0x20 build/obj/testqueues.o
 .text.queues2_setup
                0x08007e60       0x30 build/obj/testqueues.o
 .text.queues1_execute
                0x08007e90      0x470 build/obj/testqueues.o
 .text.queues2_execute
                0x08008300      0x480 build/obj/testqueues.o
 .text.thread1  0x08008780       0x10 build/obj/testbmk.o
 .text.tmo      0x08008790       0x10 build/obj/testbmk.o
 .text.bmk13_execute
                0x080087a0       0xf0 build/obj/testbmk.o
 .text.thread2  0x08008890       0x20 build/obj/testbmk.o
 .text.bmk6_execute
                0x080088b0       0x70 build/obj/testbmk.o
 .text.msg_loop_test
                0x08008920       0x40 build/obj/testbmk.o
 .text.bmk1_execute
                0x08008960       0x70 build/obj/testbmk.o
 .text.bmk2_execute
                0x080089d0       0x70 build/obj/testbmk.o
 .text.bmk3_execute
                0x08008a40       0xe0 build/obj/testbmk.o
 .text.bmk5_execute
                0x08008b20       0x80 build/obj/testbmk.o
 .text.bmk7_execute
                0x08008ba0      0x110 build/obj/testbmk.o
 .text.thread3  0x08008cb0       0x30 build/obj/testbmk.o
 .text.bmk7_setup
                0x08008ce0       0x10 build/obj/testbmk.o
 .text.bmk11_setup
                0x08008cf0       0x10 build/obj/testbmk.o
 .text.bmk8_execute
                0x08008d00       0xe0 build/obj/testbmk.o
 .text.thread8  0x08008de0       0x30 build/obj/testbmk.o
 .text.bmk11_execute
                0x08008e10       0x70 build/obj/testbmk.o
 .text.bmk12_execute
                0x08008e80       0x70 build/obj/testbmk.o
 .text.bmk12_setup
                0x08008ef0       0x10 build/obj/testbmk.o
 .text.bmk10_execute
                0x08008f00       0xc0 build/obj/testbmk.o
 .text.bmk4_execute
                0x08008fc0      0x120 build/obj/testbmk.o
 .text.bmk9_execute
                0x080090e0       0xf0 build/obj/testbmk.o
 .text.thread4  0x080091d0       0x60 build/obj/testbmk.o
                0x080091d0                thread4
 .text.chprintf.constprop.0
                0x08009230       0x30 build/obj/hal.o
 .text.halInit  0x08009260       0x70 build/obj/hal.o
                0x08009260                halInit
 .text.macInit  0x080092d0       0x10 build/obj/mac.o
                0x080092d0                macInit
 .text.macObjectInit
                0x080092e0       0x30 build/obj/mac.o
                0x080092e0                macObjectInit
 .text.macStart
                0x08009310       0x80 build/obj/mac.o
                0x08009310                macStart
 .text.macWaitTransmitDescriptor
                0x08009390      0x100 build/obj/mac.o
                0x08009390                macWaitTransmitDescriptor
 .text.macReleaseTransmitDescriptor
                0x08009490       0x30 build/obj/mac.o
                0x08009490                macReleaseTransmitDescriptor
 .text.macWaitReceiveDescriptor
                0x080094c0      0x100 build/obj/mac.o
                0x080094c0                macWaitReceiveDescriptor
 .text.macReleaseReceiveDescriptor
                0x080095c0       0x30 build/obj/mac.o
                0x080095c0                macReleaseReceiveDescriptor
 .text.macPollLinkStatus
                0x080095f0       0x40 build/obj/mac.o
                0x080095f0                macPollLinkStatus
 .text.rtcInit  0x08009630       0x10 build/obj/rtc.o
                0x08009630                rtcInit
 .text.rtcObjectInit
                0x08009640       0x10 build/obj/rtc.o
                0x08009640                rtcObjectInit
 .text.readt    0x08009650       0x10 build/obj/serial.o
 .text.read     0x08009660       0x10 build/obj/serial.o
 .text.writet   0x08009670       0x10 build/obj/serial.o
 .text.write    0x08009680       0x10 build/obj/serial.o
 .text.gett     0x08009690       0x10 build/obj/serial.o
 .text.get      0x080096a0       0x10 build/obj/serial.o
 .text.putt     0x080096b0       0x10 build/obj/serial.o
 .text.put      0x080096c0       0x10 build/obj/serial.o
 .text.sdInit   0x080096d0       0x10 build/obj/serial.o
                0x080096d0                sdInit
 .text.sdObjectInit
                0x080096e0       0x40 build/obj/serial.o
                0x080096e0                sdObjectInit
 .text.sdStart  0x08009720       0x80 build/obj/serial.o
                0x08009720                sdStart
 .text.sdIncomingDataI
                0x080097a0       0x60 build/obj/serial.o
                0x080097a0                sdIncomingDataI
 .text.stInit   0x08009800       0x10 build/obj/st.o
                0x08009800                stInit
 .text.stStartAlarm
                0x08009810       0x40 build/obj/st.o
                0x08009810                stStartAlarm
 .text.stStopAlarm
                0x08009850       0x10 build/obj/st.o
                0x08009850                stStopAlarm
 .text.stSetAlarm
                0x08009860       0x30 build/obj/st.o
                0x08009860                stSetAlarm
 .text.uartInit
                0x08009890       0x10 build/obj/uart.o
                0x08009890                uartInit
 .text.uartObjectInit
                0x080098a0       0x10 build/obj/uart.o
                0x080098a0                uartObjectInit
 .text.nvicEnableVector
                0x080098b0       0x40 build/obj/nvic.o
                0x080098b0                nvicEnableVector
 .text.Vector6C
                0x080098f0       0x40 build/obj/stm32_dma.o
                0x080098f0                Vector6C
 .text.Vector70
                0x08009930       0x40 build/obj/stm32_dma.o
                0x08009930                Vector70
 .text.Vector74
                0x08009970       0x40 build/obj/stm32_dma.o
                0x08009970                Vector74
 .text.Vector78
                0x080099b0       0x40 build/obj/stm32_dma.o
                0x080099b0                Vector78
 .text.Vector7C
                0x080099f0       0x40 build/obj/stm32_dma.o
                0x080099f0                Vector7C
 .text.Vector80
                0x08009a30       0x40 build/obj/stm32_dma.o
                0x08009a30                Vector80
 .text.Vector84
                0x08009a70       0x40 build/obj/stm32_dma.o
                0x08009a70                Vector84
 .text.VectorFC
                0x08009ab0       0x40 build/obj/stm32_dma.o
                0x08009ab0                VectorFC
 .text.Vector120
                0x08009af0       0x40 build/obj/stm32_dma.o
                0x08009af0                Vector120
 .text.Vector124
                0x08009b30       0x40 build/obj/stm32_dma.o
                0x08009b30                Vector124
 .text.Vector128
                0x08009b70       0x40 build/obj/stm32_dma.o
                0x08009b70                Vector128
 .text.Vector12C
                0x08009bb0       0x40 build/obj/stm32_dma.o
                0x08009bb0                Vector12C
 .text.Vector130
                0x08009bf0       0x40 build/obj/stm32_dma.o
                0x08009bf0                Vector130
 .text.Vector150
                0x08009c30       0x40 build/obj/stm32_dma.o
                0x08009c30                Vector150
 .text.Vector154
                0x08009c70       0x40 build/obj/stm32_dma.o
                0x08009c70                Vector154
 .text.Vector158
                0x08009cb0       0x40 build/obj/stm32_dma.o
                0x08009cb0                Vector158
 .text.dmaInit  0x08009cf0       0x50 build/obj/stm32_dma.o
                0x08009cf0                dmaInit
 .text.hal_lld_init
                0x08009d40       0x90 build/obj/hal_lld.o
                0x08009d40                hal_lld_init
 .text.stm32_clock_init
                0x08009dd0       0xd0 build/obj/hal_lld.o
                0x08009dd0                stm32_clock_init
 .text.mac_lld_set_address
                0x08009ea0       0x50 build/obj/mac_lld.o
 .text.chprintf.constprop.2
                0x08009ef0       0x30 build/obj/mac_lld.o
 .text.Vector134
                0x08009f20       0x90 build/obj/mac_lld.o
                0x08009f20                Vector134
 .text.mac_lld_init
                0x08009fb0      0x210 build/obj/mac_lld.o
                0x08009fb0                mac_lld_init
 .text.mac_lld_start
                0x0800a1c0      0x130 build/obj/mac_lld.o
                0x0800a1c0                mac_lld_start
 .text.mac_lld_get_transmit_descriptor
                0x0800a2f0       0xb0 build/obj/mac_lld.o
                0x0800a2f0                mac_lld_get_transmit_descriptor
 .text.mac_lld_release_transmit_descriptor
                0x0800a3a0       0xa0 build/obj/mac_lld.o
                0x0800a3a0                mac_lld_release_transmit_descriptor
 .text.mac_lld_get_receive_descriptor
                0x0800a440       0xd0 build/obj/mac_lld.o
                0x0800a440                mac_lld_get_receive_descriptor
 .text.mac_lld_release_receive_descriptor
                0x0800a510       0xa0 build/obj/mac_lld.o
                0x0800a510                mac_lld_release_receive_descriptor
 .text.mac_lld_poll_link_status
                0x0800a5b0       0xb0 build/obj/mac_lld.o
                0x0800a5b0                mac_lld_poll_link_status
 .text.mac_lld_write_transmit_descriptor
                0x0800a660       0x60 build/obj/mac_lld.o
                0x0800a660                mac_lld_write_transmit_descriptor
 .text.mac_lld_read_receive_descriptor
                0x0800a6c0       0x60 build/obj/mac_lld.o
                0x0800a6c0                mac_lld_read_receive_descriptor
 .text._pal_lld_init
                0x0800a720      0x1d0 build/obj/pal_lld.o
                0x0800a720                _pal_lld_init
 .text.rtc_lld_init
                0x0800a8f0       0x60 build/obj/rtc_lld.o
                0x0800a8f0                rtc_lld_init
 .text.VectorB0
                0x0800a950       0x40 build/obj/st_lld.o
                0x0800a950                VectorB0
 .text.st_lld_init
                0x0800a990       0x40 build/obj/st_lld.o
                0x0800a990                st_lld_init
 .text.notify2  0x0800a9d0       0x10 build/obj/serial_lld.o
 .text.notify6  0x0800a9e0       0x10 build/obj/serial_lld.o
 .text.serve_interrupt
                0x0800a9f0      0x160 build/obj/serial_lld.o
 .text.VectorD8
                0x0800ab50       0x20 build/obj/serial_lld.o
                0x0800ab50                VectorD8
 .text.Vector15C
                0x0800ab70       0x20 build/obj/serial_lld.o
                0x0800ab70                Vector15C
 .text.sd_lld_init
                0x0800ab90       0x40 build/obj/serial_lld.o
                0x0800ab90                sd_lld_init
 .text.sd_lld_start
                0x0800abd0       0xc0 build/obj/serial_lld.o
                0x0800abd0                sd_lld_start
 .text.VectorDC
                0x0800ac90       0xc0 build/obj/uart_lld.o
                0x0800ac90                VectorDC
 .text.uart_lld_init
                0x0800ad50       0x20 build/obj/uart_lld.o
                0x0800ad50                uart_lld_init
 .text.__early_init
                0x0800ad70       0x10 build/obj/board.o
                0x0800ad70                __early_init
 .text.boardInit
                0x0800ad80       0x10 build/obj/board.o
                0x0800ad80                boardInit
 .text.ethernetif_init
                0x0800ad90       0x40 build/obj/lwipthread.o
 .text.low_level_output
                0x0800add0       0x60 build/obj/lwipthread.o
 .text.chprintf.constprop.1
                0x0800ae30       0x30 build/obj/lwipthread.o
 .text.lwip_thread
                0x0800ae60      0x230 build/obj/lwipthread.o
                0x0800ae60                lwip_thread
 .text.sys_init
                0x0800b090       0x10 build/obj/sys_arch.o
                0x0800b090                sys_init
 .text.sys_sem_new
                0x0800b0a0       0x50 build/obj/sys_arch.o
                0x0800b0a0                sys_sem_new
 .text.sys_sem_free
                0x0800b0f0       0x20 build/obj/sys_arch.o
                0x0800b0f0                sys_sem_free
 .text.sys_sem_signal
                0x0800b110       0x10 build/obj/sys_arch.o
                0x0800b110                sys_sem_signal
 .text.sys_arch_sem_wait
                0x0800b120       0x70 build/obj/sys_arch.o
                0x0800b120                sys_arch_sem_wait
 .text.sys_sem_valid
                0x0800b190       0x10 build/obj/sys_arch.o
                0x0800b190                sys_sem_valid
 .text.sys_sem_set_invalid
                0x0800b1a0       0x10 build/obj/sys_arch.o
                0x0800b1a0                sys_sem_set_invalid
 .text.sys_mbox_new
                0x0800b1b0       0x50 build/obj/sys_arch.o
                0x0800b1b0                sys_mbox_new
 .text.sys_mbox_free
                0x0800b200       0x90 build/obj/sys_arch.o
                0x0800b200                sys_mbox_free
 .text.sys_mbox_post
                0x0800b290       0x10 build/obj/sys_arch.o
                0x0800b290                sys_mbox_post
 .text.sys_mbox_trypost
                0x0800b2a0       0x30 build/obj/sys_arch.o
                0x0800b2a0                sys_mbox_trypost
 .text.sys_arch_mbox_fetch
                0x0800b2d0       0x80 build/obj/sys_arch.o
                0x0800b2d0                sys_arch_mbox_fetch
 .text.sys_arch_mbox_tryfetch
                0x0800b350       0x20 build/obj/sys_arch.o
                0x0800b350                sys_arch_mbox_tryfetch
 .text.sys_mbox_valid
                0x0800b370       0x10 build/obj/sys_arch.o
                0x0800b370                sys_mbox_valid
 .text.sys_mbox_set_invalid
                0x0800b380       0x10 build/obj/sys_arch.o
                0x0800b380                sys_mbox_set_invalid
 .text.sys_thread_new
                0x0800b390       0x30 build/obj/sys_arch.o
                0x0800b390                sys_thread_new
 .text.etharp_free_entry
                0x0800b3c0       0x40 build/obj/etharp.o
 .text.chprintf.constprop.1
                0x0800b400       0x30 build/obj/etharp.o
 .text.etharp_send_ip
                0x0800b430       0x70 build/obj/etharp.o
 .text.etharp_find_entry
                0x0800b4a0      0x1a0 build/obj/etharp.o
 .text.etharp_tmr
                0x0800b640       0x50 build/obj/etharp.o
                0x0800b640                etharp_tmr
 .text.etharp_request
                0x0800b690      0x140 build/obj/etharp.o
                0x0800b690                etharp_request
 .text.etharp_output_to_arp_index
                0x0800b7d0       0x90 build/obj/etharp.o
 .text.etharp_query
                0x0800b860      0x170 build/obj/etharp.o
                0x0800b860                etharp_query
 .text.etharp_output
                0x0800b9d0      0x1a0 build/obj/etharp.o
                0x0800b9d0                etharp_output
 .text.ethernet_input
                0x0800bb70      0x290 build/obj/etharp.o
                0x0800bb70                ethernet_input
 .text.lwip_init
                0x0800be00       0x30 build/obj/init.o
                0x0800be00                lwip_init
 .text.chprintf.constprop.0
                0x0800be30       0x30 build/obj/netif.o
 .text.netif_init
                0x0800be60       0x10 build/obj/netif.o
                0x0800be60                netif_init
 .text.netif_set_ipaddr
                0x0800be70       0x70 build/obj/netif.o
                0x0800be70                netif_set_ipaddr
 .text.netif_add
                0x0800bee0       0xa0 build/obj/netif.o
                0x0800bee0                netif_add
 .text.netif_set_default
                0x0800bf80       0x10 build/obj/netif.o
                0x0800bf80                netif_set_default
 .text.netif_set_up
                0x0800bf90       0x30 build/obj/netif.o
                0x0800bf90                netif_set_up
 .text.netif_set_link_up
                0x0800bfc0       0x30 build/obj/netif.o
                0x0800bfc0                netif_set_link_up
 .text.netif_set_link_down
                0x0800bff0       0x20 build/obj/netif.o
                0x0800bff0                netif_set_link_down
 .text.pbuf_free_ooseq_callback
                0x0800c010       0x30 build/obj/pbuf.o
 .text.pbuf_pool_is_empty.part.0
                0x0800c040       0x20 build/obj/pbuf.o
 .text.chprintf.constprop.1
                0x0800c060       0x30 build/obj/pbuf.o
 .text.pbuf_alloced_custom
                0x0800c090       0x90 build/obj/pbuf.o
                0x0800c090                pbuf_alloced_custom
 .text.pbuf_header
                0x0800c120       0xe0 build/obj/pbuf.o
                0x0800c120                pbuf_header
 .text.pbuf_free
                0x0800c200       0xe0 build/obj/pbuf.o
                0x0800c200                pbuf_free
 .text.pbuf_alloc
                0x0800c2e0      0x220 build/obj/pbuf.o
                0x0800c2e0                pbuf_alloc
 .text.pbuf_realloc
                0x0800c500       0xf0 build/obj/pbuf.o
                0x0800c500                pbuf_realloc
 .text.pbuf_clen
                0x0800c5f0       0x20 build/obj/pbuf.o
                0x0800c5f0                pbuf_clen
 .text.pbuf_ref
                0x0800c610       0x10 build/obj/pbuf.o
                0x0800c610                pbuf_ref
 .text.pbuf_cat
                0x0800c620       0xb0 build/obj/pbuf.o
                0x0800c620                pbuf_cat
 .text.pbuf_chain
                0x0800c6d0       0x20 build/obj/pbuf.o
                0x0800c6d0                pbuf_chain
 .text.pbuf_copy
                0x0800c6f0      0x1a0 build/obj/pbuf.o
                0x0800c6f0                pbuf_copy
 .text.pbuf_copy_partial
                0x0800c890       0xc0 build/obj/pbuf.o
                0x0800c890                pbuf_copy_partial
 .text.chprintf.constprop.0
                0x0800c950       0x30 build/obj/stats.o
 .text.stats_init
                0x0800c980       0x10 build/obj/stats.o
                0x0800c980                stats_init
 .text.stats_display_proto
                0x0800c990       0xd0 build/obj/stats.o
                0x0800c990                stats_display_proto
 .text.stats_display_sys
                0x0800ca60       0xa0 build/obj/stats.o
                0x0800ca60                stats_display_sys
 .text.stats_display
                0x0800cb00       0x80 build/obj/stats.o
                0x0800cb00                stats_display
 .text.tcp_accept_null
                0x0800cb80       0x10 build/obj/tcp.o
 .text.tcp_new_port
                0x0800cb90       0x60 build/obj/tcp.o
 .text.chprintf.constprop.4
                0x0800cbf0       0x30 build/obj/tcp.o
 .text.tcp_init
                0x0800cc20       0x10 build/obj/tcp.o
                0x0800cc20                tcp_init
 .text.tcp_bind
                0x0800cc30       0xb0 build/obj/tcp.o
                0x0800cc30                tcp_bind
 .text.tcp_listen_with_backlog
                0x0800cce0       0xe0 build/obj/tcp.o
                0x0800cce0                tcp_listen_with_backlog
 .text.tcp_update_rcv_ann_wnd
                0x0800cdc0       0x80 build/obj/tcp.o
                0x0800cdc0                tcp_update_rcv_ann_wnd
 .text.tcp_recved
                0x0800ce40       0xa0 build/obj/tcp.o
                0x0800ce40                tcp_recved
 .text.tcp_seg_free
                0x0800cee0       0x20 build/obj/tcp.o
                0x0800cee0                tcp_seg_free
 .text.tcp_segs_free
                0x0800cf00       0x20 build/obj/tcp.o
                0x0800cf00                tcp_segs_free
 .text.tcp_seg_copy
                0x0800cf20       0x30 build/obj/tcp.o
                0x0800cf20                tcp_seg_copy
 .text.tcp_arg  0x0800cf50       0x10 build/obj/tcp.o
                0x0800cf50                tcp_arg
 .text.tcp_recv
                0x0800cf60       0x50 build/obj/tcp.o
                0x0800cf60                tcp_recv
 .text.tcp_sent
                0x0800cfb0       0x50 build/obj/tcp.o
                0x0800cfb0                tcp_sent
 .text.tcp_err  0x0800d000       0x50 build/obj/tcp.o
                0x0800d000                tcp_err
 .text.tcp_accept
                0x0800d050       0x10 build/obj/tcp.o
                0x0800d050                tcp_accept
 .text.tcp_poll
                0x0800d060       0x50 build/obj/tcp.o
                0x0800d060                tcp_poll
 .text.tcp_pcb_purge
                0x0800d0b0       0x70 build/obj/tcp.o
                0x0800d0b0                tcp_pcb_purge
 .text.tcp_slowtmr
                0x0800d120      0x4b0 build/obj/tcp.o
                0x0800d120                tcp_slowtmr
 .text.tcp_pcb_remove
                0x0800d5d0       0xe0 build/obj/tcp.o
                0x0800d5d0                tcp_pcb_remove
 .text.tcp_close_shutdown
                0x0800d6b0      0x190 build/obj/tcp.o
 .text.tcp_close
                0x0800d840       0x20 build/obj/tcp.o
                0x0800d840                tcp_close
 .text.tcp_recv_null
                0x0800d860       0x30 build/obj/tcp.o
                0x0800d860                tcp_recv_null
 .text.tcp_process_refused_data
                0x0800d890       0x70 build/obj/tcp.o
                0x0800d890                tcp_process_refused_data
 .text.tcp_fasttmr
                0x0800d900       0x70 build/obj/tcp.o
                0x0800d900                tcp_fasttmr
 .text.tcp_tmr  0x0800d970       0x30 build/obj/tcp.o
                0x0800d970                tcp_tmr
 .text.tcp_shutdown
                0x0800d9a0       0x60 build/obj/tcp.o
                0x0800d9a0                tcp_shutdown
 .text.tcp_abandon
                0x0800da00       0xf0 build/obj/tcp.o
                0x0800da00                tcp_abandon
 .text.tcp_abort
                0x0800daf0       0x10 build/obj/tcp.o
                0x0800daf0                tcp_abort
 .text.tcp_alloc
                0x0800db00      0x140 build/obj/tcp.o
                0x0800db00                tcp_alloc
 .text.tcp_new  0x0800dc40       0x10 build/obj/tcp.o
                0x0800dc40                tcp_new
 .text.tcp_eff_send_mss
                0x0800dc50       0x20 build/obj/tcp.o
                0x0800dc50                tcp_eff_send_mss
 .text.tcp_oos_insert_segment
                0x0800dc70       0xc0 build/obj/tcp_in.o
 .text.tcp_parseopt.isra.0
                0x0800dd30       0x90 build/obj/tcp_in.o
 .text.chprintf.constprop.1
                0x0800ddc0       0x30 build/obj/tcp_in.o
 .text.tcp_receive
                0x0800ddf0      0xb50 build/obj/tcp_in.o
 .text.tcp_input
                0x0800e940      0xb30 build/obj/tcp_in.o
                0x0800e940                tcp_input
 .text.tcp_create_segment.isra.0
                0x0800f470       0xe0 build/obj/tcp_out.o
 .text.chprintf.constprop.2
                0x0800f550       0x30 build/obj/tcp_out.o
 .text.tcp_output_alloc_header.constprop.1
                0x0800f580       0x90 build/obj/tcp_out.o
 .text.tcp_pbuf_prealloc
                0x0800f610       0x90 build/obj/tcp_out.o
 .text.tcp_write
                0x0800f6a0      0x670 build/obj/tcp_out.o
                0x0800f6a0                tcp_write
 .text.tcp_enqueue_flags
                0x0800fd10      0x1d0 build/obj/tcp_out.o
                0x0800fd10                tcp_enqueue_flags
 .text.tcp_send_fin
                0x0800fee0       0x50 build/obj/tcp_out.o
                0x0800fee0                tcp_send_fin
 .text.tcp_send_empty_ack
                0x0800ff30       0x60 build/obj/tcp_out.o
                0x0800ff30                tcp_send_empty_ack
 .text.tcp_output
                0x0800ff90      0x340 build/obj/tcp_out.o
                0x0800ff90                tcp_output
 .text.tcp_rst  0x080102d0       0xe0 build/obj/tcp_out.o
                0x080102d0                tcp_rst
 .text.tcp_rexmit_rto
                0x080103b0       0x30 build/obj/tcp_out.o
                0x080103b0                tcp_rexmit_rto
 .text.tcp_rexmit
                0x080103e0       0x60 build/obj/tcp_out.o
                0x080103e0                tcp_rexmit
 .text.tcp_rexmit_fast
                0x08010440       0x50 build/obj/tcp_out.o
                0x08010440                tcp_rexmit_fast
 .text.tcp_keepalive
                0x08010490       0x70 build/obj/tcp_out.o
                0x08010490                tcp_keepalive
 .text.tcp_zero_window_probe
                0x08010500       0xc0 build/obj/tcp_out.o
                0x08010500                tcp_zero_window_probe
 .text.chprintf.constprop.1
                0x080105c0       0x30 build/obj/udp.o
 .text.udp_init
                0x080105f0       0x10 build/obj/udp.o
                0x080105f0                udp_init
 .text.udp_input
                0x08010600      0x220 build/obj/udp.o
                0x08010600                udp_input
 .text.udp_bind
                0x08010820      0x100 build/obj/udp.o
                0x08010820                udp_bind
 .text.udp_sendto_if
                0x08010920      0x130 build/obj/udp.o
                0x08010920                udp_sendto_if
 .text.udp_sendto
                0x08010a50       0x40 build/obj/udp.o
                0x08010a50                udp_sendto
 .text.udp_send
                0x08010a90       0x10 build/obj/udp.o
                0x08010a90                udp_send
 .text.udp_recv
                0x08010aa0       0x10 build/obj/udp.o
                0x08010aa0                udp_recv
 .text.udp_remove
                0x08010ab0       0x40 build/obj/udp.o
                0x08010ab0                udp_remove
 .text.udp_new  0x08010af0       0x40 build/obj/udp.o
                0x08010af0                udp_new
 .text.chprintf.constprop.1
                0x08010b30       0x30 build/obj/icmp.o
 .text.icmp_send_response.isra.0
                0x08010b60       0xe0 build/obj/icmp.o
 .text.icmp_input
                0x08010c40      0x280 build/obj/icmp.o
                0x08010c40                icmp_input
 .text.icmp_dest_unreach
                0x08010ec0       0x10 build/obj/icmp.o
                0x08010ec0                icmp_dest_unreach
 .text.icmp_time_exceeded
                0x08010ed0       0x10 build/obj/icmp.o
                0x08010ed0                icmp_time_exceeded
 .text.lwip_standard_chksum
                0x08010ee0       0x80 build/obj/inet_chksum.o
 .text.inet_chksum_pseudo
                0x08010f60       0x90 build/obj/inet_chksum.o
                0x08010f60                inet_chksum_pseudo
 .text.inet_chksum
                0x08010ff0       0x10 build/obj/inet_chksum.o
                0x08010ff0                inet_chksum
 .text.inet_chksum_pbuf
                0x08011000       0x50 build/obj/inet_chksum.o
                0x08011000                inet_chksum_pbuf
 .text.chprintf.constprop.1
                0x08011050       0x30 build/obj/ip.o
 .text.ip_route
                0x08011080       0x60 build/obj/ip.o
                0x08011080                ip_route
 .text.ip_input
                0x080110e0      0x210 build/obj/ip.o
                0x080110e0                ip_input
 .text.ip_output_if
                0x080112f0      0x170 build/obj/ip.o
                0x080112f0                ip_output_if
 .text.ip_output
                0x08011460       0x80 build/obj/ip.o
                0x08011460                ip_output
 .text.ip4_addr_isbroadcast
                0x080114e0       0x40 build/obj/ip_addr.o
                0x080114e0                ip4_addr_isbroadcast
 .text.chprintf.constprop.0
                0x08011520       0x30 build/obj/ip_frag.o
 .text.ip_frag_free_pbuf_custom_ref
                0x08011550       0x50 build/obj/ip_frag.o
 .text.ipfrag_free_pbuf_custom
                0x080115a0       0x50 build/obj/ip_frag.o
 .text.ip_reass_dequeue_datagram
                0x080115f0       0x60 build/obj/ip_frag.o
 .text.ip_reass_free_complete_datagram
                0x08011650      0x130 build/obj/ip_frag.o
 .text.ip_reass_remove_oldest_datagram
                0x08011780       0x80 build/obj/ip_frag.o
 .text.ip_reass_tmr
                0x08011800       0x30 build/obj/ip_frag.o
                0x08011800                ip_reass_tmr
 .text.ip_reass
                0x08011830      0x440 build/obj/ip_frag.o
                0x08011830                ip_reass
 .text.ip_frag  0x08011c70      0x200 build/obj/ip_frag.o
                0x08011c70                ip_frag
 .text.lwip_htons
                0x08011e70       0x10 build/obj/def.o
                0x08011e70                lwip_htons
 .text.lwip_ntohs
                0x08011e80       0x10 build/obj/def.o
                0x08011e80                lwip_ntohs
 .text.lwip_htonl
                0x08011e90       0x10 build/obj/def.o
                0x08011e90                lwip_htonl
 .text.lwip_ntohl
                0x08011ea0       0x10 build/obj/def.o
                0x08011ea0                lwip_ntohl
 .text.chprintf.constprop.0
                0x08011eb0       0x30 build/obj/timers.o
 .text.sys_timeout
                0x08011ee0       0xa0 build/obj/timers.o
                0x08011ee0                sys_timeout
 .text.tcp_timer_needed
                0x08011f80       0x40 build/obj/timers.o
                0x08011f80                tcp_timer_needed
 .text.tcpip_tcp_timer
                0x08011fc0       0x40 build/obj/timers.o
 .text.sys_timeouts_init
                0x08012000       0x30 build/obj/timers.o
                0x08012000                sys_timeouts_init
 .text.arp_timer
                0x08012030       0x20 build/obj/timers.o
 .text.ip_reass_timer
                0x08012050       0x20 build/obj/timers.o
 .text.sys_untimeout
                0x08012070       0x50 build/obj/timers.o
                0x08012070                sys_untimeout
 .text.sys_timeouts_mbox_fetch
                0x080120c0       0x60 build/obj/timers.o
                0x080120c0                sys_timeouts_mbox_fetch
 .text.chprintf.constprop.2
                0x08012120       0x30 build/obj/api_lib.o
 .text.netconn_recv_data
                0x08012150      0x150 build/obj/api_lib.o
 .text.netconn_new_with_proto_and_callback
                0x080122a0       0xe0 build/obj/api_lib.o
                0x080122a0                netconn_new_with_proto_and_callback
 .text.netconn_delete
                0x08012380       0x30 build/obj/api_lib.o
                0x08012380                netconn_delete
 .text.netconn_getaddr
                0x080123b0       0xa0 build/obj/api_lib.o
                0x080123b0                netconn_getaddr
 .text.netconn_bind
                0x08012450       0x60 build/obj/api_lib.o
                0x08012450                netconn_bind
 .text.netconn_listen_with_backlog
                0x080124b0       0x60 build/obj/api_lib.o
                0x080124b0                netconn_listen_with_backlog
 .text.netconn_accept
                0x08012510       0xd0 build/obj/api_lib.o
                0x08012510                netconn_accept
 .text.netconn_recv_tcp_pbuf
                0x080125e0       0x50 build/obj/api_lib.o
                0x080125e0                netconn_recv_tcp_pbuf
 .text.netconn_recv
                0x08012630      0x110 build/obj/api_lib.o
                0x08012630                netconn_recv
 .text.netconn_recved
                0x08012740       0x30 build/obj/api_lib.o
                0x08012740                netconn_recved
 .text.netconn_send
                0x08012770       0x60 build/obj/api_lib.o
                0x08012770                netconn_send
 .text.netconn_write_partly
                0x080127d0       0xe0 build/obj/api_lib.o
                0x080127d0                netconn_write_partly
 .text.setup_tcp
                0x080128b0       0x50 build/obj/api_msg.o
 .text.chprintf.constprop.2
                0x08012900       0x30 build/obj/api_msg.o
 .text.recv_tcp
                0x08012930       0xf0 build/obj/api_msg.o
 .text.do_close_internal
                0x08012a20      0x210 build/obj/api_msg.o
 .text.do_writemore
                0x08012c30      0x200 build/obj/api_msg.o
 .text.poll_tcp
                0x08012e30       0x90 build/obj/api_msg.o
 .text.sent_tcp
                0x08012ec0       0x80 build/obj/api_msg.o
 .text.err_tcp  0x08012f40      0x110 build/obj/api_msg.o
 .text.recv_udp
                0x08013050       0xf0 build/obj/api_msg.o
 .text.do_newconn
                0x08013140       0x80 build/obj/api_msg.o
                0x08013140                do_newconn
 .text.netconn_alloc
                0x080131c0       0xb0 build/obj/api_msg.o
                0x080131c0                netconn_alloc
 .text.netconn_free
                0x08013270       0xa0 build/obj/api_msg.o
                0x08013270                netconn_free
 .text.netconn_drain
                0x08013310       0xe0 build/obj/api_msg.o
 .text.accept_function
                0x080133f0       0xa0 build/obj/api_msg.o
 .text.do_delconn
                0x08013490      0x130 build/obj/api_msg.o
                0x08013490                do_delconn
 .text.do_bind  0x080135c0       0x70 build/obj/api_msg.o
                0x080135c0                do_bind
 .text.do_listen
                0x08013630       0xc0 build/obj/api_msg.o
                0x08013630                do_listen
 .text.do_send  0x080136f0       0x70 build/obj/api_msg.o
                0x080136f0                do_send
 .text.do_recv  0x08013760       0x50 build/obj/api_msg.o
                0x08013760                do_recv
 .text.do_write
                0x080137b0       0xb0 build/obj/api_msg.o
                0x080137b0                do_write
 .text.do_getaddr
                0x08013860       0xd0 build/obj/api_msg.o
                0x08013860                do_getaddr
 .text.lwip_strerr
                0x08013930       0x10 build/obj/err.o
                0x08013930                lwip_strerr
 .text.chprintf.constprop.0
                0x08013940       0x30 build/obj/netbuf.o
 .text.netbuf_delete
                0x08013970       0x20 build/obj/netbuf.o
                0x08013970                netbuf_delete
 .text.netbuf_free
                0x08013990       0x50 build/obj/netbuf.o
                0x08013990                netbuf_free
 .text.netbuf_ref
                0x080139e0       0x70 build/obj/netbuf.o
                0x080139e0                netbuf_ref
 .text.alloc_socket
                0x08013a50       0x60 build/obj/sockets.o
 .text.chprintf.constprop.1
                0x08013ab0       0x30 build/obj/sockets.o
 .text.lwip_setsockopt_internal
                0x08013ae0      0x1e0 build/obj/sockets.o
 .text.get_socket
                0x08013cc0       0x50 build/obj/sockets.o
 .text.event_callback
                0x08013d10      0x110 build/obj/sockets.o
 .text.lwip_socket_init
                0x08013e20       0x10 build/obj/sockets.o
                0x08013e20                lwip_socket_init
 .text.lwip_accept
                0x08013e30      0x250 build/obj/sockets.o
                0x08013e30                lwip_accept
 .text.lwip_bind
                0x08014080      0x100 build/obj/sockets.o
                0x08014080                lwip_bind
 .text.lwip_close
                0x08014180       0xa0 build/obj/sockets.o
                0x08014180                lwip_close
 .text.lwip_listen
                0x08014220       0x80 build/obj/sockets.o
                0x08014220                lwip_listen
 .text.lwip_recvfrom
                0x080142a0      0x3b0 build/obj/sockets.o
                0x080142a0                lwip_recvfrom
 .text.lwip_recv
                0x08014650       0x20 build/obj/sockets.o
                0x08014650                lwip_recv
 .text.lwip_sendto
                0x08014670      0x170 build/obj/sockets.o
                0x08014670                lwip_sendto
 .text.lwip_send
                0x080147e0       0xc0 build/obj/sockets.o
                0x080147e0                lwip_send
 .text.lwip_socket
                0x080148a0      0x110 build/obj/sockets.o
                0x080148a0                lwip_socket
 .text.lwip_setsockopt
                0x080149b0      0x140 build/obj/sockets.o
                0x080149b0                lwip_setsockopt
 .text.chprintf.constprop.0
                0x08014af0       0x30 build/obj/tcpip.o
 .text.tcpip_thread
                0x08014b20       0xc0 build/obj/tcpip.o
 .text.tcpip_input
                0x08014be0       0x50 build/obj/tcpip.o
                0x08014be0                tcpip_input
 .text.tcpip_callback_with_block
                0x08014c30       0x60 build/obj/tcpip.o
                0x08014c30                tcpip_callback_with_block
 .text.tcpip_apimsg
                0x08014c90       0x40 build/obj/tcpip.o
                0x08014c90                tcpip_apimsg
 .text.tcpip_init
                0x08014cd0       0x70 build/obj/tcpip.o
                0x08014cd0                tcpip_init
 .text.MediaTypesFindByExt
                0x08014d40       0x30 build/obj/mediatypes.o
                0x08014d40                MediaTypesFindByExt
 .text.GetMediaTypeEntry
                0x08014d70       0x40 build/obj/mediatypes.o
                0x08014d70                GetMediaTypeEntry
 .text.MediaTypeHandlerBinary
                0x08014db0       0xa0 build/obj/mediatypes.o
                0x08014db0                MediaTypeHandlerBinary
 .text.MediaTypeHandlerText
                0x08014e50       0x10 build/obj/mediatypes.o
                0x08014e50                MediaTypeHandlerText
 .text.HttpAuthValidateAll
                0x08014e60       0x10 build/obj/uhttpd.o
 .text.HttpLocationRedirNone
                0x08014e70       0x10 build/obj/uhttpd.o
 .text.HttpArgReadNext
                0x08014e80       0x90 build/obj/uhttpd.o
                0x08014e80                HttpArgReadNext
 .text.CgiPostForm
                0x08014f10       0xd0 build/obj/uhttpd.o
 .text.HttpParseHeader
                0x08014fe0      0x220 build/obj/uhttpd.o
                0x08014fe0                HttpParseHeader
 .text.HttpdClientHandler
                0x08015200      0x110 build/obj/uhttpd.o
                0x08015200                HttpdClientHandler
 .text.HttpTask
                0x08015310       0x60 build/obj/uhttpd.o
                0x08015310                HttpTask
 .text.DecodeHex
                0x08015370       0x30 build/obj/utils.o
 .text.HttpUrlUnescape
                0x080153a0       0x80 build/obj/utils.o
                0x080153a0                HttpUrlUnescape
 .text.UriUnescape
                0x08015420       0xb0 build/obj/utils.o
                0x08015420                UriUnescape
 .text.AllocConcatStrings
                0x080154d0       0x70 build/obj/utils.o
                0x080154d0                AllocConcatStrings
 .text.MediaTypeInitDefaults
                0x08015540       0x50 build/obj/mtinit.o
                0x08015540                MediaTypeInitDefaults
 .text.HttpResponseText
                0x08015590       0x50 build/obj/responses.o
                0x08015590                HttpResponseText
 .text.HttpSendHeaderTop
                0x080155e0       0x30 build/obj/responses.o
                0x080155e0                HttpSendHeaderTop
 .text.HttpSendHeaderBottom
                0x08015610       0x70 build/obj/responses.o
                0x08015610                HttpSendHeaderBottom
 .text.HttpSendError
                0x08015680       0x70 build/obj/responses.o
                0x08015680                HttpSendError
 .text.HttpSendRedirection
                0x080156f0       0xd0 build/obj/responses.o
                0x080156f0                HttpSendRedirection
 .text._open    0x080157c0       0x90 build/obj/io.o
                0x080157c0                _open
 .text._close   0x08015850       0x10 build/obj/io.o
                0x08015850                _close
 .text._read    0x08015860       0x30 build/obj/io.o
                0x08015860                _read
 .text.fstat    0x08015890       0x10 build/obj/io.o
                0x08015890                fstat
 .text.HttpRegisterCgiFunction
                0x080158a0      0x100 build/obj/mod_cgi_func.o
                0x080158a0                HttpRegisterCgiFunction
 .text.HttpLocationLookup
                0x080159a0       0x30 build/obj/mod_redir.o
                0x080159a0                HttpLocationLookup
 .text.HttpLocationRedir
                0x080159d0       0x30 build/obj/mod_redir.o
                0x080159d0                HttpLocationRedir
 .text.HttpRegisterRedir
                0x08015a00       0xe0 build/obj/mod_redir.o
                0x08015a00                HttpRegisterRedir
 .text.StreamInit
                0x08015ae0       0x10 build/obj/streamio.o
                0x08015ae0                StreamInit
 .text.StreamClientThread
                0x08015af0       0x30 build/obj/streamio.o
                0x08015af0                StreamClientThread
 .text.StreamClientAccept
                0x08015b20      0x110 build/obj/streamio.o
                0x08015b20                StreamClientAccept
 .text.StreamReadUntilChars
                0x08015c30       0xc0 build/obj/streamio.o
                0x08015c30                StreamReadUntilChars
 .text.s_write  0x08015cf0       0x10 build/obj/streamio.o
                0x08015cf0                s_write
 .text.s_puts   0x08015d00       0x20 build/obj/streamio.o
                0x08015d00                s_puts
 .text.s_vputs  0x08015d20       0x90 build/obj/streamio.o
                0x08015d20                s_vputs
 .text.s_printf
                0x08015db0       0x50 build/obj/streamio.o
                0x08015db0                s_printf
 .text.s_flush  0x08015e00       0x10 build/obj/streamio.o
                0x08015e00                s_flush
 .text.tmrcb    0x08015e10       0x40 build/obj/evtimer.o
 .text.evtObjectInit
                0x08015e50       0x10 build/obj/evtimer.o
                0x08015e50                evtObjectInit
 .text.evtStart
                0x08015e60       0x70 build/obj/evtimer.o
                0x08015e60                evtStart
 .text.chprintf.constprop.0
                0x08015ed0       0x30 build/obj/syscalls.o
 .text._read_r  0x08015f00       0x50 build/obj/syscalls.o
                0x08015f00                _read_r
 .text._lseek_r
                0x08015f50       0x10 build/obj/syscalls.o
                0x08015f50                _lseek_r
 .text._write_r
                0x08015f60       0x40 build/obj/syscalls.o
                0x08015f60                _write_r
 .text._close_r
                0x08015fa0       0x10 build/obj/syscalls.o
                0x08015fa0                _close_r
 .text._sbrk_r  0x08015fb0       0x30 build/obj/syscalls.o
                0x08015fb0                _sbrk_r
 .text._fstat_r
                0x08015fe0       0x20 build/obj/syscalls.o
                0x08015fe0                _fstat_r
 .text._isatty_r
                0x08016000       0x10 build/obj/syscalls.o
                0x08016000                _isatty_r
 .text.long_to_string_with_divisor.constprop.0
                0x08016010       0x50 build/obj/chprintf.o
 .text.chvprintf
                0x08016060      0x310 build/obj/chprintf.o
                0x08016060                chvprintf
 .text.get      0x08016370       0x10 build/obj/ITM_trace.o
 .text.reads    0x08016380       0x10 build/obj/ITM_trace.o
 .text.put      0x08016390       0x10 build/obj/ITM_trace.o
 .text.writes   0x080163a0       0x20 build/obj/ITM_trace.o
 .text.itmObjectInit
                0x080163c0       0x10 build/obj/ITM_trace.o
                0x080163c0                itmObjectInit
 .text.Thread1  0x080163d0       0x40 build/obj/main.o
 .text.chprintf.constprop.3
                0x08016410       0x30 build/obj/main.o
 .text.Debug_ITMDebugEnable
                0x08016440       0x40 build/obj/main.o
                0x08016440                Debug_ITMDebugEnable
 .text.Debug_ITMDebugOutputChar
                0x08016480       0x30 build/obj/main.o
                0x08016480                Debug_ITMDebugOutputChar
 .text.atoi     0x080164b0        0x8 c:/program files/gnu tools arm embedded/4.9 2014q4/bin/../lib/gcc/arm-none-eabi/4.9.3/../../../../arm-none-eabi/lib/armv7e-m\libg.a(lib_a-atoi.o)
                0x080164b0                atoi
 *fill*         0x080164b8        0x8 
 .text.atol     0x080164c0        0x8 c:/program files/gnu tools arm embedded/4.9 2014q4/bin/../lib/gcc/arm-none-eabi/4.9.3/../../../../arm-none-eabi/lib/armv7e-m\libg.a(lib_a-atol.o)
                0x080164c0                atol
 *fill*         0x080164c8        0x8 
 .text.calloc   0x080164d0       0x10 c:/program files/gnu tools arm embedded/4.9 2014q4/bin/../lib/gcc/arm-none-eabi/4.9.3/../../../../arm-none-eabi/lib/armv7e-m\libg.a(lib_a-calloc.o)
                0x080164d0                calloc
 .text._calloc_r
                0x080164e0       0x60 c:/program files/gnu tools arm embedded/4.9 2014q4/bin/../lib/gcc/arm-none-eabi/4.9.3/../../../../arm-none-eabi/lib/armv7e-m\libg.a(lib_a-callocr.o)
                0x080164e0                _calloc_r
 .text.__errno  0x08016540        0xc c:/program files/gnu tools arm embedded/4.9 2014q4/bin/../lib/gcc/arm-none-eabi/4.9.3/../../../../arm-none-eabi/lib/armv7e-m\libg.a(lib_a-errno.o)
                0x08016540                __errno
 *fill*         0x0801654c        0x4 
 .text._fclose_r
                0x08016550       0x84 c:/program files/gnu tools arm embedded/4.9 2014q4/bin/../lib/gcc/arm-none-eabi/4.9.3/../../../../arm-none-eabi/lib/armv7e-m\libg.a(lib_a-fclose.o)
                0x08016550                _fclose_r
 *fill*         0x080165d4        0xc 
 .text.__sflush_r
                0x080165e0      0x154 c:/program files/gnu tools arm embedded/4.9 2014q4/bin/../lib/gcc/arm-none-eabi/4.9.3/../../../../arm-none-eabi/lib/armv7e-m\libg.a(lib_a-fflush.o)
                0x080165e0                __sflush_r
 *fill*         0x08016734        0xc 
 .text._fflush_r
                0x08016740       0x2c c:/program files/gnu tools arm embedded/4.9 2014q4/bin/../lib/gcc/arm-none-eabi/4.9.3/../../../../arm-none-eabi/lib/armv7e-m\libg.a(lib_a-fflush.o)
                0x08016740                _fflush_r
 *fill*         0x0801676c        0x4 
 .text._cleanup_r
                0x08016770        0xc c:/program files/gnu tools arm embedded/4.9 2014q4/bin/../lib/gcc/arm-none-eabi/4.9.3/../../../../arm-none-eabi/lib/armv7e-m\libg.a(lib_a-findfp.o)
                0x08016770                _cleanup_r
 *fill*         0x0801677c        0x4 
 .text.__sinit.part.1
                0x08016780       0xf0 c:/program files/gnu tools arm embedded/4.9 2014q4/bin/../lib/gcc/arm-none-eabi/4.9.3/../../../../arm-none-eabi/lib/armv7e-m\libg.a(lib_a-findfp.o)
 .text.__sinit  0x08016870        0xc c:/program files/gnu tools arm embedded/4.9 2014q4/bin/../lib/gcc/arm-none-eabi/4.9.3/../../../../arm-none-eabi/lib/armv7e-m\libg.a(lib_a-findfp.o)
                0x08016870                __sinit
 *fill*         0x0801687c        0x4 
 .text.__sfp_lock_acquire
                0x08016880        0x4 c:/program files/gnu tools arm embedded/4.9 2014q4/bin/../lib/gcc/arm-none-eabi/4.9.3/../../../../arm-none-eabi/lib/armv7e-m\libg.a(lib_a-findfp.o)
                0x08016880                __sfp_lock_acquire
 *fill*         0x08016884        0xc 
 .text.__sfp_lock_release
                0x08016890        0x4 c:/program files/gnu tools arm embedded/4.9 2014q4/bin/../lib/gcc/arm-none-eabi/4.9.3/../../../../arm-none-eabi/lib/armv7e-m\libg.a(lib_a-findfp.o)
                0x08016890                __sfp_lock_release
 *fill*         0x08016894        0xc 
 .text._malloc_trim_r
                0x080168a0       0x9c c:/program files/gnu tools arm embedded/4.9 2014q4/bin/../lib/gcc/arm-none-eabi/4.9.3/../../../../arm-none-eabi/lib/armv7e-m\libg.a(lib_a-freer.o)
                0x080168a0                _malloc_trim_r
 *fill*         0x0801693c        0x4 
 .text._free_r  0x08016940      0x1b0 c:/program files/gnu tools arm embedded/4.9 2014q4/bin/../lib/gcc/arm-none-eabi/4.9.3/../../../../arm-none-eabi/lib/armv7e-m\libg.a(lib_a-freer.o)
                0x08016940                _free_r
 .text._fwalk_reent
                0x08016af0       0x54 c:/program files/gnu tools arm embedded/4.9 2014q4/bin/../lib/gcc/arm-none-eabi/4.9.3/../../../../arm-none-eabi/lib/armv7e-m\libg.a(lib_a-fwalk.o)
                0x08016af0                _fwalk_reent
 *fill*         0x08016b44        0xc 
 .text.__smakebuf_r
                0x08016b50       0xe0 c:/program files/gnu tools arm embedded/4.9 2014q4/bin/../lib/gcc/arm-none-eabi/4.9.3/../../../../arm-none-eabi/lib/armv7e-m\libg.a(lib_a-makebuf.o)
                0x08016b50                __smakebuf_r
 .text.malloc   0x08016c30       0x10 c:/program files/gnu tools arm embedded/4.9 2014q4/bin/../lib/gcc/arm-none-eabi/4.9.3/../../../../arm-none-eabi/lib/armv7e-m\libg.a(lib_a-malloc.o)
                0x08016c30                malloc
 .text.free     0x08016c40       0x10 c:/program files/gnu tools arm embedded/4.9 2014q4/bin/../lib/gcc/arm-none-eabi/4.9.3/../../../../arm-none-eabi/lib/armv7e-m\libg.a(lib_a-malloc.o)
                0x08016c40                free
 .text._malloc_r
                0x08016c50      0x51c c:/program files/gnu tools arm embedded/4.9 2014q4/bin/../lib/gcc/arm-none-eabi/4.9.3/../../../../arm-none-eabi/lib/armv7e-m\libg.a(lib_a-mallocr.o)
                0x08016c50                _malloc_r
 *fill*         0x0801716c        0x4 
 .text.memchr   0x08017170       0x94 c:/program files/gnu tools arm embedded/4.9 2014q4/bin/../lib/gcc/arm-none-eabi/4.9.3/../../../../arm-none-eabi/lib/armv7e-m\libg.a(lib_a-memchr.o)
                0x08017170                memchr
 *fill*         0x08017204        0xc 
 .text.memcmp   0x08017210       0x64 c:/program files/gnu tools arm embedded/4.9 2014q4/bin/../lib/gcc/arm-none-eabi/4.9.3/../../../../arm-none-eabi/lib/armv7e-m\libg.a(lib_a-memcmp.o)
                0x08017210                memcmp
 *fill*         0x08017274        0xc 
 .text.memmove  0x08017280       0xc8 c:/program files/gnu tools arm embedded/4.9 2014q4/bin/../lib/gcc/arm-none-eabi/4.9.3/../../../../arm-none-eabi/lib/armv7e-m\libg.a(lib_a-memmove.o)
                0x08017280                memmove
 *fill*         0x08017348        0x8 
 .text.memset   0x08017350       0x9c c:/program files/gnu tools arm embedded/4.9 2014q4/bin/../lib/gcc/arm-none-eabi/4.9.3/../../../../arm-none-eabi/lib/armv7e-m\libg.a(lib_a-memset.o)
                0x08017350                memset
 *fill*         0x080173ec        0x4 
 .text.__malloc_lock
                0x080173f0        0x4 c:/program files/gnu tools arm embedded/4.9 2014q4/bin/../lib/gcc/arm-none-eabi/4.9.3/../../../../arm-none-eabi/lib/armv7e-m\libg.a(lib_a-mlock.o)
                0x080173f0                __malloc_lock
 *fill*         0x080173f4        0xc 
 .text.__malloc_unlock
                0x08017400        0x4 c:/program files/gnu tools arm embedded/4.9 2014q4/bin/../lib/gcc/arm-none-eabi/4.9.3/../../../../arm-none-eabi/lib/armv7e-m\libg.a(lib_a-mlock.o)
                0x08017400                __malloc_unlock
 *fill*         0x08017404        0xc 
 .text._puts_r  0x08017410       0x5c c:/program files/gnu tools arm embedded/4.9 2014q4/bin/../lib/gcc/arm-none-eabi/4.9.3/../../../../arm-none-eabi/lib/armv7e-m\libg.a(lib_a-puts.o)
                0x08017410                _puts_r
 *fill*         0x0801746c        0x4 
 .text.puts     0x08017470       0x10 c:/program files/gnu tools arm embedded/4.9 2014q4/bin/../lib/gcc/arm-none-eabi/4.9.3/../../../../arm-none-eabi/lib/armv7e-m\libg.a(lib_a-puts.o)
                0x08017470                puts
 .text.__sread  0x08017480       0x24 c:/program files/gnu tools arm embedded/4.9 2014q4/bin/../lib/gcc/arm-none-eabi/4.9.3/../../../../arm-none-eabi/lib/armv7e-m\libg.a(lib_a-stdio.o)